cargo :     Checking fortress-core v1.0.5 (C:\Users\fese\vault\crates\fortress-core)
At line:1 char:1
+ cargo check --tests --package fortress-core --color=never 2>&1 | Out- ...
+ ~~~~~~~~~~~~~~~~~~~~~~~~~~~~~~~~~~~~~~~~~~~~~~~~~~~~~~~~~~~~~~
    + CategoryInfo          : NotSpecified: (    Checking fo...\fortress-core):String) [], RemoteException
    + FullyQualifiedErrorId : NativeCommandError
 
warning: unused import: `Duration`
  --> crates\fortress-core\src\cache_manager.rs:21:29
   |
21 | use chrono::{DateTime, Utc, Duration};
   |                             ^^^^^^^^
   |
   = note: `#[warn(unused_imports)]` on by default

warning: unused import: `crate::auth::Role`
  --> crates\fortress-core\src\policy.rs:68:5
   |
68 | use crate::auth::Role;
   |     ^^^^^^^^^^^^^^^^^

warning: unused import: `crate::aes256gcm_wrapper::Aes256GcmWrapper`
  --> crates\fortress-core\src\hsm.rs:11:5
   |
11 | use crate::aes256gcm_wrapper::Aes256GcmWrapper;
   |     ^^^^^^^^^^^^^^^^^^^^^^^^^^^^^^^^^^^^^^^^^^

warning: unused import: `BackupConfig`
  --> crates\fortress-core\src\cross_region_replication.rs:13:20
   |
13 |     BackupManager, BackupConfig, CrossRegionConfig, ReplicationStrategy, 
   |                    ^^^^^^^^^^^^

warning: unused import: `crate::mpc_party::InMemoryMpcParty`
  --> crates\fortress-core\src\mpc_manager.rs:21:5
   |
21 | use crate::mpc_party::InMemoryMpcParty;
   |     ^^^^^^^^^^^^^^^^^^^^^^^^^^^^^^^^^^

warning: unused import: `crate::profile_operation`
  --> crates\fortress-core\src\performance_monitor.rs:15:5
   |
15 | use crate::profile_operation;
   |     ^^^^^^^^^^^^^^^^^^^^^^^^

warning: unused imports: `ImplementationComplexity` and `RecommendationPriority`
  --> crates\fortress-core\src\auto_tuning.rs:13:126
   |
13 | ... TuningRecommendation, RecommendationType, ImplementationComplexity, RecommendationPriority};
   |                                               ^^^^^^^^^^^^^^^^^^^^^^^^  ^^^^^^^^^^^^^^^^^^^^^^

warning: unused import: `uuid::Uuid`
  --> crates\fortress-core\src\push_pull_operations.rs:27:5
   |
27 | use uuid::Uuid;
   |     ^^^^^^^^^^

warning: unused import: `uuid::Uuid`
  --> crates\fortress-core\src\image_encryption\api.rs:23:5
   |
23 | use uuid::Uuid;
   |     ^^^^^^^^^^

warning: unused import: `Router`
  --> crates\fortress-core\src\security_headers.rs:26:5
   |
26 |     Router,
   |     ^^^^^^

warning: unused imports: `BiometricType` and `HardwareTokenType`
  --> crates\fortress-core\src\auth_plugin.rs:11:19
   |
11 | use crate::auth::{HardwareTokenType, BiometricType};
   |                   ^^^^^^^^^^^^^^^^^  ^^^^^^^^^^^^^

warning: unused import: `AuthServiceConfig`
  --> crates\fortress-core\src\auth_api.rs:13:80
   |
13 | use crate::auth_service::{PluginAuthService, ServiceContext, AuthServiceStats, AuthServiceConfig};
   |                                                                                ^^^^^^^^^^^^^^^^^

error[E0425]: cannot find value `provider` in this scope
    --> crates\fortress-core\src\hsm.rs:3854:32
     |
3854 |             let provider_ref = provider as &dyn HsmProvider;
     |                                ^^^^^^^^ not found in this scope

error[E0425]: cannot find value `stats` in this scope
   --> crates\fortress-core\src\cache_tests.rs:565:21
    |
565 |             assert!(stats.cascaded_invalidations > 0);
    |                     ^^^^^ not found in this scope

error[E0423]: expected value, found trait `super::PolicyFunction`
   --> crates\fortress-core\src\policy_hcl\builtin_functions.rs:719:20
    |
196 | pub struct RoleFunction;
    | ------------------------ similarly named unit struct `RoleFunction` defined here
...
719 |         let func = super::PolicyFunction;
    |                    ^^^^^^^--------------
    |                           |
    |                           help: a unit struct with a similar name exists: `RoleFunction`

error[E0433]: failed to resolve: use of undeclared type `OperationType`
    --> crates\fortress-core\src\multi_person_auth.rs:1229:18
     |
1229 |             vec![OperationType::KeyGeneration],
     |                  ^^^^^^^^^^^^^ use of undeclared type `OperationType`
     |
help: consider importing this enum
     |
1203 +     use crate::performance_monitor::OperationType;
     |

error[E0433]: failed to resolve: use of undeclared type `OperationType`
    --> crates\fortress-core\src\multi_person_auth.rs:1265:18
     |
1265 |             vec![OperationType::KeyGeneration],
     |                  ^^^^^^^^^^^^^ use of undeclared type `OperationType`
     |
help: consider importing this enum
     |
1203 +     use crate::performance_monitor::OperationType;
     |

error[E0433]: failed to resolve: use of undeclared type `OperationType`
    --> crates\fortress-core\src\multi_person_auth.rs:1313:18
     |
1313 |             vec![OperationType::KeyGeneration],
     |                  ^^^^^^^^^^^^^ use of undeclared type `OperationType`
     |
help: consider importing this enum
     |
1203 +     use crate::performance_monitor::OperationType;
     |

error[E0433]: failed to resolve: use of undeclared type `OperationType`
    --> crates\fortress-core\src\multi_person_auth.rs:1357:13
     |
1357 |             OperationType::KeyGeneration,
     |             ^^^^^^^^^^^^^ use of undeclared type `OperationType`
     |
help: consider importing this enum
     |
1203 +     use crate::performance_monitor::OperationType;
     |

error[E0433]: failed to resolve: use of undeclared type `OperationType`
    --> crates\fortress-core\src\multi_person_auth.rs:1393:18
     |
1393 |             vec![OperationType::KeyGeneration],
     |                  ^^^^^^^^^^^^^ use of undeclared type `OperationType`
     |
help: consider importing this enum
     |
1203 +     use crate::performance_monitor::OperationType;
     |

error[E0433]: failed to resolve: use of undeclared type `OperationType`
    --> crates\fortress-core\src\multi_person_auth.rs:1437:13
     |
1437 |             OperationType::KeyGeneration,
     |             ^^^^^^^^^^^^^ use of undeclared type `OperationType`
     |
help: consider importing this enum
     |
1203 +     use crate::performance_monitor::OperationType;
     |

error[E0433]: failed to resolve: use of undeclared type `OperationType`
    --> crates\fortress-core\src\multi_person_auth.rs:1521:18
     |
1521 |             vec![OperationType::KeyGeneration],
     |                  ^^^^^^^^^^^^^ use of undeclared type `OperationType`
     |
help: consider importing this enum
     |
1203 +     use crate::performance_monitor::OperationType;
     |

error[E0433]: failed to resolve: use of undeclared type `OperationType`
    --> crates\fortress-core\src\multi_person_auth.rs:1579:13
     |
1579 |             OperationType::KeyGeneration,
     |             ^^^^^^^^^^^^^ use of undeclared type `OperationType`
     |
help: consider importing this enum
     |
1203 +     use crate::performance_monitor::OperationType;
     |

error[E0433]: failed to resolve: use of undeclared type `OperationType`
  --> crates\fortress-core\src\mpa_integration_tests.rs:89:13
   |
89 |             OperationType::KeyGeneration,
   |             ^^^^^^^^^^^^^ use of undeclared type `OperationType`
   |
help: consider importing this enum
   |
11 + use crate::performance_monitor::OperationType;
   |

error[E0433]: failed to resolve: use of undeclared type `OperationType`
  --> crates\fortress-core\src\mpa_integration_tests.rs:91:13
   |
91 |             OperationType::KeyStorage,
   |             ^^^^^^^^^^^^^ use of undeclared type `OperationType`
   |
help: consider importing this enum
   |
11 + use crate::performance_monitor::OperationType;
   |

error[E0433]: failed to resolve: use of undeclared type `OperationType`
  --> crates\fortress-core\src\mpa_integration_tests.rs:93:13
   |
93 |             OperationType::DatabaseQuery,
   |             ^^^^^^^^^^^^^ use of undeclared type `OperationType`
   |
help: consider importing this enum
   |
11 + use crate::performance_monitor::OperationType;
   |

error[E0433]: failed to resolve: use of undeclared type `OperationType`
   --> crates\fortress-core\src\mpa_integration_tests.rs:141:9
    |
141 |         OperationType::KeyGeneration,
    |         ^^^^^^^^^^^^^ use of undeclared type `OperationType`
    |
help: consider importing this enum
    |
 11 + use crate::performance_monitor::OperationType;
    |

error[E0433]: failed to resolve: use of undeclared type `OperationType`
   --> crates\fortress-core\src\mpa_integration_tests.rs:299:14
    |
299 |         vec![OperationType::KeyStorage],
    |              ^^^^^^^^^^^^^ use of undeclared type `OperationType`
    |
help: consider importing this enum
    |
 11 + use crate::performance_monitor::OperationType;
    |

error[E0433]: failed to resolve: use of undeclared type `OperationType`
   --> crates\fortress-core\src\mpa_integration_tests.rs:335:9
    |
335 |         OperationType::KeyStorage,
    |         ^^^^^^^^^^^^^ use of undeclared type `OperationType`
    |
help: consider importing this enum
    |
 11 + use crate::performance_monitor::OperationType;
    |

error[E0433]: failed to resolve: use of undeclared type `OperationType`
   --> crates\fortress-core\src\mpa_integration_tests.rs:431:14
    |
431 |         vec![OperationType::SystemOperation],
    |              ^^^^^^^^^^^^^ use of undeclared type `OperationType`
    |
help: consider importing this enum
    |
 11 + use crate::performance_monitor::OperationType;
    |

error[E0433]: failed to resolve: use of undeclared type `OperationType`
   --> crates\fortress-core\src\mpa_integration_tests.rs:463:9
    |
463 |         OperationType::SystemOperation,
    |         ^^^^^^^^^^^^^ use of undeclared type `OperationType`
    |
help: consider importing this enum
    |
 11 + use crate::performance_monitor::OperationType;
    |

error[E0433]: failed to resolve: use of undeclared type `OperationType`
   --> crates\fortress-core\src\mpa_integration_tests.rs:547:14
    |
547 |         vec![OperationType::CertificateSigning],
    |              ^^^^^^^^^^^^^ use of undeclared type `OperationType`
    |
help: consider importing this enum
    |
 11 + use crate::performance_monitor::OperationType;
    |

error[E0433]: failed to resolve: use of undeclared type `OperationType`
   --> crates\fortress-core\src\mpa_integration_tests.rs:579:9
    |
579 |         OperationType::CertificateSigning,
    |         ^^^^^^^^^^^^^ use of undeclared type `OperationType`
    |
help: consider importing this enum
    |
 11 + use crate::performance_monitor::OperationType;
    |

error[E0433]: failed to resolve: use of undeclared type `OperationType`
   --> crates\fortress-core\src\mpa_integration_tests.rs:655:14
    |
655 |         vec![OperationType::UserManagement],
    |              ^^^^^^^^^^^^^ use of undeclared type `OperationType`
    |
help: consider importing this enum
    |
 11 + use crate::performance_monitor::OperationType;
    |

error[E0433]: failed to resolve: use of undeclared type `OperationType`
   --> crates\fortress-core\src\mpa_integration_tests.rs:751:14
    |
751 |         vec![OperationType::KeyGeneration], // Only allow key generation
    |              ^^^^^^^^^^^^^ use of undeclared type `OperationType`
    |
help: consider importing this enum
    |
 11 + use crate::performance_monitor::OperationType;
    |

error[E0433]: failed to resolve: use of undeclared type `OperationType`
   --> crates\fortress-core\src\mpa_integration_tests.rs:767:9
    |
767 |         OperationType::KeyStorage, // Not authorized
    |         ^^^^^^^^^^^^^ use of undeclared type `OperationType`
    |
help: consider importing this enum
    |
 11 + use crate::performance_monitor::OperationType;
    |

error[E0433]: failed to resolve: use of undeclared type `OperationType`
   --> crates\fortress-core\src\mpa_integration_tests.rs:787:9
    |
787 |         OperationType::KeyGeneration, // Authorized
    |         ^^^^^^^^^^^^^ use of undeclared type `OperationType`
    |
help: consider importing this enum
    |
 11 + use crate::performance_monitor::OperationType;
    |

error[E0433]: failed to resolve: use of undeclared type `OperationType`
   --> crates\fortress-core\src\mpa_integration_tests.rs:803:40
    |
803 |     assert_eq!(request.operation_type, OperationType::KeyGeneration);
    |                                        ^^^^^^^^^^^^^ use of undeclared type `OperationType`
    |
help: consider importing this enum
    |
 11 + use crate::performance_monitor::OperationType;
    |

error[E0433]: failed to resolve: use of undeclared type `OperationType`
   --> crates\fortress-core\src\mpa_integration_tests.rs:835:14
    |
835 |         vec![OperationType::AuditLogModification],
    |              ^^^^^^^^^^^^^ use of undeclared type `OperationType`
    |
help: consider importing this enum
    |
 11 + use crate::performance_monitor::OperationType;
    |

error[E0433]: failed to resolve: use of undeclared type `OperationType`
   --> crates\fortress-core\src\mpa_integration_tests.rs:867:9
    |
867 |         OperationType::AuditLogModification,
    |         ^^^^^^^^^^^^^ use of undeclared type `OperationType`
    |
help: consider importing this enum
    |
 11 + use crate::performance_monitor::OperationType;
    |

error[E0433]: failed to resolve: use of undeclared type `OperationType`
   --> crates\fortress-core\src\mpa_integration_tests.rs:955:14
    |
955 |         vec![OperationType::HsmOperation],
    |              ^^^^^^^^^^^^^ use of undeclared type `OperationType`
    |
help: consider importing this enum
    |
 11 + use crate::performance_monitor::OperationType;
    |

error[E0433]: failed to resolve: use of undeclared type `OperationType`
   --> crates\fortress-core\src\mpa_integration_tests.rs:975:13
    |
975 |             OperationType::HsmOperation,
    |             ^^^^^^^^^^^^^ use of undeclared type `OperationType`
    |
help: consider importing this enum
    |
 11 + use crate::performance_monitor::OperationType;
    |

error[E0433]: failed to resolve: use of undeclared type `OperationType`
    --> crates\fortress-core\src\mpa_integration_tests.rs:1045:14
     |
1045 |         vec![OperationType::Custom("DatabaseMigration".to_string())],
     |              ^^^^^^^^^^^^^ use of undeclared type `OperationType`
     |
help: consider importing this enum
     |
  11 + use crate::performance_monitor::OperationType;
     |

error[E0433]: failed to resolve: use of undeclared type `OperationType`
    --> crates\fortress-core\src\mpa_integration_tests.rs:1077:9
     |
1077 |         OperationType::Custom("DatabaseMigration".to_string()),
     |         ^^^^^^^^^^^^^ use of undeclared type `OperationType`
     |
help: consider importing this enum
     |
  11 + use crate::performance_monitor::OperationType;
     |

error[E0433]: failed to resolve: use of undeclared type `OperationType`
    --> crates\fortress-core\src\mpa_integration_tests.rs:1103:9
     |
1103 |         OperationType::Custom(name) => assert_eq!(name, "DatabaseMigration"),
     |         ^^^^^^^^^^^^^ use of undeclared type `OperationType`
     |
help: consider importing this enum
     |
  11 + use crate::performance_monitor::OperationType;
     |

error[E0433]: failed to resolve: use of undeclared type `OperationType`
  --> crates\fortress-core\src\mpa_simple_tests.rs:91:18
   |
91 |             vec![OperationType::KeyGeneration],
   |                  ^^^^^^^^^^^^^ use of undeclared type `OperationType`
   |
help: consider importing this enum
   |
23 +     use crate::performance_monitor::OperationType;
   |

error[E0433]: failed to resolve: use of undeclared type `OperationType`
   --> crates\fortress-core\src\mpa_simple_tests.rs:137:13
    |
137 |             OperationType::KeyGeneration,
    |             ^^^^^^^^^^^^^ use of undeclared type `OperationType`
    |
help: consider importing this enum
    |
 23 +     use crate::performance_monitor::OperationType;
    |

error[E0433]: failed to resolve: use of undeclared type `OperationType`
   --> crates\fortress-core\src\mpa_simple_tests.rs:247:18
    |
247 |             vec![OperationType::KeyStorage],
    |                  ^^^^^^^^^^^^^ use of undeclared type `OperationType`
    |
help: consider importing this enum
    |
 23 +     use crate::performance_monitor::OperationType;
    |

error[E0433]: failed to resolve: use of undeclared type `OperationType`
   --> crates\fortress-core\src\mpa_simple_tests.rs:279:13
    |
279 |             OperationType::KeyStorage,
    |             ^^^^^^^^^^^^^ use of undeclared type `OperationType`
    |
help: consider importing this enum
    |
 23 +     use crate::performance_monitor::OperationType;
    |

error[E0433]: failed to resolve: use of undeclared type `OperationType`
   --> crates\fortress-core\src\mpa_simple_tests.rs:345:18
    |
345 |             vec![OperationType::SystemOperation],
    |                  ^^^^^^^^^^^^^ use of undeclared type `OperationType`
    |
help: consider importing this enum
    |
 23 +     use crate::performance_monitor::OperationType;
    |

error[E0433]: failed to resolve: use of undeclared type `OperationType`
   --> crates\fortress-core\src\mpa_simple_tests.rs:361:13
    |
361 |             OperationType::SystemOperation,
    |             ^^^^^^^^^^^^^ use of undeclared type `OperationType`
    |
help: consider importing this enum
    |
 23 +     use crate::performance_monitor::OperationType;
    |

error[E0433]: failed to resolve: use of undeclared type `OperationType`
   --> crates\fortress-core\src\mpa_simple_tests.rs:413:18
    |
413 |             vec![OperationType::UserManagement],
    |                  ^^^^^^^^^^^^^ use of undeclared type `OperationType`
    |
help: consider importing this enum
    |
 23 +     use crate::performance_monitor::OperationType;
    |

error[E0433]: failed to resolve: use of undeclared type `OperationType`
   --> crates\fortress-core\src\mpa_simple_tests.rs:477:18
    |
477 |             vec![OperationType::AuditLogModification],
    |                  ^^^^^^^^^^^^^ use of undeclared type `OperationType`
    |
help: consider importing this enum
    |
 23 +     use crate::performance_monitor::OperationType;
    |

error[E0433]: failed to resolve: use of undeclared type `OperationType`
   --> crates\fortress-core\src\mpa_simple_tests.rs:509:13
    |
509 |             OperationType::AuditLogModification,
    |             ^^^^^^^^^^^^^ use of undeclared type `OperationType`
    |
help: consider importing this enum
    |
 23 +     use crate::performance_monitor::OperationType;
    |

error[E0433]: failed to resolve: use of undeclared type `HashMap`
  --> crates\fortress-core\src\tee_integration_tests.rs:97:26
   |
97 |                 details: HashMap::new(),
   |                          ^^^^^^^ use of undeclared type `HashMap`
   |
   = note: struct `crate::tee_key_management::tests::HashMap` exists but is inaccessible
help: consider importing this struct
   |
 6 + use std::collections::HashMap;
   |

error[E0433]: failed to resolve: use of undeclared type `HashMap`
   --> crates\fortress-core\src\tee_integration_tests.rs:110:25
    |
110 |             parameters: HashMap::new(),
    |                         ^^^^^^^ use of undeclared type `HashMap`
    |
    = note: struct `crate::tee_key_management::tests::HashMap` exists but is inaccessible
help: consider importing this struct
    |
  6 + use std::collections::HashMap;
    |

error[E0433]: failed to resolve: use of undeclared type `HashMap`
   --> crates\fortress-core\src\tee_integration_tests.rs:116:27
    |
116 |         let mut details = HashMap::new();
    |                           ^^^^^^^ use of undeclared type `HashMap`
    |
    = note: struct `crate::tee_key_management::tests::HashMap` exists but is inaccessible
help: consider importing this struct
    |
  6 + use std::collections::HashMap;
    |

error[E0433]: failed to resolve: use of undeclared type `HashMap`
   --> crates\fortress-core\src\tee_integration_tests.rs:145:26
    |
145 |                 details: HashMap::new(),
    |                          ^^^^^^^ use of undeclared type `HashMap`
    |
    = note: struct `crate::tee_key_management::tests::HashMap` exists but is inaccessible
help: consider importing this struct
    |
  6 + use std::collections::HashMap;
    |

error[E0433]: failed to resolve: use of undeclared type `HashMap`
   --> crates\fortress-core\src\tee_integration_tests.rs:158:25
    |
158 |             parameters: HashMap::new(),
    |                         ^^^^^^^ use of undeclared type `HashMap`
    |
    = note: struct `crate::tee_key_management::tests::HashMap` exists but is inaccessible
help: consider importing this struct
    |
  6 + use std::collections::HashMap;
    |

error[E0433]: failed to resolve: use of undeclared type `HashMap`
   --> crates\fortress-core\src\tee_integration_tests.rs:164:27
    |
164 |         let mut details = HashMap::new();
    |                           ^^^^^^^ use of undeclared type `HashMap`
    |
    = note: struct `crate::tee_key_management::tests::HashMap` exists but is inaccessible
help: consider importing this struct
    |
  6 + use std::collections::HashMap;
    |

error[E0433]: failed to resolve: use of undeclared type `HashMap`
   --> crates\fortress-core\src\tee_integration_tests.rs:199:26
    |
199 |                 details: HashMap::new(),
    |                          ^^^^^^^ use of undeclared type `HashMap`
    |
    = note: struct `crate::tee_key_management::tests::HashMap` exists but is inaccessible
help: consider importing this struct
    |
  6 + use std::collections::HashMap;
    |

error[E0433]: failed to resolve: use of undeclared type `HashMap`
   --> crates\fortress-core\src\tee_integration_tests.rs:216:26
    |
216 |                 details: HashMap::new(),
    |                          ^^^^^^^ use of undeclared type `HashMap`
    |
    = note: struct `crate::tee_key_management::tests::HashMap` exists but is inaccessible
help: consider importing this struct
    |
  6 + use std::collections::HashMap;
    |

error[E0433]: failed to resolve: use of undeclared type `HashMap`
   --> crates\fortress-core\src\tee_integration_tests.rs:225:27
    |
225 |         let mut details = HashMap::new();
    |                           ^^^^^^^ use of undeclared type `HashMap`
    |
    = note: struct `crate::tee_key_management::tests::HashMap` exists but is inaccessible
help: consider importing this struct
    |
  6 + use std::collections::HashMap;
    |

error[E0433]: failed to resolve: use of undeclared type `HashMap`
   --> crates\fortress-core\src\tee_integration_tests.rs:250:19
    |
250 |             pcrs: HashMap::new(),
    |                   ^^^^^^^ use of undeclared type `HashMap`
    |
    = note: struct `crate::tee_key_management::tests::HashMap` exists but is inaccessible
help: consider importing this struct
    |
  6 + use std::collections::HashMap;
    |

error[E0433]: failed to resolve: use of undeclared type `HashMap`
   --> crates\fortress-core\src\tee_integration_tests.rs:296:27
    |
296 |         let mut details = HashMap::new();
    |                           ^^^^^^^ use of undeclared type `HashMap`
    |
    = note: struct `crate::tee_key_management::tests::HashMap` exists but is inaccessible
help: consider importing this struct
    |
  6 + use std::collections::HashMap;
    |

error[E0433]: failed to resolve: use of undeclared type `HashMap`
   --> crates\fortress-core\src\tee_integration_tests.rs:341:27
    |
341 |         let mut details = HashMap::new();
    |                           ^^^^^^^ use of undeclared type `HashMap`
    |
    = note: struct `crate::tee_key_management::tests::HashMap` exists but is inaccessible
help: consider importing this struct
    |
  6 + use std::collections::HashMap;
    |

error[E0433]: failed to resolve: use of undeclared type `HashMap`
   --> crates\fortress-core\src\tee_integration_tests.rs:376:27
    |
376 |         let mut details = HashMap::new();
    |                           ^^^^^^^ use of undeclared type `HashMap`
    |
    = note: struct `crate::tee_key_management::tests::HashMap` exists but is inaccessible
help: consider importing this struct
    |
  6 + use std::collections::HashMap;
    |

error[E0433]: failed to resolve: use of undeclared type `HashMap`
   --> crates\fortress-core\src\tee_integration_tests.rs:418:27
    |
418 |         let mut details = HashMap::new();
    |                           ^^^^^^^ use of undeclared type `HashMap`
    |
    = note: struct `crate::tee_key_management::tests::HashMap` exists but is inaccessible
help: consider importing this struct
    |
  6 + use std::collections::HashMap;
    |

error[E0433]: failed to resolve: use of undeclared type `HashMap`
   --> crates\fortress-core\src\tee_integration_tests.rs:428:19
    |
428 |             pcrs: HashMap::new(),
    |                   ^^^^^^^ use of undeclared type `HashMap`
    |
    = note: struct `crate::tee_key_management::tests::HashMap` exists but is inaccessible
help: consider importing this struct
    |
  6 + use std::collections::HashMap;
    |

error[E0433]: failed to resolve: use of undeclared type `HashMap`
   --> crates\fortress-core\src\tee_integration_tests.rs:494:27
    |
494 |         let mut details = HashMap::new();
    |                           ^^^^^^^ use of undeclared type `HashMap`
    |
    = note: struct `crate::tee_key_management::tests::HashMap` exists but is inaccessible
help: consider importing this struct
    |
  6 + use std::collections::HashMap;
    |

error[E0412]: cannot find type `HashMap` in this scope
   --> crates\fortress-core\src\tee_integration_tests.rs:522:18
    |
522 |     pub details: HashMap<String, String>,
    |                  ^^^^^^^ not found in this scope
    |
    = note: struct `crate::tee_key_management::tests::HashMap` exists but is inaccessible
help: consider importing this struct
    |
  6 + use std::collections::HashMap;
    |

error[E0412]: cannot find type `HashMap` in this scope
   --> crates\fortress-core\src\tee_integration_tests.rs:528:18
    |
528 |     pub results: HashMap<String, TestResult>,
    |                  ^^^^^^^ not found in this scope
    |
    = note: struct `crate::tee_key_management::tests::HashMap` exists but is inaccessible
help: consider importing this struct
    |
  6 + use std::collections::HashMap;
    |

error[E0433]: failed to resolve: use of undeclared type `HashMap`
   --> crates\fortress-core\src\tee_integration_tests.rs:537:22
    |
537 |             results: HashMap::new(),
    |                      ^^^^^^^ use of undeclared type `HashMap`
    |
    = note: struct `crate::tee_key_management::tests::HashMap` exists but is inaccessible
help: consider importing this struct
    |
  6 + use std::collections::HashMap;
    |

error[E0603]: struct import `AuthManager` is private
    --> crates\fortress-core\src\security_integration_tests.rs:13:30
     |
  13 | use crate::websocket::auth::{AuthManager, AuthConfig};
     |                              ^^^^^^^^^^^ private struct import
     |
note: the struct import `AuthManager` is defined here...
    --> crates\fortress-core\src\websocket\auth.rs:4:19
     |
   4 | use crate::auth::{AuthManager, TokenClaims};
     |                   ^^^^^^^^^^^
note: ...and refers to the struct `AuthManager` which is defined here
    --> crates\fortress-core\src\auth.rs:1252:1
     |
1252 | pub struct AuthManager {
     | ^^^^^^^^^^^^^^^^^^^^^^ you could import this directly
help: import `AuthManager` directly
     |
  13 | use crate::websocket::auth::{auth::AuthManager, AuthConfig};
     |                              ++++++

error[E0603]: struct import `AuthManager` is private
    --> crates\fortress-core\src\security_performance_tests.rs:7:30
     |
   7 | use crate::websocket::auth::{AuthManager, AuthConfig};
     |                              ^^^^^^^^^^^ private struct import
     |
note: the struct import `AuthManager` is defined here...
    --> crates\fortress-core\src\websocket\auth.rs:4:19
     |
   4 | use crate::auth::{AuthManager, TokenClaims};
     |                   ^^^^^^^^^^^
note: ...and refers to the struct `AuthManager` which is defined here
    --> crates\fortress-core\src\auth.rs:1252:1
     |
1252 | pub struct AuthManager {
     | ^^^^^^^^^^^^^^^^^^^^^^ you could import this directly
help: import `AuthManager` directly
     |
   7 | use crate::websocket::auth::{auth::AuthManager, AuthConfig};
     |                              ++++++

error[E0603]: enum import `PerformanceProfile` is private
   --> crates\fortress-core\src\key_database.rs:834:54
    |
834 |     use crate::key::{KeyId, KeyMetadata, KeyPurpose, PerformanceProfile};
    |                                                      ^^^^^^^^^^^^^^^^^^ private enum import
    |
note: the enum import `PerformanceProfile` is defined here...
   --> crates\fortress-core\src\key.rs:11:46
    |
 11 | use crate::encryption::{EncryptionAlgorithm, PerformanceProfile};
    |                                              ^^^^^^^^^^^^^^^^^^
note: ...and refers to the enum `PerformanceProfile` which is defined here
   --> crates\fortress-core\src\encryption.rs:193:1
    |
193 | pub enum PerformanceProfile {
    | ^^^^^^^^^^^^^^^^^^^^^^^^^^^ you could import this directly
help: import `PerformanceProfile` directly
    |
834 |     use crate::key::{KeyId, KeyMetadata, KeyPurpose, encryption::PerformanceProfile};
    |                                                      ++++++++++++

error[E0603]: enum import `PerformanceProfile` is private
   --> crates\fortress-core\src\key_preloader.rs:632:54
    |
632 |     use crate::key::{KeyId, KeyMetadata, KeyPurpose, PerformanceProfile};
    |                                                      ^^^^^^^^^^^^^^^^^^ private enum import
    |
note: the enum import `PerformanceProfile` is defined here...
   --> crates\fortress-core\src\key.rs:11:46
    |
 11 | use crate::encryption::{EncryptionAlgorithm, PerformanceProfile};
    |                                              ^^^^^^^^^^^^^^^^^^
note: ...and refers to the enum `PerformanceProfile` which is defined here
   --> crates\fortress-core\src\encryption.rs:193:1
    |
193 | pub enum PerformanceProfile {
    | ^^^^^^^^^^^^^^^^^^^^^^^^^^^ you could import this directly
help: import `PerformanceProfile` directly
    |
632 |     use crate::key::{KeyId, KeyMetadata, KeyPurpose, encryption::PerformanceProfile};
    |                                                      ++++++++++++

error[E0603]: enum import `PerformanceProfile` is private
   --> crates\fortress-core\src\key_cache.rs:685:54
    |
685 |     use crate::key::{KeyId, KeyMetadata, KeyPurpose, PerformanceProfile};
    |                                                      ^^^^^^^^^^^^^^^^^^ private enum import
    |
note: the enum import `PerformanceProfile` is defined here...
   --> crates\fortress-core\src\key.rs:11:46
    |
 11 | use crate::encryption::{EncryptionAlgorithm, PerformanceProfile};
    |                                              ^^^^^^^^^^^^^^^^^^
note: ...and refers to the enum `PerformanceProfile` which is defined here
   --> crates\fortress-core\src\encryption.rs:193:1
    |
193 | pub enum PerformanceProfile {
    | ^^^^^^^^^^^^^^^^^^^^^^^^^^^ you could import this directly
help: import `PerformanceProfile` directly
    |
685 |     use crate::key::{KeyId, KeyMetadata, KeyPurpose, encryption::PerformanceProfile};
    |                                                      ++++++++++++

warning: unused import: `FortressError`
  --> crates\fortress-core\src\security_integration_tests.rs:11:20
   |
11 | use crate::error::{FortressError, Result};
   |                    ^^^^^^^^^^^^^

warning: unused import: `FortressError`
 --> crates\fortress-core\src\security_regression_tests.rs:6:20
  |
6 | use crate::error::{FortressError, Result};
  |                    ^^^^^^^^^^^^^

warning: unused import: `std::collections::HashMap`
 --> crates\fortress-core\src\security_regression_tests.rs:7:5
  |
7 | use std::collections::HashMap;
  |     ^^^^^^^^^^^^^^^^^^^^^^^^^

warning: unused import: `FortressError`
 --> crates\fortress-core\src\security_performance_tests.rs:6:20
  |
6 | use crate::error::{FortressError, Result};
  |                    ^^^^^^^^^^^^^

warning: unused import: `tokio::time::timeout`
  --> crates\fortress-core\src\security_performance_tests.rs:11:5
   |
11 | use tokio::time::timeout;
   |     ^^^^^^^^^^^^^^^^^^^^

warning: unused import: `Aes256Gcm`
    --> crates\fortress-core\src\hsm.rs:3338:50
     |
3338 |     use crate::encryption::{EncryptionAlgorithm, Aes256Gcm};
     |                                                  ^^^^^^^^^

warning: unused import: `serde_json::json`
    --> crates\fortress-core\src\secure_audit_merkle.rs:1264:9
     |
1264 |     use serde_json::json;
     |         ^^^^^^^^^^^^^^^^

warning: unused import: `serde_json::json`
   --> crates\fortress-core\src\audit_zk_proofs.rs:615:9
    |
615 |     use serde_json::json;
    |         ^^^^^^^^^^^^^^^^

warning: unused import: `std::sync::Arc`
   --> crates\fortress-core\src\audit_rotation.rs:477:9
    |
477 |     use std::sync::Arc;
    |         ^^^^^^^^^^^^^^

warning: unused import: `std::sync::Arc`
   --> crates\fortress-core\src\replication.rs:825:5
    |
825 | use std::sync::Arc;
    |     ^^^^^^^^^^^^^^

warning: unused import: `std::path::Path`
   --> crates\fortress-core\src\key_database.rs:837:9
    |
837 |     use std::path::Path;
    |         ^^^^^^^^^^^^^^^

warning: unused import: `SqliteKeyDatabase`
   --> crates\fortress-core\src\key_preloader.rs:633:83
    |
633 |     use crate::key_database::{KeyDatabase, KeyDatabaseConfig, KeyDatabaseBackend, SqliteKeyDatabase, create_key_database};
    |                                                                                   ^^^^^^^^^^^^^^^^^

warning: unused import: `DateTime`
   --> crates\fortress-core\src\key_cache.rs:686:18
    |
686 |     use chrono::{DateTime, Utc};
    |                  ^^^^^^^^

warning: unused imports: `Duration` and `sleep`
   --> crates\fortress-core\src\plugin.rs:464:23
    |
464 |     use tokio::time::{sleep, Duration};
    |                       ^^^^^  ^^^^^^^^

warning: unused import: `WasmPlugin`
 --> crates\fortress-core\src\wasm_runtime_test.rs:3:27
  |
3 | use crate::wasm_runtime::{WasmPlugin, WasmPluginConfig, WasmPluginLoader};
  |                           ^^^^^^^^^^

warning: unused imports: `SessionId` and `ShareId`
   --> crates\fortress-core\src\mpc_party.rs:331:22
    |
331 |     use crate::mpc::{SessionId, ShareId};
    |                      ^^^^^^^^^  ^^^^^^^

warning: unused import: `tokio::time::sleep`
   --> crates\fortress-core\src\performance\async_ops.rs:286:9
    |
286 |     use tokio::time::sleep;
    |         ^^^^^^^^^^^^^^^^^^

warning: unused import: `tokio::time::sleep`
   --> crates\fortress-core\src\performance\memory.rs:441:9
    |
441 |     use tokio::time::sleep;
    |         ^^^^^^^^^^^^^^^^^^

warning: unused import: `tokio::time::sleep`
   --> crates\fortress-core\src\performance\mod.rs:456:9
    |
456 |     use tokio::time::sleep;
    |         ^^^^^^^^^^^^^^^^^^

warning: unused imports: `Duration` and `sleep`
   --> crates\fortress-core\src\cache_invalidation.rs:959:23
    |
959 |     use tokio::time::{sleep, Duration};
    |                       ^^^^^  ^^^^^^^^

warning: unused import: `super::*`
  --> crates\fortress-core\src\cache_tests.rs:15:9
   |
15 |     use super::*;
   |         ^^^^^^^^

warning: unused import: `CacheType`
  --> crates\fortress-core\src\cache_tests.rs:20:66
   |
20 |     use crate::cache_manager::{CacheManager, CacheManagerConfig, CacheType};
   |                                                                  ^^^^^^^^^

warning: unused import: `tokio::time::sleep`
  --> crates\fortress-core\src\cache_tests.rs:35:9
   |
35 |     use tokio::time::sleep;
   |         ^^^^^^^^^^^^^^^^^^

warning: unused import: `crate::storage::InMemoryStorage`
   --> crates\fortress-core\src\secrets_kv.rs:986:9
    |
986 |     use crate::storage::InMemoryStorage;
    |         ^^^^^^^^^^^^^^^^^^^^^^^^^^^^^^^

warning: unused import: `crate::error::FortressError`
   --> crates\fortress-core\src\secure_audit.rs:775:9
    |
775 |     use crate::error::FortressError;
    |         ^^^^^^^^^^^^^^^^^^^^^^^^^^^

warning: unused imports: `EncryptedImage`, `EncryptionOptions`, and `ImageFormatInfo`
    --> crates\fortress-core\src\image_encryption\thumbnails.rs:1215:35
     |
1215 |     use crate::image_encryption::{EncryptedImage, ImageFormatInfo, EncryptionOptions};
     |                                   ^^^^^^^^^^^^^^  ^^^^^^^^^^^^^^^  ^^^^^^^^^^^^^^^^^

warning: unused imports: `Duration` and `sleep`
   --> crates\fortress-core\src\security_audit.rs:461:23
    |
461 |     use tokio::time::{sleep, Duration};
    |                       ^^^^^  ^^^^^^^^

warning: unused imports: `Router` and `routing::get`
   --> crates\fortress-core\src\security_headers.rs:917:16
    |
917 |     use axum::{routing::get, Router};
    |                ^^^^^^^^^^^^  ^^^^^^

warning: unused import: `std::collections::HashMap`
 --> crates\fortress-core\src\security\zero_knowledge_tests.rs:4:5
  |
4 | use std::collections::HashMap;
  |     ^^^^^^^^^^^^^^^^^^^^^^^^^

warning: unused import: `std::time::Duration`
 --> crates\fortress-core\src\security\zero_knowledge_tests.rs:7:5
  |
7 | use std::time::Duration;
  |     ^^^^^^^^^^^^^^^^^^^

warning: unused import: `tokio_test`
   --> crates\fortress-core\src\seal.rs:482:9
    |
482 |     use tokio_test;
    |         ^^^^^^^^^^

warning: unused import: `tokio_test`
   --> crates\fortress-core\src\token\manager.rs:844:9
    |
844 |     use tokio_test;
    |         ^^^^^^^^^^

warning: unused import: `tokio_test`
   --> crates\fortress-core\src\token\lease.rs:512:9
    |
512 |     use tokio_test;
    |         ^^^^^^^^^^

warning: unused import: `tokio_test`
   --> crates\fortress-core\src\token\revocation.rs:529:9
    |
529 |     use tokio_test;
    |         ^^^^^^^^^^

warning: unused import: `chrono::Duration`
   --> crates\fortress-core\src\policy_hcl\parser.rs:537:9
    |
537 |     use chrono::Duration;
    |         ^^^^^^^^^^^^^^^^

warning: unused import: `EnclaveConfig`
   --> crates\fortress-core\src\tee_intel_sgx.rs:598:22
    |
598 |     use crate::tee::{EnclaveConfig, SecurityPolicy};
    |                      ^^^^^^^^^^^^^

warning: unused imports: `Duration` and `sleep`
  --> crates\fortress-core\src\tee_integration_tests.rs:13:19
   |
13 | use tokio::time::{sleep, Duration};
   |                   ^^^^^  ^^^^^^^^

error[E0063]: missing fields `request_id`, `session_id` and `user_id` in initializer of `PluginContext`
   --> crates\fortress-core\src\plugin.rs:320:23
    |
320 |         let context = PluginContext {
    |                       ^^^^^^^^^^^^^ missing `request_id`, `session_id` and `user_id`

error[E0107]: type alias takes 1 generic argument but 2 generic arguments were supplied
   --> crates\fortress-core\src\key_rotation_optimized.rs:699:55
    |
699 |     async fn test_optimized_rotation_performance() -> Result<(), Box<dyn std::error::Error>> {
    |                                                       ^^^^^^   ---------------------------- help: remove the unnecessary generic argument
    |                                                       |
    |                                                       expected 1 generic argument
    |
note: type alias defined here, with 1 generic parameter: `T`
   --> crates\fortress-core\src\error.rs:17:10
    |
 17 | pub type Result<T> = std::result::Result<T, FortressError>;
    |          ^^^^^^ -

error[E0107]: type alias takes 1 generic argument but 2 generic arguments were supplied
   --> crates\fortress-core\src\key_rotation_optimized.rs:745:38
    |
745 |     async fn test_bulk_rotation() -> Result<(), Box<dyn std::error::Error>> {
    |                                      ^^^^^^   ---------------------------- help: remove the unnecessary generic argument
    |                                      |
    |                                      expected 1 generic argument
    |
note: type alias defined here, with 1 generic parameter: `T`
   --> crates\fortress-core\src\error.rs:17:10
    |
 17 | pub type Result<T> = std::result::Result<T, FortressError>;
    |          ^^^^^^ -

error[E0063]: missing fields `operation` and `timestamp` in initializer of `PluginInput`
   --> crates\fortress-core\src\auth_plugin.rs:286:29
    |
286 |         let _plugin_input = PluginInput {
    |                             ^^^^^^^^^^^ missing `operation` and `timestamp`

error[E0063]: missing fields `enable_ip_lockout`, `enable_rate_limiting`, `jwt_secret` and 1 other field in initializer of `websocket::auth::AuthConfig`
  --> crates\fortress-core\src\security_integration_tests.rs:39:27
   |
39 |         let auth_config = AuthConfig {
   |                           ^^^^^^^^^^ missing `enable_ip_lockout`, `enable_rate_limiting`, `jwt_secret` and 1 other field

error[E0063]: missing fields `enable_ip_lockout`, `enable_rate_limiting`, `jwt_secret` and 1 other field in initializer of `websocket::auth::AuthConfig`
   --> crates\fortress-core\src\security_integration_tests.rs:289:27
    |
289 |         let auth_config = AuthConfig {
    |                           ^^^^^^^^^^ missing `enable_ip_lockout`, `enable_rate_limiting`, `jwt_secret` and 1 other field

error[E0063]: missing fields `enable_ip_lockout`, `enable_rate_limiting`, `jwt_secret` and 1 other field in initializer of `websocket::auth::AuthConfig`
   --> crates\fortress-core\src\security_integration_tests.rs:381:27
    |
381 |         let auth_config = AuthConfig {
    |                           ^^^^^^^^^^ missing `enable_ip_lockout`, `enable_rate_limiting`, `jwt_secret` and 1 other field

error[E0063]: missing fields `enable_ip_lockout`, `enable_rate_limiting`, `jwt_secret` and 1 other field in initializer of `websocket::auth::AuthConfig`
   --> crates\fortress-core\src\security_integration_tests.rs:471:27
    |
471 |         let auth_config = AuthConfig {
    |                           ^^^^^^^^^^ missing `enable_ip_lockout`, `enable_rate_limiting`, `jwt_secret` and 1 other field

error[E0063]: missing fields `enable_ip_lockout`, `enable_rate_limiting`, `jwt_secret` and 1 other field in initializer of `websocket::auth::AuthConfig`
  --> crates\fortress-core\src\security_performance_tests.rs:21:27
   |
21 |         let auth_config = AuthConfig {
   |                           ^^^^^^^^^^ missing `enable_ip_lockout`, `enable_rate_limiting`, `jwt_secret` and 1 other field

warning: unused variable: `avg_gen_time`
   --> crates\fortress-core\src\security_performance_tests.rs:213:13
    |
213 |         let avg_gen_time = total_gen_time / 100;
    |             ^^^^^^^^^^^^ help: if this is intentional, prefix it with an underscore: `_avg_gen_time`
    |
    = note: `#[warn(unused_variables)]` on by default

warning: unused variable: `avg_val_time`
   --> crates\fortress-core\src\security_performance_tests.rs:214:13
    |
214 |         let avg_val_time = total_val_time / 100;
    |             ^^^^^^^^^^^^ help: if this is intentional, prefix it with an underscore: `_avg_val_time`

error[E0063]: missing fields `enable_ip_lockout`, `enable_rate_limiting`, `jwt_secret` and 1 other field in initializer of `websocket::auth::AuthConfig`
   --> crates\fortress-core\src\security_performance_tests.rs:371:27
    |
371 |         let auth_config = AuthConfig {
    |                           ^^^^^^^^^^ missing `enable_ip_lockout`, `enable_rate_limiting`, `jwt_secret` and 1 other field

error[E0063]: missing fields `enable_ip_lockout`, `enable_rate_limiting`, `jwt_secret` and 1 other field in initializer of `websocket::auth::AuthConfig`
   --> crates\fortress-core\src\security_performance_tests.rs:464:27
    |
464 |         let auth_config = AuthConfig {
    |                           ^^^^^^^^^^ missing `enable_ip_lockout`, `enable_rate_limiting`, `jwt_secret` and 1 other field

error[E0308]: `?` operator has incompatible types
   --> crates\fortress-core\src\policy_hcl\evaluator.rs:293:43
    |
287 |     ) -> Result<bool> {
    |          ------------ expected `std::result::Result<bool, error::FortressError>` because of return type
...
293 |             ConstraintOperator::Equals => self.evaluate_equals(&field_value, &constraint.value)?,
    |                                           ^^^^^^^^^^^^^^^^^^^^^^^^^^^^^^^^^^^^^^^^^^^^^^^^^^^^^^ expected `Result<bool, FortressError>`, found `bool`
    |
    = note: `?` operator cannot convert from `bool` to `std::result::Result<bool, error::FortressError>`
    = note: expected enum `std::result::Result<bool, error::FortressError>`
               found type `bool`
help: try removing this `?`
    |
293 -             ConstraintOperator::Equals => self.evaluate_equals(&field_value, &constraint.value)?,
293 +             ConstraintOperator::Equals => self.evaluate_equals(&field_value, &constraint.value),
    |
help: try wrapping the expression in `Ok`
    |
293 |             ConstraintOperator::Equals => Ok(self.evaluate_equals(&field_value, &constraint.value)?),
    |                                           +++                                                      +

error[E0308]: `?` operator has incompatible types
   --> crates\fortress-core\src\policy_hcl\evaluator.rs:295:45
    |
287 |     ) -> Result<bool> {
    |          ------------ expected `std::result::Result<bool, error::FortressError>` because of return type
...
295 |             ConstraintOperator::Contains => self.evaluate_contains(&field_value, &constraint.value)?,
    |                                             ^^^^^^^^^^^^^^^^^^^^^^^^^^^^^^^^^^^^^^^^^^^^^^^^^^^^^^^^ expected `Result<bool, FortressError>`, found `bool`
    |
    = note: `?` operator cannot convert from `bool` to `std::result::Result<bool, error::FortressError>`
    = note: expected enum `std::result::Result<bool, error::FortressError>`
               found type `bool`
help: try removing this `?`
    |
295 -             ConstraintOperator::Contains => self.evaluate_contains(&field_value, &constraint.value)?,
295 +             ConstraintOperator::Contains => self.evaluate_contains(&field_value, &constraint.value),
    |
help: try wrapping the expression in `Ok`
    |
295 |             ConstraintOperator::Contains => Ok(self.evaluate_contains(&field_value, &constraint.value)?),
    |                                             +++                                                        +

error[E0308]: `?` operator has incompatible types
   --> crates\fortress-core\src\policy_hcl\evaluator.rs:297:48
    |
287 |     ) -> Result<bool> {
    |          ------------ expected `std::result::Result<bool, error::FortressError>` because of return type
...
297 |             ConstraintOperator::GreaterThan => self.evaluate_greater_than(&field_value, &constraint.value)?,
    |                                                ^^^^^^^^^^^^^^^^^^^^^^^^^^^^^^^^^^^^^^^^^^^^^^^^^^^^^^^^^^^^ expected `Result<bool, FortressError>`, found `bool`
    |
    = note: `?` operator cannot convert from `bool` to `std::result::Result<bool, error::FortressError>`
    = note: expected enum `std::result::Result<bool, error::FortressError>`
               found type `bool`
help: try removing this `?`
    |
297 -             ConstraintOperator::GreaterThan => self.evaluate_greater_than(&field_value, &constraint.value)?,
297 +             ConstraintOperator::GreaterThan => self.evaluate_greater_than(&field_value, &constraint.value),
    |
help: try wrapping the expression in `Ok`
    |
297 |             ConstraintOperator::GreaterThan => Ok(self.evaluate_greater_than(&field_value, &constraint.value)?),
    |                                                +++                                                            +

error[E0308]: `?` operator has incompatible types
   --> crates\fortress-core\src\policy_hcl\evaluator.rs:298:45
    |
287 |     ) -> Result<bool> {
    |          ------------ expected `std::result::Result<bool, error::FortressError>` because of return type
...
298 |             ConstraintOperator::LessThan => self.evaluate_less_than(&field_value, &constraint.value)?,
    |                                             ^^^^^^^^^^^^^^^^^^^^^^^^^^^^^^^^^^^^^^^^^^^^^^^^^^^^^^^^^ expected `Result<bool, FortressError>`, found `bool`
    |
    = note: `?` operator cannot convert from `bool` to `std::result::Result<bool, error::FortressError>`
    = note: expected enum `std::result::Result<bool, error::FortressError>`
               found type `bool`
help: try removing this `?`
    |
298 -             ConstraintOperator::LessThan => self.evaluate_less_than(&field_value, &constraint.value)?,
298 +             ConstraintOperator::LessThan => self.evaluate_less_than(&field_value, &constraint.value),
    |
help: try wrapping the expression in `Ok`
    |
298 |             ConstraintOperator::LessThan => Ok(self.evaluate_less_than(&field_value, &constraint.value)?),
    |                                             +++                                                         +

error[E0061]: this function takes 3 arguments but 2 arguments were supplied
    --> crates\fortress-core\src\key_database.rs:841:46
     |
 841 |         let temp_dir = tempdir().map_err(|e| FortressError::storage(
     |                                              ^^^^^^^^^^^^^^^^^^^^^^
 842 |             format!("Failed to create temp dir: {}", e),
     |             ------------------------------------------- expected some other arguments to be a `std::string::String` type to match the type of this parameter
 843 |             StorageErrorCode::IoError
     |             ------------------------- argument #2 of type `std::string::String` is missing
     |
note: associated function defined here
    --> crates\fortress-core\src\error.rs:2185:12
     |
2185 |     pub fn storage<S: Into<String>>(
     |            ^^^^^^^ - `message` and `backend` both reference this parameter `S`
2186 |
2187 |         message: S,
     |         ---------- `backend` needs to match the `std::string::String` type of this parameter
2188 |
2189 |         backend: S,
     |         ---------- this parameter needs to match the `std::string::String` type of `message`
help: provide the argument
     |
 841 -         let temp_dir = tempdir().map_err(|e| FortressError::storage(
 842 -             format!("Failed to create temp dir: {}", e),
 843 -             StorageErrorCode::IoError
 844 -         ))?;
 841 +         let temp_dir = tempdir().map_err(|e| FortressError::storage(format!("Failed to create temp dir: {}", e), /* std::string::String */, StorageErrorCode::IoError))?;
     |

error[E0061]: this function takes 3 arguments but 2 arguments were supplied
    --> crates\fortress-core\src\key_preloader.rs:640:46
     |
 640 |         let temp_dir = tempdir().map_err(|e| FortressError::storage(
     |                                              ^^^^^^^^^^^^^^^^^^^^^^
 641 |             format!("Failed to create temp dir: {}", e),
     |             ------------------------------------------- expected some other arguments to be a `std::string::String` type to match the type of this parameter
 642 |             StorageErrorCode::IoError
     |             ------------------------- argument #2 of type `std::string::String` is missing
     |
note: associated function defined here
    --> crates\fortress-core\src\error.rs:2185:12
     |
2185 |     pub fn storage<S: Into<String>>(
     |            ^^^^^^^ - `message` and `backend` both reference this parameter `S`
2186 |
2187 |         message: S,
     |         ---------- `backend` needs to match the `std::string::String` type of this parameter
2188 |
2189 |         backend: S,
     |         ---------- this parameter needs to match the `std::string::String` type of `message`
help: provide the argument
     |
 640 -         let temp_dir = tempdir().map_err(|e| FortressError::storage(
 641 -             format!("Failed to create temp dir: {}", e),
 642 -             StorageErrorCode::IoError
 643 -         ))?;
 640 +         let temp_dir = tempdir().map_err(|e| FortressError::storage(format!("Failed to create temp dir: {}", e), /* std::string::String */, StorageErrorCode::IoError))?;
     |

error[E0308]: mismatched types
   --> crates\fortress-core\src\key_preloader.rs:671:13
    |
665 |         let metadata1 = KeyMetadata::new(
    |                         ---------------- arguments to this function are incorrect
...
671 |             KeyPurpose::DataEncryption,
    |             ^^^^^^^^^^^^^^^^^^^^^^^^^^ expected `String`, found `KeyPurpose`
    |
note: associated function defined here
   --> crates\fortress-core\src\key.rs:855:12
    |
855 |     pub fn new(
    |            ^^^
...
867 |         purpose: String,
    |         ---------------

error[E0308]: mismatched types
   --> crates\fortress-core\src\key_preloader.rs:684:13
    |
678 |         let metadata2 = KeyMetadata::new(
    |                         ---------------- arguments to this function are incorrect
...
684 |             KeyPurpose::Authentication,
    |             ^^^^^^^^^^^^^^^^^^^^^^^^^^ expected `String`, found `KeyPurpose`
    |
note: associated function defined here
   --> crates\fortress-core\src\key.rs:855:12
    |
855 |     pub fn new(
    |            ^^^
...
867 |         purpose: String,
    |         ---------------

error[E0599]: no variant or associated item named `SessionManagement` found for enum `key::KeyPurpose` in the current scope
   --> crates\fortress-core\src\key_preloader.rs:697:25
    |
697 |             KeyPurpose::SessionManagement,
    |                         ^^^^^^^^^^^^^^^^^ variant or associated item not found in `key::KeyPurpose`
    |
   ::: crates\fortress-core\src\key.rs:50:1
    |
 50 | pub enum KeyPurpose {
    | ------------------- variant or associated item `SessionManagement` not found for this enum

error[E0308]: mismatched types
   --> crates\fortress-core\src\key_preloader.rs:710:13
    |
704 |         let metadata4 = KeyMetadata::new(
    |                         ---------------- arguments to this function are incorrect
...
710 |             KeyPurpose::KeyEncryption,
    |             ^^^^^^^^^^^^^^^^^^^^^^^^^ expected `String`, found `KeyPurpose`
    |
note: associated function defined here
   --> crates\fortress-core\src\key.rs:855:12
    |
855 |     pub fn new(
    |            ^^^
...
867 |         purpose: String,
    |         ---------------

error[E0063]: missing fields `request_id`, `session_id` and `user_id` in initializer of `plugin::PluginContext`
   --> crates\fortress-core\src\plugin.rs:320:23
    |
320 |         let context = PluginContext {
    |                       ^^^^^^^^^^^^^ missing `request_id`, `session_id` and `user_id`

error[E0063]: missing fields `operation` and `timestamp` in initializer of `plugin::PluginInput`
   --> crates\fortress-core\src\auth_plugin.rs:286:29
    |
286 |         let _plugin_input = PluginInput {
    |                             ^^^^^^^^^^^ missing `operation` and `timestamp`

error[E0061]: this function takes 0 arguments but 1 argument was supplied
    --> crates\fortress-core\src\mpa_simple_tests.rs:31:49
     |
  31 |         let auth_manager = Arc::new(RwLock::new(AuthManager::new(AuthConfig::default())));
     |                                                 ^^^^^^^^^^^^^^^^ --------------------- unexpected argument of type `auth::AuthConfig`
     |
note: associated function defined here
    --> crates\fortress-core\src\auth.rs:1277:12
     |
1277 |     pub fn new() -> Self {
     |            ^^^
help: remove the extra argument
     |
  31 -         let auth_manager = Arc::new(RwLock::new(AuthManager::new(AuthConfig::default())));
  31 +         let auth_manager = Arc::new(RwLock::new(AuthManager::new()));
     |

error[E0308]: mismatched types
   --> crates\fortress-core\src\tee_integration_tests.rs:54:28
    |
 54 |         results.add_result("tee_manager_aws_nitro", self.test_tee_manager_aws_nitro().await);
    |                 ---------- ^^^^^^^^^^^^^^^^^^^^^^^ expected `String`, found `&str`
    |                 |
    |                 arguments to this method are incorrect
    |
note: method defined here
   --> crates\fortress-core\src\tee_integration_tests.rs:544:12
    |
544 |     pub fn add_result(&mut self, test_name: String, result: TestResult) {
    |            ^^^^^^^^^^            -----------------
help: try using a conversion method
    |
 54 |         results.add_result("tee_manager_aws_nitro".to_string(), self.test_tee_manager_aws_nitro().await);
    |                                                   ++++++++++++

error[E0308]: mismatched types
   --> crates\fortress-core\src\tee_integration_tests.rs:57:28
    |
 57 |         results.add_result("tee_manager_intel_sgx", self.test_tee_manager_intel_sgx().await);
    |                 ---------- ^^^^^^^^^^^^^^^^^^^^^^^ expected `String`, found `&str`
    |                 |
    |                 arguments to this method are incorrect
    |
note: method defined here
   --> crates\fortress-core\src\tee_integration_tests.rs:544:12
    |
544 |     pub fn add_result(&mut self, test_name: String, result: TestResult) {
    |            ^^^^^^^^^^            -----------------
help: try using a conversion method
    |
 57 |         results.add_result("tee_manager_intel_sgx".to_string(), self.test_tee_manager_intel_sgx().await);
    |                                                   ++++++++++++

error[E0308]: mismatched types
   --> crates\fortress-core\src\tee_integration_tests.rs:60:28
    |
 60 |         results.add_result("secure_communication", self.test_secure_communication().await);
    |                 ---------- ^^^^^^^^^^^^^^^^^^^^^^ expected `String`, found `&str`
    |                 |
    |                 arguments to this method are incorrect
    |
note: method defined here
   --> crates\fortress-core\src\tee_integration_tests.rs:544:12
    |
544 |     pub fn add_result(&mut self, test_name: String, result: TestResult) {
    |            ^^^^^^^^^^            -----------------
help: try using a conversion method
    |
 60 |         results.add_result("secure_communication".to_string(), self.test_secure_communication().await);
    |                                                  ++++++++++++

error[E0308]: mismatched types
   --> crates\fortress-core\src\tee_integration_tests.rs:63:28
    |
 63 |         results.add_result("attestation_verification", self.test_attestation_verification().await);
    |                 ---------- ^^^^^^^^^^^^^^^^^^^^^^^^^^ expected `String`, found `&str`
    |                 |
    |                 arguments to this method are incorrect
    |
note: method defined here
   --> crates\fortress-core\src\tee_integration_tests.rs:544:12
    |
544 |     pub fn add_result(&mut self, test_name: String, result: TestResult) {
    |            ^^^^^^^^^^            -----------------
help: try using a conversion method
    |
 63 |         results.add_result("attestation_verification".to_string(), self.test_attestation_verification().await);
    |                                                      ++++++++++++

error[E0308]: mismatched types
   --> crates\fortress-core\src\tee_integration_tests.rs:66:28
    |
 66 |         results.add_result("tee_key_management", self.test_tee_key_management().await);
    |                 ---------- ^^^^^^^^^^^^^^^^^^^^ expected `String`, found `&str`
    |                 |
    |                 arguments to this method are incorrect
    |
note: method defined here
   --> crates\fortress-core\src\tee_integration_tests.rs:544:12
    |
544 |     pub fn add_result(&mut self, test_name: String, result: TestResult) {
    |            ^^^^^^^^^^            -----------------
help: try using a conversion method
    |
 66 |         results.add_result("tee_key_management".to_string(), self.test_tee_key_management().await);
    |                                                ++++++++++++

error[E0308]: mismatched types
   --> crates\fortress-core\src\tee_integration_tests.rs:69:28
    |
 69 |         results.add_result("end_to_end_workflow", self.test_end_to_end_workflow().await);
    |                 ---------- ^^^^^^^^^^^^^^^^^^^^^ expected `String`, found `&str`
    |                 |
    |                 arguments to this method are incorrect
    |
note: method defined here
   --> crates\fortress-core\src\tee_integration_tests.rs:544:12
    |
544 |     pub fn add_result(&mut self, test_name: String, result: TestResult) {
    |            ^^^^^^^^^^            -----------------
help: try using a conversion method
    |
 69 |         results.add_result("end_to_end_workflow".to_string(), self.test_end_to_end_workflow().await);
    |                                                 ++++++++++++

error[E0308]: mismatched types
   --> crates\fortress-core\src\tee_integration_tests.rs:72:28
    |
 72 |         results.add_result("error_handling", self.test_error_handling().await);
    |                 ---------- ^^^^^^^^^^^^^^^^ expected `String`, found `&str`
    |                 |
    |                 arguments to this method are incorrect
    |
note: method defined here
   --> crates\fortress-core\src\tee_integration_tests.rs:544:12
    |
544 |     pub fn add_result(&mut self, test_name: String, result: TestResult) {
    |            ^^^^^^^^^^            -----------------
help: try using a conversion method
    |
 72 |         results.add_result("error_handling".to_string(), self.test_error_handling().await);
    |                                            ++++++++++++

error[E0308]: mismatched types
   --> crates\fortress-core\src\tee_integration_tests.rs:187:26
    |
187 |             session_key: crate::key::SecureKey::generate(32),
    |                          ^^^^^^^^^^^^^^^^^^^^^^^^^^^^^^^^^^^ expected `SecureKey`, found `Result<SecureKey, FortressError>`
    |
    = note: expected struct `encryption::SecureKey`
                 found enum `std::result::Result<encryption::SecureKey, error::FortressError>`
help: consider using `Result::expect` to unwrap the `std::result::Result<encryption::SecureKey, error::FortressError>` value, panicking if the value is a `Result::Err`
    |
187 |             session_key: crate::key::SecureKey::generate(32).expect("REASON"),
    |                                                             +++++++++++++++++

error[E0063]: missing field `wasm_module` in initializer of `PluginMetadata`
   --> crates\fortress-core\src\auth_plugin.rs:261:32
    |
261 |         let _plugin_metadata = PluginMetadata {
    |                                ^^^^^^^^^^^^^^ missing `wasm_module`

error[E0599]: no variant or associated item named `Standard` found for enum `audit::SecurityLevel` in the current scope
   --> crates\fortress-core\src\key_rotation_optimized.rs:707:44
    |
707 |             security_level: SecurityLevel::Standard,
    |                                            ^^^^^^^^ variant or associated item not found in `audit::SecurityLevel`
    |
   ::: crates\fortress-core\src\audit.rs:73:1
    |
 73 | pub enum SecurityLevel {
    | ---------------------- variant or associated item `Standard` not found for this enum

error[E0599]: no variant or associated item named `Standard` found for enum `audit::SecurityLevel` in the current scope
   --> crates\fortress-core\src\key_rotation_optimized.rs:754:44
    |
754 |             security_level: SecurityLevel::Standard,
    |                                            ^^^^^^^^ variant or associated item not found in `audit::SecurityLevel`
    |
   ::: crates\fortress-core\src\audit.rs:73:1
    |
 73 | pub enum SecurityLevel {
    | ---------------------- variant or associated item `Standard` not found for this enum

error[E0063]: missing fields `connection_pool_size`, `connection_timeout` and `max_connections` in initializer of `storage::StorageConfig`
    --> crates\fortress-core\src\storage.rs:1775:22
     |
1775 |         let config = StorageConfig {
     |                      ^^^^^^^^^^^^^ missing `connection_pool_size`, `connection_timeout` and `max_connections`

error[E0063]: missing fields `connection_pool_size`, `connection_timeout` and `max_connections` in initializer of `storage::StorageConfig`
    --> crates\fortress-core\src\storage.rs:1789:22
     |
1789 |         let config = StorageConfig {
     |                      ^^^^^^^^^^^^^ missing `connection_pool_size`, `connection_timeout` and `max_connections`

error[E0063]: missing fields `connection_pool_size`, `connection_timeout` and `max_connections` in initializer of `storage::StorageConfig`
    --> crates\fortress-core\src\storage.rs:1804:22
     |
1804 |         let config = StorageConfig {
     |                      ^^^^^^^^^^^^^ missing `connection_pool_size`, `connection_timeout` and `max_connections`

error[E0063]: missing fields `connection_pool_size`, `connection_timeout` and `max_connections` in initializer of `storage::StorageConfig`
    --> crates\fortress-core\src\storage.rs:1839:25
     |
1839 |         let s3_config = StorageConfig {
     |                         ^^^^^^^^^^^^^ missing `connection_pool_size`, `connection_timeout` and `max_connections`

error[E0063]: missing fields `connection_pool_size`, `connection_timeout` and `max_connections` in initializer of `storage::StorageConfig`
    --> crates\fortress-core\src\storage.rs:1871:28
     |
1871 |         let azure_config = StorageConfig {
     |                            ^^^^^^^^^^^^^ missing `connection_pool_size`, `connection_timeout` and `max_connections`

error[E0599]: no function or associated item named `new` found for struct `auth::Role` in the current scope
    --> crates\fortress-core\src\policy.rs:2344:26
     |
2344 |         let role = Role::new("test")
     |                          ^^^ function or associated item not found in `auth::Role`
     |
    ::: crates\fortress-core\src\auth.rs:49:1
     |
  49 | pub struct Role {
     | --------------- function or associated item `new` not found for this struct
     |
     = help: items from traits can only be used if the trait is implemented and in scope
     = note: the following traits define an item `new`, perhaps you need to implement one of them:
             candidate #1: `Bit`
             candidate #2: `BoundKey`
             candidate #3: `KeyIvInit`
             candidate #4: `UniformSampler`
             candidate #5: `VariableOutput`
             candidate #6: `VariableOutputCore`
             candidate #7: `chacha20poly1305::KeyInit`
             candidate #8: `cranelift_codegen::MachInstEmitState`
             candidate #9: `criterion::stats::tuple::TupledDistributionsBuilder`
             candidate #10: `crypto_mac::Mac`
             candidate #11: `curve25519_dalek::traits::VartimePrecomputedMultiscalarMul`
             candidate #12: `curve25519_dalek_ng::traits::VartimePrecomputedMultiscalarMul`
             candidate #13: `digest::Digest`
             candidate #14: `digest::Digest`
             candidate #15: `digest::VariableOutput`
             candidate #16: `digest::VariableOutput`
             candidate #17: `digest::VariableOutputDirty`
             candidate #18: `futures_intrusive::buffer::ring_buffer::RingBuf`
             candidate #19: `gimli::read::lookup::PubStuffEntry`
             candidate #20: `hmac::Mac`
             candidate #21: `itertools::adaptors::coalesce::CountItem`
             candidate #22: `parking_lot_core::thread_parker::ThreadParkerT`
             candidate #23: `plotters::style::font::FontData`
             candidate #24: `rand::distr::uniform::UniformSampler`
             candidate #25: `rand::distr::uniform::UniformSampler`
             candidate #26: `rand::distributions::uniform::UniformSampler`
             candidate #27: `rand::distributions::uniform::UniformSampler`
             candidate #28: `ring::aead::BoundKey`
             candidate #29: `serde_with::duplicate_key_impls::error_on_duplicate::PreventDuplicateInsertsMap`
             candidate #30: `serde_with::duplicate_key_impls::error_on_duplicate::PreventDuplicateInsertsSet`
             candidate #31: `serde_with::duplicate_key_impls::first_value_wins::DuplicateInsertsFirstWinsMap`
             candidate #32: `serde_with::duplicate_key_impls::last_value_wins::DuplicateInsertsLastWinsSet`
             candidate #33: `sha2::Digest`
             candidate #34: `wasmtime_environ::EntityRef`

error[E0599]: no function or associated item named `new` found for struct `auth::Role` in the current scope
    --> crates\fortress-core\src\policy.rs:2370:26
     |
2370 |         let role = Role::new("readonly")
     |                          ^^^ function or associated item not found in `auth::Role`
     |
    ::: crates\fortress-core\src\auth.rs:49:1
     |
  49 | pub struct Role {
     | --------------- function or associated item `new` not found for this struct
     |
     = help: items from traits can only be used if the trait is implemented and in scope
     = note: the following traits define an item `new`, perhaps you need to implement one of them:
             candidate #1: `Bit`
             candidate #2: `BoundKey`
             candidate #3: `KeyIvInit`
             candidate #4: `UniformSampler`
             candidate #5: `VariableOutput`
             candidate #6: `VariableOutputCore`
             candidate #7: `chacha20poly1305::KeyInit`
             candidate #8: `cranelift_codegen::MachInstEmitState`
             candidate #9: `criterion::stats::tuple::TupledDistributionsBuilder`
             candidate #10: `crypto_mac::Mac`
             candidate #11: `curve25519_dalek::traits::VartimePrecomputedMultiscalarMul`
             candidate #12: `curve25519_dalek_ng::traits::VartimePrecomputedMultiscalarMul`
             candidate #13: `digest::Digest`
             candidate #14: `digest::Digest`
             candidate #15: `digest::VariableOutput`
             candidate #16: `digest::VariableOutput`
             candidate #17: `digest::VariableOutputDirty`
             candidate #18: `futures_intrusive::buffer::ring_buffer::RingBuf`
             candidate #19: `gimli::read::lookup::PubStuffEntry`
             candidate #20: `hmac::Mac`
             candidate #21: `itertools::adaptors::coalesce::CountItem`
             candidate #22: `parking_lot_core::thread_parker::ThreadParkerT`
             candidate #23: `plotters::style::font::FontData`
             candidate #24: `rand::distr::uniform::UniformSampler`
             candidate #25: `rand::distr::uniform::UniformSampler`
             candidate #26: `rand::distributions::uniform::UniformSampler`
             candidate #27: `rand::distributions::uniform::UniformSampler`
             candidate #28: `ring::aead::BoundKey`
             candidate #29: `serde_with::duplicate_key_impls::error_on_duplicate::PreventDuplicateInsertsMap`
             candidate #30: `serde_with::duplicate_key_impls::error_on_duplicate::PreventDuplicateInsertsSet`
             candidate #31: `serde_with::duplicate_key_impls::first_value_wins::DuplicateInsertsFirstWinsMap`
             candidate #32: `serde_with::duplicate_key_impls::last_value_wins::DuplicateInsertsLastWinsSet`
             candidate #33: `sha2::Digest`
             candidate #34: `wasmtime_environ::EntityRef`

error[E0599]: no function or associated item named `new` found for struct `auth::Role` in the current scope
    --> crates\fortress-core\src\policy.rs:2404:26
     |
2404 |         let role = Role::new("db_access")
     |                          ^^^ function or associated item not found in `auth::Role`
     |
    ::: crates\fortress-core\src\auth.rs:49:1
     |
  49 | pub struct Role {
     | --------------- function or associated item `new` not found for this struct
     |
     = help: items from traits can only be used if the trait is implemented and in scope
     = note: the following traits define an item `new`, perhaps you need to implement one of them:
             candidate #1: `Bit`
             candidate #2: `BoundKey`
             candidate #3: `KeyIvInit`
             candidate #4: `UniformSampler`
             candidate #5: `VariableOutput`
             candidate #6: `VariableOutputCore`
             candidate #7: `chacha20poly1305::KeyInit`
             candidate #8: `cranelift_codegen::MachInstEmitState`
             candidate #9: `criterion::stats::tuple::TupledDistributionsBuilder`
             candidate #10: `crypto_mac::Mac`
             candidate #11: `curve25519_dalek::traits::VartimePrecomputedMultiscalarMul`
             candidate #12: `curve25519_dalek_ng::traits::VartimePrecomputedMultiscalarMul`
             candidate #13: `digest::Digest`
             candidate #14: `digest::Digest`
             candidate #15: `digest::VariableOutput`
             candidate #16: `digest::VariableOutput`
             candidate #17: `digest::VariableOutputDirty`
             candidate #18: `futures_intrusive::buffer::ring_buffer::RingBuf`
             candidate #19: `gimli::read::lookup::PubStuffEntry`
             candidate #20: `hmac::Mac`
             candidate #21: `itertools::adaptors::coalesce::CountItem`
             candidate #22: `parking_lot_core::thread_parker::ThreadParkerT`
             candidate #23: `plotters::style::font::FontData`
             candidate #24: `rand::distr::uniform::UniformSampler`
             candidate #25: `rand::distr::uniform::UniformSampler`
             candidate #26: `rand::distributions::uniform::UniformSampler`
             candidate #27: `rand::distributions::uniform::UniformSampler`
             candidate #28: `ring::aead::BoundKey`
             candidate #29: `serde_with::duplicate_key_impls::error_on_duplicate::PreventDuplicateInsertsMap`
             candidate #30: `serde_with::duplicate_key_impls::error_on_duplicate::PreventDuplicateInsertsSet`
             candidate #31: `serde_with::duplicate_key_impls::first_value_wins::DuplicateInsertsFirstWinsMap`
             candidate #32: `serde_with::duplicate_key_impls::last_value_wins::DuplicateInsertsLastWinsSet`
             candidate #33: `sha2::Digest`
             candidate #34: `wasmtime_environ::EntityRef`

error[E0599]: no function or associated item named `new` found for struct `auth::Role` in the current scope
    --> crates\fortress-core\src\policy.rs:2470:26
     |
2470 |         let role = Role::new("time_restricted")
     |                          ^^^ function or associated item not found in `auth::Role`
     |
    ::: crates\fortress-core\src\auth.rs:49:1
     |
  49 | pub struct Role {
     | --------------- function or associated item `new` not found for this struct
     |
     = help: items from traits can only be used if the trait is implemented and in scope
     = note: the following traits define an item `new`, perhaps you need to implement one of them:
             candidate #1: `Bit`
             candidate #2: `BoundKey`
             candidate #3: `KeyIvInit`
             candidate #4: `UniformSampler`
             candidate #5: `VariableOutput`
             candidate #6: `VariableOutputCore`
             candidate #7: `chacha20poly1305::KeyInit`
             candidate #8: `cranelift_codegen::MachInstEmitState`
             candidate #9: `criterion::stats::tuple::TupledDistributionsBuilder`
             candidate #10: `crypto_mac::Mac`
             candidate #11: `curve25519_dalek::traits::VartimePrecomputedMultiscalarMul`
             candidate #12: `curve25519_dalek_ng::traits::VartimePrecomputedMultiscalarMul`
             candidate #13: `digest::Digest`
             candidate #14: `digest::Digest`
             candidate #15: `digest::VariableOutput`
             candidate #16: `digest::VariableOutput`
             candidate #17: `digest::VariableOutputDirty`
             candidate #18: `futures_intrusive::buffer::ring_buffer::RingBuf`
             candidate #19: `gimli::read::lookup::PubStuffEntry`
             candidate #20: `hmac::Mac`
             candidate #21: `itertools::adaptors::coalesce::CountItem`
             candidate #22: `parking_lot_core::thread_parker::ThreadParkerT`
             candidate #23: `plotters::style::font::FontData`
             candidate #24: `rand::distr::uniform::UniformSampler`
             candidate #25: `rand::distr::uniform::UniformSampler`
             candidate #26: `rand::distributions::uniform::UniformSampler`
             candidate #27: `rand::distributions::uniform::UniformSampler`
             candidate #28: `ring::aead::BoundKey`
             candidate #29: `serde_with::duplicate_key_impls::error_on_duplicate::PreventDuplicateInsertsMap`
             candidate #30: `serde_with::duplicate_key_impls::error_on_duplicate::PreventDuplicateInsertsSet`
             candidate #31: `serde_with::duplicate_key_impls::first_value_wins::DuplicateInsertsFirstWinsMap`
             candidate #32: `serde_with::duplicate_key_impls::last_value_wins::DuplicateInsertsLastWinsSet`
             candidate #33: `sha2::Digest`
             candidate #34: `wasmtime_environ::EntityRef`

error[E0599]: no function or associated item named `new` found for struct `auth::Role` in the current scope
    --> crates\fortress-core\src\policy.rs:2518:26
     |
2518 |         let role = Role::new("ip_restricted")
     |                          ^^^ function or associated item not found in `auth::Role`
     |
    ::: crates\fortress-core\src\auth.rs:49:1
     |
  49 | pub struct Role {
     | --------------- function or associated item `new` not found for this struct
     |
     = help: items from traits can only be used if the trait is implemented and in scope
     = note: the following traits define an item `new`, perhaps you need to implement one of them:
             candidate #1: `Bit`
             candidate #2: `BoundKey`
             candidate #3: `KeyIvInit`
             candidate #4: `UniformSampler`
             candidate #5: `VariableOutput`
             candidate #6: `VariableOutputCore`
             candidate #7: `chacha20poly1305::KeyInit`
             candidate #8: `cranelift_codegen::MachInstEmitState`
             candidate #9: `criterion::stats::tuple::TupledDistributionsBuilder`
             candidate #10: `crypto_mac::Mac`
             candidate #11: `curve25519_dalek::traits::VartimePrecomputedMultiscalarMul`
             candidate #12: `curve25519_dalek_ng::traits::VartimePrecomputedMultiscalarMul`
             candidate #13: `digest::Digest`
             candidate #14: `digest::Digest`
             candidate #15: `digest::VariableOutput`
             candidate #16: `digest::VariableOutput`
             candidate #17: `digest::VariableOutputDirty`
             candidate #18: `futures_intrusive::buffer::ring_buffer::RingBuf`
             candidate #19: `gimli::read::lookup::PubStuffEntry`
             candidate #20: `hmac::Mac`
             candidate #21: `itertools::adaptors::coalesce::CountItem`
             candidate #22: `parking_lot_core::thread_parker::ThreadParkerT`
             candidate #23: `plotters::style::font::FontData`
             candidate #24: `rand::distr::uniform::UniformSampler`
             candidate #25: `rand::distr::uniform::UniformSampler`
             candidate #26: `rand::distributions::uniform::UniformSampler`
             candidate #27: `rand::distributions::uniform::UniformSampler`
             candidate #28: `ring::aead::BoundKey`
             candidate #29: `serde_with::duplicate_key_impls::error_on_duplicate::PreventDuplicateInsertsMap`
             candidate #30: `serde_with::duplicate_key_impls::error_on_duplicate::PreventDuplicateInsertsSet`
             candidate #31: `serde_with::duplicate_key_impls::first_value_wins::DuplicateInsertsFirstWinsMap`
             candidate #32: `serde_with::duplicate_key_impls::last_value_wins::DuplicateInsertsLastWinsSet`
             candidate #33: `sha2::Digest`
             candidate #34: `wasmtime_environ::EntityRef`

error[E0599]: no function or associated item named `new` found for struct `auth::Role` in the current scope
    --> crates\fortress-core\src\policy.rs:2582:26
     |
2582 |         let role = Role::new("attr_restricted")
     |                          ^^^ function or associated item not found in `auth::Role`
     |
    ::: crates\fortress-core\src\auth.rs:49:1
     |
  49 | pub struct Role {
     | --------------- function or associated item `new` not found for this struct
     |
     = help: items from traits can only be used if the trait is implemented and in scope
     = note: the following traits define an item `new`, perhaps you need to implement one of them:
             candidate #1: `Bit`
             candidate #2: `BoundKey`
             candidate #3: `KeyIvInit`
             candidate #4: `UniformSampler`
             candidate #5: `VariableOutput`
             candidate #6: `VariableOutputCore`
             candidate #7: `chacha20poly1305::KeyInit`
             candidate #8: `cranelift_codegen::MachInstEmitState`
             candidate #9: `criterion::stats::tuple::TupledDistributionsBuilder`
             candidate #10: `crypto_mac::Mac`
             candidate #11: `curve25519_dalek::traits::VartimePrecomputedMultiscalarMul`
             candidate #12: `curve25519_dalek_ng::traits::VartimePrecomputedMultiscalarMul`
             candidate #13: `digest::Digest`
             candidate #14: `digest::Digest`
             candidate #15: `digest::VariableOutput`
             candidate #16: `digest::VariableOutput`
             candidate #17: `digest::VariableOutputDirty`
             candidate #18: `futures_intrusive::buffer::ring_buffer::RingBuf`
             candidate #19: `gimli::read::lookup::PubStuffEntry`
             candidate #20: `hmac::Mac`
             candidate #21: `itertools::adaptors::coalesce::CountItem`
             candidate #22: `parking_lot_core::thread_parker::ThreadParkerT`
             candidate #23: `plotters::style::font::FontData`
             candidate #24: `rand::distr::uniform::UniformSampler`
             candidate #25: `rand::distr::uniform::UniformSampler`
             candidate #26: `rand::distributions::uniform::UniformSampler`
             candidate #27: `rand::distributions::uniform::UniformSampler`
             candidate #28: `ring::aead::BoundKey`
             candidate #29: `serde_with::duplicate_key_impls::error_on_duplicate::PreventDuplicateInsertsMap`
             candidate #30: `serde_with::duplicate_key_impls::error_on_duplicate::PreventDuplicateInsertsSet`
             candidate #31: `serde_with::duplicate_key_impls::first_value_wins::DuplicateInsertsFirstWinsMap`
             candidate #32: `serde_with::duplicate_key_impls::last_value_wins::DuplicateInsertsLastWinsSet`
             candidate #33: `sha2::Digest`
             candidate #34: `wasmtime_environ::EntityRef`

error[E0609]: no field `key_size` on type `key::KeyMetadata`
    --> crates\fortress-core\src\hsm.rs:3554:29
     |
3554 |         assert_eq!(metadata.key_size, 256);
     |                             ^^^^^^^^ unknown field
     |
     = note: available fields are: `key_id`, `id`, `algorithm`, `version`, `created_at` ... and 4 others

error[E0609]: no field `key_size` on type `key::KeyMetadata`
    --> crates\fortress-core\src\hsm.rs:3621:30
     |
3621 |             assert!(metadata.key_size > 0, "Key size should be positive");
     |                              ^^^^^^^^ unknown field
     |
     = note: available fields are: `key_id`, `id`, `algorithm`, `version`, `created_at` ... and 4 others

error[E0061]: this method takes 4 arguments but 3 arguments were supplied
   --> crates\fortress-core\src\audit_zk_proofs.rs:671:31
    |
671 |         let proof = generator.generate_membership_proof("event_hash_123", membership_params, metadata).unwrap();
    |                               ^^^^^^^^^^^^^^^^^^^^^^^^^                   ----------------- argument #2 of type `&[std::string::String]` is missing
    |
note: method defined here
   --> crates\fortress-core\src\audit_zk_proofs.rs:222:12
    |
222 |     pub fn generate_membership_proof(
    |            ^^^^^^^^^^^^^^^^^^^^^^^^^
...
225 |         _event_set: &[String],
    |         ---------------------
help: provide the argument
    |
671 |         let proof = generator.generate_membership_proof("event_hash_123", /* &[std::string::String] */, membership_params, metadata).unwrap();
    |                                                                           +++++++++++++++++++++++++++++

error[E0308]: mismatched types
    --> crates\fortress-core\src\audit_tamper_detection.rs:1573:43
     |
1573 |         let notifier = AlertNotifier::new(channels);
     |                        ------------------ ^^^^^^^^ expected `AlertChannel`, found `Vec<AlertChannel>`
     |                        |
     |                        arguments to this function are incorrect
     |
     = note: expected enum `audit_tamper_detection::AlertChannel`
              found struct `Vec<audit_tamper_detection::AlertChannel>`
note: associated function defined here
    --> crates\fortress-core\src\audit_tamper_detection.rs:1023:12
     |
1023 |     pub fn new(channel: AlertChannel) -> Self {
     |            ^^^ ---------------------
help: try wrapping the expression in `audit_tamper_detection::AlertChannel::Multiple`
     |
1573 |         let notifier = AlertNotifier::new(audit_tamper_detection::AlertChannel::Multiple(channels));
     |                                           +++++++++++++++++++++++++++++++++++++++++++++++        +

error[E0599]: no method named `is_empty` found for unit type `()` in the current scope
    --> crates\fortress-core\src\cluster.rs:1181:35
     |
1181 |         assert!(!discovered_nodes.is_empty());
     |                                   ^^^^^^^^ method not found in `()`

error[E0599]: no method named `join_cluster` found for struct `cluster::ClusterManager` in the current scope
    --> crates\fortress-core\src\cluster.rs:1184:36
     |
 210 | pub struct ClusterManager {
     | ------------------------- method `join_cluster` not found for this struct
...
1184 |         let join_result = manager1.join_cluster().await;
     |                                    ^^^^^^^^^^^^ method not found in `cluster::ClusterManager`

error[E0599]: no method named `start_election` found for struct `cluster::ClusterManager` in the current scope
    --> crates\fortress-core\src\cluster.rs:1206:39
     |
 210 | pub struct ClusterManager {
     | ------------------------- method `start_election` not found for this struct
...
1206 |         let election_result = manager.start_election().await;
     |                                       ^^^^^^^^^^^^^^ method not found in `cluster::ClusterManager`

error[E0061]: this method takes 2 arguments but 1 argument was supplied
    --> crates\fortress-core\src\cluster.rs:1237:42
     |
1237 |         let replication_result = manager.replicate_data(test_data).await;
     |                                          ^^^^^^^^^^^^^^-----------
     |                                                        ||
     |                                                        |expected `String`, found `&[u8; 21]`
     |                                                        argument #2 of type `Vec<u8>` is missing
     |
note: method defined here
    --> crates\fortress-core\src\cluster.rs:680:18
     |
 680 |     pub async fn replicate_data(&self, key: String, data: Vec<u8>) -> Result<()> {
     |                  ^^^^^^^^^^^^^^        -----------  -------------
help: provide the argument
     |
1237 -         let replication_result = manager.replicate_data(test_data).await;
1237 +         let replication_result = manager.replicate_data(/* std::string::String */, /* Vec<u8> */).await;
     |

error[E0599]: no method named `get_replication_status` found for struct `cluster::ClusterManager` in the current scope
    --> crates\fortress-core\src\cluster.rs:1241:42
     |
 210 | pub struct ClusterManager {
     | ------------------------- method `get_replication_status` not found for this struct
...
1241 |         let replication_status = manager.get_replication_status().await;
     |                                          ^^^^^^^^^^^^^^^^^^^^^^
     |
help: there is a method `get_health_status` with a similar name
     |
1241 -         let replication_status = manager.get_replication_status().await;
1241 +         let replication_status = manager.get_health_status().await;
     |

error[E0599]: no method named `simulate_partition` found for struct `cluster::ClusterManager` in the current scope
    --> crates\fortress-core\src\cluster.rs:1261:17
     |
 210 | pub struct ClusterManager {
     | ------------------------- method `simulate_partition` not found for this struct
...
1261 |         manager.simulate_partition(true).await;
     |                 ^^^^^^^^^^^^^^^^^^ method not found in `cluster::ClusterManager`

error[E0609]: no field `is_healthy` on type `ClusterHealth`
    --> crates\fortress-core\src\cluster.rs:1265:25
     |
1265 |         assert!(!health.is_healthy);
     |                         ^^^^^^^^^^ unknown field
     |
     = note: available fields are: `total_nodes`, `active_nodes`, `leader`, `has_quorum`, `replication_factor` ... and 3 others

error[E0599]: no method named `simulate_partition` found for struct `cluster::ClusterManager` in the current scope
    --> crates\fortress-core\src\cluster.rs:1268:17
     |
 210 | pub struct ClusterManager {
     | ------------------------- method `simulate_partition` not found for this struct
...
1268 |         manager.simulate_partition(false).await;
     |                 ^^^^^^^^^^^^^^^^^^ method not found in `cluster::ClusterManager`

error[E0609]: no field `is_healthy` on type `ClusterHealth`
    --> crates\fortress-core\src\cluster.rs:1272:24
     |
1272 |         assert!(health.is_healthy);
     |                        ^^^^^^^^^^ unknown field
     |
     = note: available fields are: `total_nodes`, `active_nodes`, `leader`, `has_quorum`, `replication_factor` ... and 3 others

error[E0599]: no method named `handle_node_leave` found for struct `cluster::ClusterManager` in the current scope
    --> crates\fortress-core\src\cluster.rs:1306:36
     |
 210 | pub struct ClusterManager {
     | ------------------------- method `handle_node_leave` not found for this struct
...
1306 |         let leave_result = manager.handle_node_leave(new_node.id).await;
     |                                    ^^^^^^^^^^^^^^^^^ method not found in `cluster::ClusterManager`

error[E0599]: no method named `select_target_node` found for struct `cluster::ClusterManager` in the current scope
    --> crates\fortress-core\src\cluster.rs:1342:35
     |
 210 | pub struct ClusterManager {
     | ------------------------- method `select_target_node` not found for this struct
...
1342 |         let target_node = manager.select_target_node().await;
     |                                   ^^^^^^^^^^^^^^^^^^ method not found in `cluster::ClusterManager`

error[E0599]: no method named `select_load_balanced_node` found for struct `cluster::ClusterManager` in the current scope
    --> crates\fortress-core\src\cluster.rs:1346:37
     |
 210 | pub struct ClusterManager {
     | ------------------------- method `select_load_balanced_node` not found for this struct
...
1346 |         let balanced_node = manager.select_load_balanced_node().await;
     |                                     ^^^^^^^^^^^^^^^^^^^^^^^^^ method not found in `cluster::ClusterManager`

error[E0599]: no method named `simulate_leader_failure` found for struct `cluster::ClusterManager` in the current scope
    --> crates\fortress-core\src\cluster.rs:1370:17
     |
 210 | pub struct ClusterManager {
     | ------------------------- method `simulate_leader_failure` not found for this struct
...
1370 |         manager.simulate_leader_failure().await;
     |                 ^^^^^^^^^^^^^^^^^^^^^^^ method not found in `cluster::ClusterManager`

error[E0599]: no method named `get_config` found for struct `cluster::ClusterManager` in the current scope
    --> crates\fortress-core\src\cluster.rs:1393:38
     |
 210 | pub struct ClusterManager {
     | ------------------------- method `get_config` not found for this struct
...
1393 |         let current_config = manager.get_config().await;
     |                                      ^^^^^^^^^^ method not found in `cluster::ClusterManager`

error[E0599]: no method named `update_config` found for struct `cluster::ClusterManager` in the current scope
    --> crates\fortress-core\src\cluster.rs:1408:37
     |
 210 | pub struct ClusterManager {
     | ------------------------- method `update_config` not found for this struct
...
1408 |         let update_result = manager.update_config(new_config).await;
     |                                     ^^^^^^^^^^^^^ method not found in `cluster::ClusterManager`

error[E0599]: no method named `get_config` found for struct `cluster::ClusterManager` in the current scope
    --> crates\fortress-core\src\cluster.rs:1411:38
     |
 210 | pub struct ClusterManager {
     | ------------------------- method `get_config` not found for this struct
...
1411 |         let updated_config = manager.get_config().await;
     |                                      ^^^^^^^^^^ method not found in `cluster::ClusterManager`

error[E0599]: no method named `get_performance_metrics` found for struct `cluster::ClusterManager` in the current scope
    --> crates\fortress-core\src\cluster.rs:1437:31
     |
 210 | pub struct ClusterManager {
     | ------------------------- method `get_performance_metrics` not found for this struct
...
1437 |         let metrics = manager.get_performance_metrics().await;
     |                               ^^^^^^^^^^^^^^^^^^^^^^^ method not found in `cluster::ClusterManager`

error[E0599]: no method named `authenticate_node` found for struct `cluster::ClusterManager` in the current scope
    --> crates\fortress-core\src\cluster.rs:1476:35
     |
 210 | pub struct ClusterManager {
     | ------------------------- method `authenticate_node` not found for this struct
...
1476 |         let auth_result = manager.authenticate_node(&trusted_node).await;
     |                                   ^^^^^^^^^^^^^^^^^ method not found in `cluster::ClusterManager`

error[E0599]: no method named `authenticate_node` found for struct `cluster::ClusterManager` in the current scope
    --> crates\fortress-core\src\cluster.rs:1492:37
     |
 210 | pub struct ClusterManager {
     | ------------------------- method `authenticate_node` not found for this struct
...
1492 |         let unauth_result = manager.authenticate_node(&untrusted_node).await;
     |                                     ^^^^^^^^^^^^^^^^^ method not found in `cluster::ClusterManager`

error[E0599]: no method named `clone` found for struct `cluster::ClusterManager` in the current scope
    --> crates\fortress-core\src\cluster.rs:1514:41
     |
 210 | pub struct ClusterManager {
     | ------------------------- method `clone` not found for this struct
...
1514 |             let manager_clone = manager.clone();
     |                                         ^^^^^ method not found in `cluster::ClusterManager`
     |
     = help: items from traits can only be used if the trait is implemented and in scope
     = note: the following trait defines an item `clone`, perhaps you need to implement it:
             candidate #1: `Clone`

error[E0599]: no method named `clone` found for struct `cluster::ClusterManager` in the current scope
    --> crates\fortress-core\src\cluster.rs:1531:45
     |
 210 | pub struct ClusterManager {
     | ------------------------- method `clone` not found for this struct
...
1531 |             let mut manager_clone = manager.clone();
     |                                             ^^^^^ method not found in `cluster::ClusterManager`
     |
     = help: items from traits can only be used if the trait is implemented and in scope
     = note: the following trait defines an item `clone`, perhaps you need to implement it:
             candidate #1: `Clone`

error[E0063]: missing field `auto_cleanup` in initializer of `backup::RetentionPolicy`
   --> crates\fortress-core\src\backup_manager_improvements.rs:440:40
    |
440 |         config.retention_policy = Some(crate::backup::RetentionPolicy {
    |                                        ^^^^^^^^^^^^^^^^^^^^^^^^^^^^^^ missing `auto_cleanup`

error[E0308]: mismatched types
   --> crates\fortress-core\src\backup_manager_improvements.rs:440:35
    |
440 |           config.retention_policy = Some(crate::backup::RetentionPolicy {
    |  _________-----------------------___^
    | |         |
    | |         expected due to the type of this binding
441 | |             max_full_backups: 0,
442 | |             max_incremental_backups: 10,
443 | |             max_age_days: 30,
444 | |         });
    | |__________^ expected `RetentionPolicy`, found `Option<RetentionPolicy>`
    |
    = note: expected struct `backup::RetentionPolicy`
                 found enum `std::option::Option<backup::RetentionPolicy>`

error[E0624]: method `get_config` is private
   --> crates\fortress-core\src\backup_manager_improvements.rs:462:87
    |
462 |         let _backup = manager.create_backup_enhanced(&*source_storage, &manager.inner.get_config().await).await.unwrap();
    |                                                                                       ^^^^^^^^^^ private method
    |
   ::: crates\fortress-core\src\backup_manager.rs:58:5
    |
 58 |     async fn get_config(&self) -> BackupConfig {
    |     ------------------------------------------ private method defined here

error[E0624]: method `get_config` is private
   --> crates\fortress-core\src\backup_manager_improvements.rs:492:86
    |
492 |         let backup = manager.create_backup_enhanced(&*source_storage, &manager.inner.get_config().await).await.unwrap();
    |                                                                                      ^^^^^^^^^^ private method
    |
   ::: crates\fortress-core\src\backup_manager.rs:58:5
    |
 58 |     async fn get_config(&self) -> BackupConfig {
    |     ------------------------------------------ private method defined here

error[E0599]: no method named `try_lock` found for struct `Arc<RwLock<HashMap<String, BackupSchedule>>>` in the current scope
   --> crates\fortress-core\src\backup_scheduler.rs:387:38
    |
387 |         assert!(!scheduler.schedules.try_lock().unwrap().is_empty());
    |                                      ^^^^^^^^ method not found in `Arc<RwLock<HashMap<String, BackupSchedule>>>`

error[E0061]: this function takes 0 arguments but 1 argument was supplied
   --> crates\fortress-core\src\key_database.rs:866:13
    |
866 |             KeyId::new(id),
    |             ^^^^^^^^^^ -- unexpected argument of type `&str`
    |
note: associated function defined here
   --> C:\ProgramData\chocolatey\lib\rust\tools\lib/rustlib/src/rust\library\alloc\src\string.rs:444:18
    |
444 |     pub const fn new() -> String {
    |                  ^^^
help: remove the extra argument
    |
866 -             KeyId::new(id),
866 +             KeyId::new(),
    |

error[E0308]: mismatched types
   --> crates\fortress-core\src\key_database.rs:871:13
    |
865 |         let metadata = KeyMetadata::new(
    |                        ---------------- arguments to this function are incorrect
...
871 |             KeyPurpose::DataEncryption,
    |             ^^^^^^^^^^^^^^^^^^^^^^^^^^ expected `String`, found `KeyPurpose`
    |
note: associated function defined here
   --> crates\fortress-core\src\key.rs:855:12
    |
855 |     pub fn new(
    |            ^^^
...
867 |         purpose: String,
    |         ---------------

error[E0061]: this function takes 0 arguments but 1 argument was supplied
   --> crates\fortress-core\src\key_database.rs:902:22
    |
902 |         let key_id = KeyId::new("test_key_1");
    |                      ^^^^^^^^^^ ------------ unexpected argument of type `&'static str`
    |
note: associated function defined here
   --> C:\ProgramData\chocolatey\lib\rust\tools\lib/rustlib/src/rust\library\alloc\src\string.rs:444:18
    |
444 |     pub const fn new() -> String {
    |                  ^^^
help: remove the extra argument
    |
902 -         let key_id = KeyId::new("test_key_1");
902 +         let key_id = KeyId::new();
    |

error[E0061]: this function takes 0 arguments but 1 argument was supplied
   --> crates\fortress-core\src\key_database.rs:926:22
    |
926 |         let key_id = KeyId::new("exists_test");
    |                      ^^^^^^^^^^ ------------- unexpected argument of type `&'static str`
    |
note: associated function defined here
   --> C:\ProgramData\chocolatey\lib\rust\tools\lib/rustlib/src/rust\library\alloc\src\string.rs:444:18
    |
444 |     pub const fn new() -> String {
    |                  ^^^
help: remove the extra argument
    |
926 -         let key_id = KeyId::new("exists_test");
926 +         let key_id = KeyId::new();
    |

error[E0061]: this function takes 0 arguments but 1 argument was supplied
   --> crates\fortress-core\src\key_database.rs:938:33
    |
938 |         assert!(!db.key_exists(&KeyId::new("non_existent")).await?);
    |                                 ^^^^^^^^^^ -------------- unexpected argument of type `&'static str`
    |
note: associated function defined here
   --> C:\ProgramData\chocolatey\lib\rust\tools\lib/rustlib/src/rust\library\alloc\src\string.rs:444:18
    |
444 |     pub const fn new() -> String {
    |                  ^^^
help: remove the extra argument
    |
938 -         assert!(!db.key_exists(&KeyId::new("non_existent")).await?);
938 +         assert!(!db.key_exists(&KeyId::new()).await?);
    |

error[E0061]: this function takes 0 arguments but 1 argument was supplied
   --> crates\fortress-core\src\key_database.rs:949:22
    |
949 |         let key_id = KeyId::new("delete_test");
    |                      ^^^^^^^^^^ ------------- unexpected argument of type `&'static str`
    |
note: associated function defined here
   --> C:\ProgramData\chocolatey\lib\rust\tools\lib/rustlib/src/rust\library\alloc\src\string.rs:444:18
    |
444 |     pub const fn new() -> String {
    |                  ^^^
help: remove the extra argument
    |
949 -         let key_id = KeyId::new("delete_test");
949 +         let key_id = KeyId::new();
    |

error[E0061]: this function takes 0 arguments but 1 argument was supplied
   --> crates\fortress-core\src\key_database.rs:974:26
    |
974 |             let key_id = KeyId::new(&format!("list_test_{}", i));
    |                          ^^^^^^^^^^ --------------------------- unexpected argument of type `&std::string::String`
    |
note: associated function defined here
   --> C:\ProgramData\chocolatey\lib\rust\tools\lib/rustlib/src/rust\library\alloc\src\string.rs:444:18
    |
444 |     pub const fn new() -> String {
    |                  ^^^
help: remove the extra argument
    |
974 -             let key_id = KeyId::new(&format!("list_test_{}", i));
974 +             let key_id = KeyId::new();
    |

error[E0061]: this function takes 0 arguments but 1 argument was supplied
    --> crates\fortress-core\src\key_database.rs:1003:22
     |
1003 |         let key_id = KeyId::new("metadata_test");
     |                      ^^^^^^^^^^ --------------- unexpected argument of type `&'static str`
     |
note: associated function defined here
    --> C:\ProgramData\chocolatey\lib\rust\tools\lib/rustlib/src/rust\library\alloc\src\string.rs:444:18
     |
 444 |     pub const fn new() -> String {
     |                  ^^^
help: remove the extra argument
     |
1003 -         let key_id = KeyId::new("metadata_test");
1003 +         let key_id = KeyId::new();
     |

error[E0061]: this function takes 0 arguments but 1 argument was supplied
    --> crates\fortress-core\src\key_database.rs:1019:58
     |
1019 |         let non_existent_metadata = db.get_key_metadata(&KeyId::new("non_existent")).await?;
     |                                                          ^^^^^^^^^^ -------------- unexpected argument of type `&'static str`
     |
note: associated function defined here
    --> C:\ProgramData\chocolatey\lib\rust\tools\lib/rustlib/src/rust\library\alloc\src\string.rs:444:18
     |
 444 |     pub const fn new() -> String {
     |                  ^^^
help: remove the extra argument
     |
1019 -         let non_existent_metadata = db.get_key_metadata(&KeyId::new("non_existent")).await?;
1019 +         let non_existent_metadata = db.get_key_metadata(&KeyId::new()).await?;
     |

error[E0061]: this function takes 0 arguments but 1 argument was supplied
    --> crates\fortress-core\src\key_database.rs:1033:26
     |
1033 |             let key_id = KeyId::new(&format!("preload_test_{}", i));
     |                          ^^^^^^^^^^ ------------------------------ unexpected argument of type `&std::string::String`
     |
note: associated function defined here
    --> C:\ProgramData\chocolatey\lib\rust\tools\lib/rustlib/src/rust\library\alloc\src\string.rs:444:18
     |
 444 |     pub const fn new() -> String {
     |                  ^^^
help: remove the extra argument
     |
1033 -             let key_id = KeyId::new(&format!("preload_test_{}", i));
1033 +             let key_id = KeyId::new();
     |

error[E0061]: this function takes 0 arguments but 1 argument was supplied
    --> crates\fortress-core\src\key_database.rs:1064:26
     |
1064 |             let key_id = KeyId::new(&format!("stats_test_{}", i));
     |                          ^^^^^^^^^^ ---------------------------- unexpected argument of type `&std::string::String`
     |
note: associated function defined here
    --> C:\ProgramData\chocolatey\lib\rust\tools\lib/rustlib/src/rust\library\alloc\src\string.rs:444:18
     |
 444 |     pub const fn new() -> String {
     |                  ^^^
help: remove the extra argument
     |
1064 -             let key_id = KeyId::new(&format!("stats_test_{}", i));
1064 +             let key_id = KeyId::new();
     |

error[E0061]: this function takes 0 arguments but 1 argument was supplied
    --> crates\fortress-core\src\key_database.rs:1084:22
     |
1084 |         let key_id = KeyId::new("update_test");
     |                      ^^^^^^^^^^ ------------- unexpected argument of type `&'static str`
     |
note: associated function defined here
    --> C:\ProgramData\chocolatey\lib\rust\tools\lib/rustlib/src/rust\library\alloc\src\string.rs:444:18
     |
 444 |     pub const fn new() -> String {
     |                  ^^^
help: remove the extra argument
     |
1084 -         let key_id = KeyId::new("update_test");
1084 +         let key_id = KeyId::new();
     |

error[E0599]: no method named `clone` found for struct `key_database::SqliteKeyDatabase` in the current scope
    --> crates\fortress-core\src\key_database.rs:1117:31
     |
  92 | pub struct SqliteKeyDatabase {
     | ---------------------------- method `clone` not found for this struct
...
1117 |             let db_clone = db.clone();
     |                               ^^^^^ method not found in `key_database::SqliteKeyDatabase`
     |
     = help: items from traits can only be used if the trait is implemented and in scope
     = note: the following trait defines an item `clone`, perhaps you need to implement it:
             candidate #1: `Clone`

error[E0061]: this function takes 0 arguments but 1 argument was supplied
    --> crates\fortress-core\src\key_database.rs:1120:30
     |
1120 |                 let key_id = KeyId::new(&format!("concurrent_test_{}", i));
     |                              ^^^^^^^^^^ --------------------------------- unexpected argument of type `&std::string::String`
     |
note: associated function defined here
    --> C:\ProgramData\chocolatey\lib\rust\tools\lib/rustlib/src/rust\library\alloc\src\string.rs:444:18
     |
 444 |     pub const fn new() -> String {
     |                  ^^^
help: remove the extra argument
     |
1120 -                 let key_id = KeyId::new(&format!("concurrent_test_{}", i));
1120 +                 let key_id = KeyId::new();
     |

error[E0599]: no method named `expect` found for struct `encryption::SecureKey` in the current scope
    --> crates\fortress-core\src\key_database.rs:1159:64
     |
1159 |         let large_key = SecureKey::from_bytes(&large_key_data).expect("Failed to create large key");
     |                                                                ^^^^^^ method not found in `encryption::SecureKey`
     |
    ::: crates\fortress-core\src\encryption.rs:556:1
     |
 556 | pub struct SecureKey {
     | -------------------- method `expect` not found for this struct

error[E0061]: this function takes 0 arguments but 1 argument was supplied
    --> crates\fortress-core\src\key_database.rs:1162:13
     |
1162 |             KeyId::new("large_key_test"),
     |             ^^^^^^^^^^ ---------------- unexpected argument of type `&'static str`
     |
note: associated function defined here
    --> C:\ProgramData\chocolatey\lib\rust\tools\lib/rustlib/src/rust\library\alloc\src\string.rs:444:18
     |
 444 |     pub const fn new() -> String {
     |                  ^^^
help: remove the extra argument
     |
1162 -             KeyId::new("large_key_test"),
1162 +             KeyId::new(),
     |

error[E0308]: mismatched types
    --> crates\fortress-core\src\key_database.rs:1167:13
     |
1161 |         let metadata = KeyMetadata::new(
     |                        ---------------- arguments to this function are incorrect
...
1167 |             KeyPurpose::DataEncryption,
     |             ^^^^^^^^^^^^^^^^^^^^^^^^^^ expected `String`, found `KeyPurpose`
     |
note: associated function defined here
    --> crates\fortress-core\src\key.rs:855:12
     |
 855 |     pub fn new(
     |            ^^^
...
 867 |         purpose: String,
     |         ---------------

error[E0061]: this function takes 0 arguments but 1 argument was supplied
    --> crates\fortress-core\src\key_database.rs:1172:23
     |
1172 |         db.store_key(&KeyId::new("large_key_test"), &large_key, &metadata).await?;
     |                       ^^^^^^^^^^ ---------------- unexpected argument of type `&'static str`
     |
note: associated function defined here
    --> C:\ProgramData\chocolatey\lib\rust\tools\lib/rustlib/src/rust\library\alloc\src\string.rs:444:18
     |
 444 |     pub const fn new() -> String {
     |                  ^^^
help: remove the extra argument
     |
1172 -         db.store_key(&KeyId::new("large_key_test"), &large_key, &metadata).await?;
1172 +         db.store_key(&KeyId::new(), &large_key, &metadata).await?;
     |

error[E0061]: this function takes 0 arguments but 1 argument was supplied
    --> crates\fortress-core\src\key_database.rs:1175:39
     |
1175 |         let result = db.retrieve_key(&KeyId::new("large_key_test")).await?;
     |                                       ^^^^^^^^^^ ---------------- unexpected argument of type `&'static str`
     |
note: associated function defined here
    --> C:\ProgramData\chocolatey\lib\rust\tools\lib/rustlib/src/rust\library\alloc\src\string.rs:444:18
     |
 444 |     pub const fn new() -> String {
     |                  ^^^
help: remove the extra argument
     |
1175 -         let result = db.retrieve_key(&KeyId::new("large_key_test")).await?;
1175 +         let result = db.retrieve_key(&KeyId::new()).await?;
     |

error[E0061]: this function takes 0 arguments but 1 argument was supplied
    --> crates\fortress-core\src\key_database.rs:1205:26
     |
1205 |             let key_id = KeyId::new(special_id);
     |                          ^^^^^^^^^^ ---------- unexpected argument of type `&&str`
     |
note: associated function defined here
    --> C:\ProgramData\chocolatey\lib\rust\tools\lib/rustlib/src/rust\library\alloc\src\string.rs:444:18
     |
 444 |     pub const fn new() -> String {
     |                  ^^^
help: remove the extra argument
     |
1205 -             let key_id = KeyId::new(special_id);
1205 +             let key_id = KeyId::new();
     |

error[E0061]: this function takes 3 arguments but 2 arguments were supplied
    --> crates\fortress-core\src\key_database.rs:1228:50
     |
1228 |             let temp_dir = tempdir().map_err(|e| FortressError::storage(
     |                                                  ^^^^^^^^^^^^^^^^^^^^^^
1229 |                 format!("Failed to create temp dir: {}", e),
     |                 ------------------------------------------- expected some other arguments to be a `std::string::String` type to match the type of this parameter
1230 |                 crate::error::StorageErrorCode::IoError
     |                 --------------------------------------- argument #2 of type `std::string::String` is missing
     |
note: associated function defined here
    --> crates\fortress-core\src\error.rs:2185:12
     |
2185 |     pub fn storage<S: Into<String>>(
     |            ^^^^^^^ - `message` and `backend` both reference this parameter `S`
2186 |
2187 |         message: S,
     |         ---------- `backend` needs to match the `std::string::String` type of this parameter
2188 |
2189 |         backend: S,
     |         ---------- this parameter needs to match the `std::string::String` type of `message`
help: provide the argument
     |
1228 -             let temp_dir = tempdir().map_err(|e| FortressError::storage(
1229 -                 format!("Failed to create temp dir: {}", e),
1230 -                 crate::error::StorageErrorCode::IoError
1231 -             ))?;
1228 +             let temp_dir = tempdir().map_err(|e| FortressError::storage(format!("Failed to create temp dir: {}", e), /* std::string::String */, crate::error::StorageErrorCode::IoError))?;
     |

error[E0061]: this function takes 0 arguments but 1 argument was supplied
    --> crates\fortress-core\src\key_database.rs:1250:26
     |
1250 |             let key_id = KeyId::new("persistence_test");
     |                          ^^^^^^^^^^ ------------------ unexpected argument of type `&'static str`
     |
note: associated function defined here
    --> C:\ProgramData\chocolatey\lib\rust\tools\lib/rustlib/src/rust\library\alloc\src\string.rs:444:18
     |
 444 |     pub const fn new() -> String {
     |                  ^^^
help: remove the extra argument
     |
1250 -             let key_id = KeyId::new("persistence_test");
1250 +             let key_id = KeyId::new();
     |

error[E0061]: this function takes 0 arguments but 1 argument was supplied
    --> crates\fortress-core\src\key_database.rs:1272:33
     |
1272 |         assert!(db2.key_exists(&KeyId::new("persistence_test")).await?);
     |                                 ^^^^^^^^^^ ------------------ unexpected argument of type `&'static str`
     |
note: associated function defined here
    --> C:\ProgramData\chocolatey\lib\rust\tools\lib/rustlib/src/rust\library\alloc\src\string.rs:444:18
     |
 444 |     pub const fn new() -> String {
     |                  ^^^
help: remove the extra argument
     |
1272 -         assert!(db2.key_exists(&KeyId::new("persistence_test")).await?);
1272 +         assert!(db2.key_exists(&KeyId::new()).await?);
     |

error[E0061]: this function takes 0 arguments but 1 argument was supplied
    --> crates\fortress-core\src\key_database.rs:1273:40
     |
1273 |         let result = db2.retrieve_key(&KeyId::new("persistence_test")).await?;
     |                                        ^^^^^^^^^^ ------------------ unexpected argument of type `&'static str`
     |
note: associated function defined here
    --> C:\ProgramData\chocolatey\lib\rust\tools\lib/rustlib/src/rust\library\alloc\src\string.rs:444:18
     |
 444 |     pub const fn new() -> String {
     |                  ^^^
help: remove the extra argument
     |
1273 -         let result = db2.retrieve_key(&KeyId::new("persistence_test")).await?;
1273 +         let result = db2.retrieve_key(&KeyId::new()).await?;
     |

error[E0061]: this function takes 0 arguments but 1 argument was supplied
    --> crates\fortress-core\src\key_database.rs:1285:39
     |
1285 |         let result = db.retrieve_key(&KeyId::new("non_existent")).await?;
     |                                       ^^^^^^^^^^ -------------- unexpected argument of type `&'static str`
     |
note: associated function defined here
    --> C:\ProgramData\chocolatey\lib\rust\tools\lib/rustlib/src/rust\library\alloc\src\string.rs:444:18
     |
 444 |     pub const fn new() -> String {
     |                  ^^^
help: remove the extra argument
     |
1285 -         let result = db.retrieve_key(&KeyId::new("non_existent")).await?;
1285 +         let result = db.retrieve_key(&KeyId::new()).await?;
     |

error[E0061]: this function takes 0 arguments but 1 argument was supplied
    --> crates\fortress-core\src\key_database.rs:1289:44
     |
1289 |         let delete_result = db.delete_key(&KeyId::new("non_existent")).await;
     |                                            ^^^^^^^^^^ -------------- unexpected argument of type `&'static str`
     |
note: associated function defined here
    --> C:\ProgramData\chocolatey\lib\rust\tools\lib/rustlib/src/rust\library\alloc\src\string.rs:444:18
     |
 444 |     pub const fn new() -> String {
     |                  ^^^
help: remove the extra argument
     |
1289 -         let delete_result = db.delete_key(&KeyId::new("non_existent")).await;
1289 +         let delete_result = db.delete_key(&KeyId::new()).await;
     |

error[E0061]: this function takes 0 arguments but 1 argument was supplied
    --> crates\fortress-core\src\key_database.rs:1293:52
     |
1293 |         let metadata_result = db.get_key_metadata(&KeyId::new("non_existent")).await?;
     |                                                    ^^^^^^^^^^ -------------- unexpected argument of type `&'static str`
     |
note: associated function defined here
    --> C:\ProgramData\chocolatey\lib\rust\tools\lib/rustlib/src/rust\library\alloc\src\string.rs:444:18
     |
 444 |     pub const fn new() -> String {
     |                  ^^^
help: remove the extra argument
     |
1293 -         let metadata_result = db.get_key_metadata(&KeyId::new("non_existent")).await?;
1293 +         let metadata_result = db.get_key_metadata(&KeyId::new()).await?;
     |

error[E0061]: this function takes 0 arguments but 1 argument was supplied
    --> crates\fortress-core\src\key_database.rs:1309:26
     |
1309 |             let key_id = KeyId::new(&format!("perf_test_{}", i));
     |                          ^^^^^^^^^^ --------------------------- unexpected argument of type `&std::string::String`
     |
note: associated function defined here
    --> C:\ProgramData\chocolatey\lib\rust\tools\lib/rustlib/src/rust\library\alloc\src\string.rs:444:18
     |
 444 |     pub const fn new() -> String {
     |                  ^^^
help: remove the extra argument
     |
1309 -             let key_id = KeyId::new(&format!("perf_test_{}", i));
1309 +             let key_id = KeyId::new();
     |

error[E0061]: this function takes 0 arguments but 1 argument was supplied
    --> crates\fortress-core\src\key_database.rs:1318:26
     |
1318 |             let key_id = KeyId::new(&format!("perf_test_{}", i));
     |                          ^^^^^^^^^^ --------------------------- unexpected argument of type `&std::string::String`
     |
note: associated function defined here
    --> C:\ProgramData\chocolatey\lib\rust\tools\lib/rustlib/src/rust\library\alloc\src\string.rs:444:18
     |
 444 |     pub const fn new() -> String {
     |                  ^^^
help: remove the extra argument
     |
1318 -             let key_id = KeyId::new(&format!("perf_test_{}", i));
1318 +             let key_id = KeyId::new();
     |

error[E0061]: this function takes 0 arguments but 1 argument was supplied
    --> crates\fortress-core\src\key_database.rs:1353:13
     |
1353 |             KeyId::new("complex_metadata_test"),
     |             ^^^^^^^^^^ ----------------------- unexpected argument of type `&'static str`
     |
note: associated function defined here
    --> C:\ProgramData\chocolatey\lib\rust\tools\lib/rustlib/src/rust\library\alloc\src\string.rs:444:18
     |
 444 |     pub const fn new() -> String {
     |                  ^^^
help: remove the extra argument
     |
1353 -             KeyId::new("complex_metadata_test"),
1353 +             KeyId::new(),
     |

error[E0308]: mismatched types
    --> crates\fortress-core\src\key_database.rs:1358:13
     |
1352 |         let metadata = KeyMetadata::new(
     |                        ---------------- arguments to this function are incorrect
...
1358 |             KeyPurpose::KeyEncryption, // Different purpose
     |             ^^^^^^^^^^^^^^^^^^^^^^^^^ expected `String`, found `KeyPurpose`
     |
note: associated function defined here
    --> crates\fortress-core\src\key.rs:855:12
     |
 855 |     pub fn new(
     |            ^^^
...
 867 |         purpose: String,
     |         ---------------

error[E0061]: this function takes 0 arguments but 1 argument was supplied
    --> crates\fortress-core\src\key_database.rs:1365:23
     |
1365 |         db.store_key(&KeyId::new("complex_metadata_test"), &key, &metadata).await?;
     |                       ^^^^^^^^^^ ----------------------- unexpected argument of type `&'static str`
     |
note: associated function defined here
    --> C:\ProgramData\chocolatey\lib\rust\tools\lib/rustlib/src/rust\library\alloc\src\string.rs:444:18
     |
 444 |     pub const fn new() -> String {
     |                  ^^^
help: remove the extra argument
     |
1365 -         db.store_key(&KeyId::new("complex_metadata_test"), &key, &metadata).await?;
1365 +         db.store_key(&KeyId::new(), &key, &metadata).await?;
     |

error[E0061]: this function takes 0 arguments but 1 argument was supplied
    --> crates\fortress-core\src\key_database.rs:1368:39
     |
1368 |         let result = db.retrieve_key(&KeyId::new("complex_metadata_test")).await?;
     |                                       ^^^^^^^^^^ ----------------------- unexpected argument of type `&'static str`
     |
note: associated function defined here
    --> C:\ProgramData\chocolatey\lib\rust\tools\lib/rustlib/src/rust\library\alloc\src\string.rs:444:18
     |
 444 |     pub const fn new() -> String {
     |                  ^^^
help: remove the extra argument
     |
1368 -         let result = db.retrieve_key(&KeyId::new("complex_metadata_test")).await?;
1368 +         let result = db.retrieve_key(&KeyId::new()).await?;
     |

error[E0277]: can't compare `std::string::String` with `key::KeyPurpose`
    --> crates\fortress-core\src\key_database.rs:1372:9
     |
1372 |         assert_eq!(retrieved_metadata.purpose, KeyPurpose::KeyEncryption);
     |         ^^^^^^^^^^^^^^^^^^^^^^^^^^^^^^^^^^^^^^^^^^^^^^^^^^^^^^^^^^^^^^^^^ no implementation for `std::string::String == key::KeyPurpose`
     |
     = help: the trait `PartialEq<key::KeyPurpose>` is not implemented for `std::string::String`
     = help: the following other types implement trait `PartialEq<Rhs>`:
               `&std::string::String` implements `PartialEq<windows_core::strings::hstring::HSTRING>`
               `&std::string::String` implements `PartialEq<windows_strings::hstring::HSTRING>`
               `std::string::String` implements `PartialEq<&str>`
               `std::string::String` implements `PartialEq<&windows_core::strings::hstring::HSTRING>`
               `std::string::String` implements `PartialEq<&windows_strings::hstring::HSTRING>`
               `std::string::String` implements `PartialEq<ByteStr>`
               `std::string::String` implements `PartialEq<ByteString>`
               `std::string::String` implements `PartialEq<BytesMut>`
             and 28 others
     = note: this error originates in the macro `assert_eq` (in Nightly builds, run with -Z macro-backtrace for more info)

error[E0609]: no field `preload_hits` on type `PreloadStats`
   --> crates\fortress-core\src\key_preloader.rs:753:26
    |
753 |         assert_eq!(stats.preload_hits, 0);
    |                          ^^^^^^^^^^^^ unknown field
    |
    = note: available fields are: `total_preloaded_keys`, `total_memory_usage_bytes`, `skipped_keys_due_to_limits`, `preload_success_rate`, `avg_preload_time_ms` ... and 3 others

error[E0609]: no field `preload_misses` on type `PreloadStats`
   --> crates\fortress-core\src\key_preloader.rs:754:26
    |
754 |         assert_eq!(stats.preload_misses, 0);
    |                          ^^^^^^^^^^^^^^ unknown field
    |
    = note: available fields are: `total_preloaded_keys`, `total_memory_usage_bytes`, `skipped_keys_due_to_limits`, `preload_success_rate`, `avg_preload_time_ms` ... and 3 others

error[E0609]: no field `enable_access_tracking` on type `key_preloader::KeyPreloadConfig`
   --> crates\fortress-core\src\key_preloader.rs:903:16
    |
903 |         config.enable_access_tracking = true;
    |                ^^^^^^^^^^^^^^^^^^^^^^ unknown field
    |
    = note: available fields are: `enable_preload`, `preload_all_keys`, `preload_frequently_used`, `preload_by_purpose`, `max_keys_to_preload` ... and 7 others

error[E0277]: the `?` operator can only be applied to values that implement `Try`
   --> crates\fortress-core\src\key_preloader.rs:910:9
    |
910 |         preloader.record_key_access(&key_id).await?;
    |         ^^^^^^^^^^^^^^^^^^^^^^^^^^^^^^^^^^^^^^^^^^^ the `?` operator cannot be applied to type `()`
    |
    = help: the trait `Try` is not implemented for `()`

error[E0609]: no field `last_access_time` on type `&KeyAccessStats`
   --> crates\fortress-core\src\key_preloader.rs:918:23
    |
918 |         assert!(stats.last_access_time > DateTime::from_timestamp(0, 0).unwrap());
    |                       ^^^^^^^^^^^^^^^^ unknown field
    |
help: a field with a similar name exists
    |
918 -         assert!(stats.last_access_time > DateTime::from_timestamp(0, 0).unwrap());
918 +         assert!(stats.last_accessed > DateTime::from_timestamp(0, 0).unwrap());
    |

error[E0277]: the `?` operator can only be applied to values that implement `Try`
   --> crates\fortress-core\src\key_preloader.rs:922:13
    |
922 |             preloader.record_key_access(&key_id).await?;
    |             ^^^^^^^^^^^^^^^^^^^^^^^^^^^^^^^^^^^^^^^^^^^ the `?` operator cannot be applied to type `()`
    |
    = help: the trait `Try` is not implemented for `()`

error[E0609]: no field `enable_access_tracking` on type `key_preloader::KeyPreloadConfig`
   --> crates\fortress-core\src\key_preloader.rs:938:16
    |
938 |         config.enable_access_tracking = true;
    |                ^^^^^^^^^^^^^^^^^^^^^^ unknown field
    |
    = note: available fields are: `enable_preload`, `preload_all_keys`, `preload_frequently_used`, `preload_by_purpose`, `max_keys_to_preload` ... and 7 others

error[E0277]: the `?` operator can only be applied to values that implement `Try`
   --> crates\fortress-core\src\key_preloader.rs:946:13
    |
946 |             preloader.record_key_access(&key_id).await?;
    |             ^^^^^^^^^^^^^^^^^^^^^^^^^^^^^^^^^^^^^^^^^^^ the `?` operator cannot be applied to type `()`
    |
    = help: the trait `Try` is not implemented for `()`

error[E0599]: no method named `apply_preload_strategy` found for struct `key_preloader::KeyPreloader` in the current scope
   --> crates\fortress-core\src\key_preloader.rs:999:23
    |
140 | pub struct KeyPreloader {
    | ----------------------- method `apply_preload_strategy` not found for this struct
...
999 |             preloader.apply_preload_strategy(&strategy).await?;
    |                       ^^^^^^^^^^^^^^^^^^^^^^
    |
help: there is a method `preload_key` with a similar name, but with different arguments
   --> crates\fortress-core\src\key_preloader.rs:342:5
    |
342 |     async fn preload_key(&self, key_id: KeyId, key: SecureKey, metadata: KeyMetadata, strategy: PreloadStrategy) -> Result<()> {
    |     ^^^^^^^^^^^^^^^^^^^^^^^^^^^^^^^^^^^^^^^^^^^^^^^^^^^^^^^^^^^^^^^^^^^^^^^^^^^^^^^^^^^^^^^^^^^^^^^^^^^^^^^^^^^^^^^^^^^^^^^^^^

error[E0599]: no method named `clone` found for struct `key_preloader::KeyPreloader` in the current scope
    --> crates\fortress-core\src\key_preloader.rs:1044:45
     |
 140 | pub struct KeyPreloader {
     | ----------------------- method `clone` not found for this struct
...
1044 |             let preloader_clone = preloader.clone();
     |                                             ^^^^^ method not found in `key_preloader::KeyPreloader`
     |
     = help: items from traits can only be used if the trait is implemented and in scope
     = note: the following trait defines an item `clone`, perhaps you need to implement it:
             candidate #1: `Clone`

error[E0061]: this function takes 0 arguments but 1 argument was supplied
    --> crates\fortress-core\src\key_preloader.rs:1046:30
     |
1046 |                 let key_id = KeyId::new(&format!("concurrent_test_{}", i));
     |                              ^^^^^^^^^^ --------------------------------- unexpected argument of type `&std::string::String`
     |
note: associated function defined here
    --> C:\ProgramData\chocolatey\lib\rust\tools\lib/rustlib/src/rust\library\alloc\src\string.rs:444:18
     |
 444 |     pub const fn new() -> String {
     |                  ^^^
help: remove the extra argument
     |
1046 -                 let key_id = KeyId::new(&format!("concurrent_test_{}", i));
1046 +                 let key_id = KeyId::new();
     |

error[E0599]: no method named `get_performance_recommendations` found for struct `key_preloader::KeyPreloader` in the current scope
    --> crates\fortress-core\src\key_preloader.rs:1084:41
     |
 140 | pub struct KeyPreloader {
     | ----------------------- method `get_performance_recommendations` not found for this struct
...
1084 |         let recommendations = preloader.get_performance_recommendations().await;
     |                                         ^^^^^^^^^^^^^^^^^^^^^^^^^^^^^^^ method not found in `key_preloader::KeyPreloader`
     |
     = help: items from traits can only be used if the trait is implemented and in scope
note: `cache_manager::CacheManager` defines an item `get_performance_recommendations`, perhaps you need to implement it
    --> crates\fortress-core\src\cache_manager.rs:220:1
     |
 220 | pub trait CacheManager: Send + Sync + std::fmt::Debug {
     | ^^^^^^^^^^^^^^^^^^^^^^^^^^^^^^^^^^^^^^^^^^^^^^^^^^^^^

error[E0061]: this function takes 0 arguments but 1 argument was supplied
    --> crates\fortress-core\src\key_preloader.rs:1089:26
     |
1089 |             let key_id = KeyId::new(&format!("rec_test_{}", i));
     |                          ^^^^^^^^^^ -------------------------- unexpected argument of type `&std::string::String`
     |
note: associated function defined here
    --> C:\ProgramData\chocolatey\lib\rust\tools\lib/rustlib/src/rust\library\alloc\src\string.rs:444:18
     |
 444 |     pub const fn new() -> String {
     |                  ^^^
help: remove the extra argument
     |
1089 -             let key_id = KeyId::new(&format!("rec_test_{}", i));
1089 +             let key_id = KeyId::new();
     |

error[E0277]: the `?` operator can only be applied to values that implement `Try`
    --> crates\fortress-core\src\key_preloader.rs:1090:13
     |
1090 |             preloader.record_key_access(&key_id).await?;
     |             ^^^^^^^^^^^^^^^^^^^^^^^^^^^^^^^^^^^^^^^^^^^ the `?` operator cannot be applied to type `()`
     |
     = help: the trait `Try` is not implemented for `()`

error[E0599]: no method named `get_performance_recommendations` found for struct `key_preloader::KeyPreloader` in the current scope
    --> crates\fortress-core\src\key_preloader.rs:1093:49
     |
 140 | pub struct KeyPreloader {
     | ----------------------- method `get_performance_recommendations` not found for this struct
...
1093 |         let updated_recommendations = preloader.get_performance_recommendations().await;
     |                                                 ^^^^^^^^^^^^^^^^^^^^^^^^^^^^^^^ method not found in `key_preloader::KeyPreloader`
     |
     = help: items from traits can only be used if the trait is implemented and in scope
note: `cache_manager::CacheManager` defines an item `get_performance_recommendations`, perhaps you need to implement it
    --> crates\fortress-core\src\cache_manager.rs:220:1
     |
 220 | pub trait CacheManager: Send + Sync + std::fmt::Debug {
     | ^^^^^^^^^^^^^^^^^^^^^^^^^^^^^^^^^^^^^^^^^^^^^^^^^^^^^

error[E0061]: this function takes 3 arguments but 2 arguments were supplied
    --> crates\fortress-core\src\key_preloader.rs:1102:46
     |
1102 |         let temp_dir = tempdir().map_err(|e| FortressError::storage(
     |                                              ^^^^^^^^^^^^^^^^^^^^^^
1103 |             format!("Failed to create temp dir: {}", e),
     |             ------------------------------------------- expected some other arguments to be a `std::string::String` type to match the type of this parameter
1104 |             crate::error::StorageErrorCode::IoError
     |             --------------------------------------- argument #2 of type `std::string::String` is missing
     |
note: associated function defined here
    --> crates\fortress-core\src\error.rs:2185:12
     |
2185 |     pub fn storage<S: Into<String>>(
     |            ^^^^^^^ - `message` and `backend` both reference this parameter `S`
2186 |
2187 |         message: S,
     |         ---------- `backend` needs to match the `std::string::String` type of this parameter
2188 |
2189 |         backend: S,
     |         ---------- this parameter needs to match the `std::string::String` type of `message`
help: provide the argument
     |
1102 -         let temp_dir = tempdir().map_err(|e| FortressError::storage(
1103 -             format!("Failed to create temp dir: {}", e),
1104 -             crate::error::StorageErrorCode::IoError
1105 -         ))?;
1102 +         let temp_dir = tempdir().map_err(|e| FortressError::storage(format!("Failed to create temp dir: {}", e), /* std::string::String */, crate::error::StorageErrorCode::IoError))?;
     |

error[E0599]: no method named `get_performance_recommendations` found for struct `key_preloader::KeyPreloader` in the current scope
    --> crates\fortress-core\src\key_preloader.rs:1134:41
     |
 140 | pub struct KeyPreloader {
     | ----------------------- method `get_performance_recommendations` not found for this struct
...
1134 |         let recommendations = preloader.get_performance_recommendations().await;
     |                                         ^^^^^^^^^^^^^^^^^^^^^^^^^^^^^^^ method not found in `key_preloader::KeyPreloader`
     |
     = help: items from traits can only be used if the trait is implemented and in scope
note: `cache_manager::CacheManager` defines an item `get_performance_recommendations`, perhaps you need to implement it
    --> crates\fortress-core\src\cache_manager.rs:220:1
     |
 220 | pub trait CacheManager: Send + Sync + std::fmt::Debug {
     | ^^^^^^^^^^^^^^^^^^^^^^^^^^^^^^^^^^^^^^^^^^^^^^^^^^^^^

error[E0061]: this function takes 0 arguments but 1 argument was supplied
    --> crates\fortress-core\src\key_preloader.rs:1149:31
     |
1149 |         let non_existent_id = KeyId::new("non_existent_key");
     |                               ^^^^^^^^^^ ------------------ unexpected argument of type `&'static str`
     |
note: associated function defined here
    --> C:\ProgramData\chocolatey\lib\rust\tools\lib/rustlib/src/rust\library\alloc\src\string.rs:444:18
     |
 444 |     pub const fn new() -> String {
     |                  ^^^
help: remove the extra argument
     |
1149 -         let non_existent_id = KeyId::new("non_existent_key");
1149 +         let non_existent_id = KeyId::new();
     |

error[E0599]: no method named `is_ok` found for unit type `()` in the current scope
    --> crates\fortress-core\src\key_preloader.rs:1161:31
     |
1161 |         assert!(access_result.is_ok()); // Should not error
     |                               ^^^^^ method not found in `()`

error[E0609]: no field `enable_access_tracking` on type `key_preloader::KeyPreloadConfig`
    --> crates\fortress-core\src\key_preloader.rs:1171:16
     |
1171 |         config.enable_access_tracking = true;
     |                ^^^^^^^^^^^^^^^^^^^^^^ unknown field
     |
     = note: available fields are: `enable_preload`, `preload_all_keys`, `preload_frequently_used`, `preload_by_purpose`, `max_keys_to_preload` ... and 7 others

error[E0277]: the `?` operator can only be applied to values that implement `Try`
    --> crates\fortress-core\src\key_preloader.rs:1190:9
     |
1190 |         preloader.record_key_access(&key_id).await?;
     |         ^^^^^^^^^^^^^^^^^^^^^^^^^^^^^^^^^^^^^^^^^^^ the `?` operator cannot be applied to type `()`
     |
     = help: the trait `Try` is not implemented for `()`

error[E0609]: no field `preload_hits` on type `PreloadStats`
    --> crates\fortress-core\src\key_preloader.rs:1195:23
     |
1195 |         assert!(stats.preload_hits >= 2); // At least 2 hits from our operations
     |                       ^^^^^^^^^^^^ unknown field
     |
     = note: available fields are: `total_preloaded_keys`, `total_memory_usage_bytes`, `skipped_keys_due_to_limits`, `preload_success_rate`, `avg_preload_time_ms` ... and 3 others

error[E0609]: no field `preload_misses` on type `PreloadStats`
    --> crates\fortress-core\src\key_preloader.rs:1196:23
     |
1196 |         assert!(stats.preload_misses >= 1); // At least 1 miss
     |                       ^^^^^^^^^^^^^^ unknown field
     |
     = note: available fields are: `total_preloaded_keys`, `total_memory_usage_bytes`, `skipped_keys_due_to_limits`, `preload_success_rate`, `avg_preload_time_ms` ... and 3 others

error[E0061]: this function takes 0 arguments but 1 argument was supplied
   --> crates\fortress-core\src\key_cache.rs:809:22
    |
809 |         let key_id = KeyId::new("contains_test");
    |                      ^^^^^^^^^^ --------------- unexpected argument of type `&'static str`
    |
note: associated function defined here
   --> C:\ProgramData\chocolatey\lib\rust\tools\lib/rustlib/src/rust\library\alloc\src\string.rs:444:18
    |
444 |     pub const fn new() -> String {
    |                  ^^^
help: remove the extra argument
    |
809 -         let key_id = KeyId::new("contains_test");
809 +         let key_id = KeyId::new();
    |

error[E0061]: this function takes 0 arguments but 1 argument was supplied
   --> crates\fortress-core\src\key_cache.rs:821:34
    |
821 |         assert!(!cache.contains(&KeyId::new("non_existent")).await);
    |                                  ^^^^^^^^^^ -------------- unexpected argument of type `&'static str`
    |
note: associated function defined here
   --> C:\ProgramData\chocolatey\lib\rust\tools\lib/rustlib/src/rust\library\alloc\src\string.rs:444:18
    |
444 |     pub const fn new() -> String {
    |                  ^^^
help: remove the extra argument
    |
821 -         assert!(!cache.contains(&KeyId::new("non_existent")).await);
821 +         assert!(!cache.contains(&KeyId::new()).await);
    |

error[E0061]: this function takes 0 arguments but 1 argument was supplied
   --> crates\fortress-core\src\key_cache.rs:830:22
    |
830 |         let key_id = KeyId::new("remove_test");
    |                      ^^^^^^^^^^ ------------- unexpected argument of type `&'static str`
    |
note: associated function defined here
   --> C:\ProgramData\chocolatey\lib\rust\tools\lib/rustlib/src/rust\library\alloc\src\string.rs:444:18
    |
444 |     pub const fn new() -> String {
    |                  ^^^
help: remove the extra argument
    |
830 -         let key_id = KeyId::new("remove_test");
830 +         let key_id = KeyId::new();
    |

error[E0061]: this function takes 0 arguments but 1 argument was supplied
   --> crates\fortress-core\src\key_cache.rs:842:31
    |
842 |         let non_existent_id = KeyId::new("non_existent");
    |                               ^^^^^^^^^^ -------------- unexpected argument of type `&'static str`
    |
note: associated function defined here
   --> C:\ProgramData\chocolatey\lib\rust\tools\lib/rustlib/src/rust\library\alloc\src\string.rs:444:18
    |
444 |     pub const fn new() -> String {
    |                  ^^^
help: remove the extra argument
    |
842 -         let non_existent_id = KeyId::new("non_existent");
842 +         let non_existent_id = KeyId::new();
    |

error[E0061]: this function takes 0 arguments but 1 argument was supplied
   --> crates\fortress-core\src\key_cache.rs:856:26
    |
856 |             let key_id = KeyId::new(&format!("clear_test_{}", i));
    |                          ^^^^^^^^^^ ---------------------------- unexpected argument of type `&std::string::String`
    |
note: associated function defined here
   --> C:\ProgramData\chocolatey\lib\rust\tools\lib/rustlib/src/rust\library\alloc\src\string.rs:444:18
    |
444 |     pub const fn new() -> String {
    |                  ^^^
help: remove the extra argument
    |
856 -             let key_id = KeyId::new(&format!("clear_test_{}", i));
856 +             let key_id = KeyId::new();
    |

error[E0061]: this function takes 0 arguments but 1 argument was supplied
   --> crates\fortress-core\src\key_cache.rs:888:26
    |
888 |             let key_id = KeyId::new(&format!("lru_test_{}", i));
    |                          ^^^^^^^^^^ -------------------------- unexpected argument of type `&std::string::String`
    |
note: associated function defined here
   --> C:\ProgramData\chocolatey\lib\rust\tools\lib/rustlib/src/rust\library\alloc\src\string.rs:444:18
    |
444 |     pub const fn new() -> String {
    |                  ^^^
help: remove the extra argument
    |
888 -             let key_id = KeyId::new(&format!("lru_test_{}", i));
888 +             let key_id = KeyId::new();
    |

error[E0061]: this function takes 0 arguments but 1 argument was supplied
   --> crates\fortress-core\src\key_cache.rs:893:28
    |
893 |         let _ = cache.get(&KeyId::new("lru_test_1")).await;
    |                            ^^^^^^^^^^ ------------ unexpected argument of type `&'static str`
    |
note: associated function defined here
   --> C:\ProgramData\chocolatey\lib\rust\tools\lib/rustlib/src/rust\library\alloc\src\string.rs:444:18
    |
444 |     pub const fn new() -> String {
    |                  ^^^
help: remove the extra argument
    |
893 -         let _ = cache.get(&KeyId::new("lru_test_1")).await;
893 +         let _ = cache.get(&KeyId::new()).await;
    |

error[E0061]: this function takes 0 arguments but 1 argument was supplied
   --> crates\fortress-core\src\key_cache.rs:897:22
    |
897 |         let key_id = KeyId::new("lru_test_4");
    |                      ^^^^^^^^^^ ------------ unexpected argument of type `&'static str`
    |
note: associated function defined here
   --> C:\ProgramData\chocolatey\lib\rust\tools\lib/rustlib/src/rust\library\alloc\src\string.rs:444:18
    |
444 |     pub const fn new() -> String {
    |                  ^^^
help: remove the extra argument
    |
897 -         let key_id = KeyId::new("lru_test_4");
897 +         let key_id = KeyId::new();
    |

error[E0061]: this function takes 0 arguments but 1 argument was supplied
   --> crates\fortress-core\src\key_cache.rs:901:34
    |
901 |         assert!(!cache.contains(&KeyId::new("lru_test_2")).await);
    |                                  ^^^^^^^^^^ ------------ unexpected argument of type `&'static str`
    |
note: associated function defined here
   --> C:\ProgramData\chocolatey\lib\rust\tools\lib/rustlib/src/rust\library\alloc\src\string.rs:444:18
    |
444 |     pub const fn new() -> String {
    |                  ^^^
help: remove the extra argument
    |
901 -         assert!(!cache.contains(&KeyId::new("lru_test_2")).await);
901 +         assert!(!cache.contains(&KeyId::new()).await);
    |

error[E0061]: this function takes 0 arguments but 1 argument was supplied
   --> crates\fortress-core\src\key_cache.rs:902:33
    |
902 |         assert!(cache.contains(&KeyId::new("lru_test_1")).await);
    |                                 ^^^^^^^^^^ ------------ unexpected argument of type `&'static str`
    |
note: associated function defined here
   --> C:\ProgramData\chocolatey\lib\rust\tools\lib/rustlib/src/rust\library\alloc\src\string.rs:444:18
    |
444 |     pub const fn new() -> String {
    |                  ^^^
help: remove the extra argument
    |
902 -         assert!(cache.contains(&KeyId::new("lru_test_1")).await);
902 +         assert!(cache.contains(&KeyId::new()).await);
    |

error[E0061]: this function takes 0 arguments but 1 argument was supplied
   --> crates\fortress-core\src\key_cache.rs:903:33
    |
903 |         assert!(cache.contains(&KeyId::new("lru_test_3")).await);
    |                                 ^^^^^^^^^^ ------------ unexpected argument of type `&'static str`
    |
note: associated function defined here
   --> C:\ProgramData\chocolatey\lib\rust\tools\lib/rustlib/src/rust\library\alloc\src\string.rs:444:18
    |
444 |     pub const fn new() -> String {
    |                  ^^^
help: remove the extra argument
    |
903 -         assert!(cache.contains(&KeyId::new("lru_test_3")).await);
903 +         assert!(cache.contains(&KeyId::new()).await);
    |

error[E0061]: this function takes 0 arguments but 1 argument was supplied
   --> crates\fortress-core\src\key_cache.rs:904:33
    |
904 |         assert!(cache.contains(&KeyId::new("lru_test_4")).await);
    |                                 ^^^^^^^^^^ ------------ unexpected argument of type `&'static str`
    |
note: associated function defined here
   --> C:\ProgramData\chocolatey\lib\rust\tools\lib/rustlib/src/rust\library\alloc\src\string.rs:444:18
    |
444 |     pub const fn new() -> String {
    |                  ^^^
help: remove the extra argument
    |
904 -         assert!(cache.contains(&KeyId::new("lru_test_4")).await);
904 +         assert!(cache.contains(&KeyId::new()).await);
    |

error[E0061]: this function takes 0 arguments but 1 argument was supplied
   --> crates\fortress-core\src\key_cache.rs:924:22
    |
924 |         let key_id = KeyId::new("time_evict_test");
    |                      ^^^^^^^^^^ ----------------- unexpected argument of type `&'static str`
    |
note: associated function defined here
   --> C:\ProgramData\chocolatey\lib\rust\tools\lib/rustlib/src/rust\library\alloc\src\string.rs:444:18
    |
444 |     pub const fn new() -> String {
    |                  ^^^
help: remove the extra argument
    |
924 -         let key_id = KeyId::new("time_evict_test");
924 +         let key_id = KeyId::new();
    |

error[E0061]: this function takes 0 arguments but 1 argument was supplied
   --> crates\fortress-core\src\key_cache.rs:957:26
    |
957 |             let key_id = KeyId::new(&format!("memory_test_{}", i));
    |                          ^^^^^^^^^^ ----------------------------- unexpected argument of type `&std::string::String`
    |
note: associated function defined here
   --> C:\ProgramData\chocolatey\lib\rust\tools\lib/rustlib/src/rust\library\alloc\src\string.rs:444:18
    |
444 |     pub const fn new() -> String {
    |                  ^^^
help: remove the extra argument
    |
957 -             let key_id = KeyId::new(&format!("memory_test_{}", i));
957 +             let key_id = KeyId::new();
    |

error[E0061]: this function takes 0 arguments but 1 argument was supplied
   --> crates\fortress-core\src\key_cache.rs:982:22
    |
982 |         let key_id = KeyId::new("freq_test");
    |                      ^^^^^^^^^^ ----------- unexpected argument of type `&'static str`
    |
note: associated function defined here
   --> C:\ProgramData\chocolatey\lib\rust\tools\lib/rustlib/src/rust\library\alloc\src\string.rs:444:18
    |
444 |     pub const fn new() -> String {
    |                  ^^^
help: remove the extra argument
    |
982 -         let key_id = KeyId::new("freq_test");
982 +         let key_id = KeyId::new();
    |

error[E0061]: this function takes 0 arguments but 1 argument was supplied
    --> crates\fortress-core\src\key_cache.rs:1012:26
     |
1012 |             let key_id = KeyId::new(&format!("rec_test_{}", i));
     |                          ^^^^^^^^^^ -------------------------- unexpected argument of type `&std::string::String`
     |
note: associated function defined here
    --> C:\ProgramData\chocolatey\lib\rust\tools\lib/rustlib/src/rust\library\alloc\src\string.rs:444:18
     |
 444 |     pub const fn new() -> String {
     |                  ^^^
help: remove the extra argument
     |
1012 -             let key_id = KeyId::new(&format!("rec_test_{}", i));
1012 +             let key_id = KeyId::new();
     |

error[E0061]: this function takes 0 arguments but 1 argument was supplied
    --> crates\fortress-core\src\key_cache.rs:1049:22
     |
1049 |         let key_id = KeyId::new("cleanup_test");
     |                      ^^^^^^^^^^ -------------- unexpected argument of type `&'static str`
     |
note: associated function defined here
    --> C:\ProgramData\chocolatey\lib\rust\tools\lib/rustlib/src/rust\library\alloc\src\string.rs:444:18
     |
 444 |     pub const fn new() -> String {
     |                  ^^^
help: remove the extra argument
     |
1049 -         let key_id = KeyId::new("cleanup_test");
1049 +         let key_id = KeyId::new();
     |

error[E0061]: this function takes 0 arguments but 1 argument was supplied
    --> crates\fortress-core\src\key_cache.rs:1067:22
     |
1067 |         let key_id = KeyId::new("concurrent_test");
     |                      ^^^^^^^^^^ ----------------- unexpected argument of type `&'static str`
     |
note: associated function defined here
    --> C:\ProgramData\chocolatey\lib\rust\tools\lib/rustlib/src/rust\library\alloc\src\string.rs:444:18
     |
 444 |     pub const fn new() -> String {
     |                  ^^^
help: remove the extra argument
     |
1067 -         let key_id = KeyId::new("concurrent_test");
1067 +         let key_id = KeyId::new();
     |

error[E0061]: this function takes 0 arguments but 1 argument was supplied
    --> crates\fortress-core\src\key_cache.rs:1112:26
     |
1112 |             let key_id = KeyId::new(&format!("shutdown_test_{}", i));
     |                          ^^^^^^^^^^ ------------------------------- unexpected argument of type `&std::string::String`
     |
note: associated function defined here
    --> C:\ProgramData\chocolatey\lib\rust\tools\lib/rustlib/src/rust\library\alloc\src\string.rs:444:18
     |
 444 |     pub const fn new() -> String {
     |                  ^^^
help: remove the extra argument
     |
1112 -             let key_id = KeyId::new(&format!("shutdown_test_{}", i));
1112 +             let key_id = KeyId::new();
     |

error[E0061]: this function takes 0 arguments but 1 argument was supplied
    --> crates\fortress-core\src\key_cache.rs:1156:23
     |
1156 |         let key_id1 = KeyId::new("stats_test_1");
     |                       ^^^^^^^^^^ -------------- unexpected argument of type `&'static str`
     |
note: associated function defined here
    --> C:\ProgramData\chocolatey\lib\rust\tools\lib/rustlib/src/rust\library\alloc\src\string.rs:444:18
     |
 444 |     pub const fn new() -> String {
     |                  ^^^
help: remove the extra argument
     |
1156 -         let key_id1 = KeyId::new("stats_test_1");
1156 +         let key_id1 = KeyId::new();
     |

error[E0061]: this function takes 0 arguments but 1 argument was supplied
    --> crates\fortress-core\src\key_cache.rs:1157:23
     |
1157 |         let key_id2 = KeyId::new("stats_test_2");
     |                       ^^^^^^^^^^ -------------- unexpected argument of type `&'static str`
     |
note: associated function defined here
    --> C:\ProgramData\chocolatey\lib\rust\tools\lib/rustlib/src/rust\library\alloc\src\string.rs:444:18
     |
 444 |     pub const fn new() -> String {
     |                  ^^^
help: remove the extra argument
     |
1157 -         let key_id2 = KeyId::new("stats_test_2");
1157 +         let key_id2 = KeyId::new();
     |

error[E0599]: no method named `expect` found for struct `encryption::SecureKey` in the current scope
    --> crates\fortress-core\src\key_cache.rs:1192:64
     |
1192 |         let large_key = SecureKey::from_bytes(&large_key_data).expect("Failed to create large key");
     |                                                                ^^^^^^ method not found in `encryption::SecureKey`
     |
    ::: crates\fortress-core\src\encryption.rs:556:1
     |
 556 | pub struct SecureKey {
     | -------------------- method `expect` not found for this struct

error[E0061]: this function takes 0 arguments but 1 argument was supplied
    --> crates\fortress-core\src\key_cache.rs:1195:13
     |
1195 |             KeyId::new("large_key_test"),
     |             ^^^^^^^^^^ ---------------- unexpected argument of type `&'static str`
     |
note: associated function defined here
    --> C:\ProgramData\chocolatey\lib\rust\tools\lib/rustlib/src/rust\library\alloc\src\string.rs:444:18
     |
 444 |     pub const fn new() -> String {
     |                  ^^^
help: remove the extra argument
     |
1195 -             KeyId::new("large_key_test"),
1195 +             KeyId::new(),
     |

error[E0308]: mismatched types
    --> crates\fortress-core\src\key_cache.rs:1200:13
     |
1194 |         let metadata = KeyMetadata::new(
     |                        ---------------- arguments to this function are incorrect
...
1200 |             KeyPurpose::DataEncryption,
     |             ^^^^^^^^^^^^^^^^^^^^^^^^^^ expected `String`, found `KeyPurpose`
     |
note: associated function defined here
    --> crates\fortress-core\src\key.rs:855:12
     |
 855 |     pub fn new(
     |            ^^^
...
 867 |         purpose: String,
     |         ---------------

error[E0061]: this function takes 0 arguments but 1 argument was supplied
    --> crates\fortress-core\src\key_cache.rs:1205:32
     |
1205 |         let result = cache.put(KeyId::new("large_key_test"), large_key, metadata).await;
     |                                ^^^^^^^^^^ ---------------- unexpected argument of type `&'static str`
     |
note: associated function defined here
    --> C:\ProgramData\chocolatey\lib\rust\tools\lib/rustlib/src/rust\library\alloc\src\string.rs:444:18
     |
 444 |     pub const fn new() -> String {
     |                  ^^^
help: remove the extra argument
     |
1205 -         let result = cache.put(KeyId::new("large_key_test"), large_key, metadata).await;
1205 +         let result = cache.put(KeyId::new(), large_key, metadata).await;
     |

error[E0061]: this function takes 0 arguments but 1 argument was supplied
    --> crates\fortress-core\src\key_cache.rs:1210:40
     |
1210 |             let retrieved = cache.get(&KeyId::new("large_key_test")).await;
     |                                        ^^^^^^^^^^ ---------------- unexpected argument of type `&'static str`
     |
note: associated function defined here
    --> C:\ProgramData\chocolatey\lib\rust\tools\lib/rustlib/src/rust\library\alloc\src\string.rs:444:18
     |
 444 |     pub const fn new() -> String {
     |                  ^^^
help: remove the extra argument
     |
1210 -             let retrieved = cache.get(&KeyId::new("large_key_test")).await;
1210 +             let retrieved = cache.get(&KeyId::new()).await;
     |

error[E0063]: missing field `wasm_module` in initializer of `plugin::PluginMetadata`
   --> crates\fortress-core\src\plugin.rs:477:27
    |
477 |                 metadata: PluginMetadata {
    |                           ^^^^^^^^^^^^^^ missing `wasm_module`

error[E0063]: missing fields `request_id`, `session_id` and `user_id` in initializer of `plugin::PluginContext`
   --> crates\fortress-core\src\plugin.rs:586:23
    |
586 |         let context = PluginContext {
    |                       ^^^^^^^^^^^^^ missing `request_id`, `session_id` and `user_id`

error[E0063]: missing fields `operation` and `timestamp` in initializer of `plugin::PluginInput`
   --> crates\fortress-core\src\plugin.rs:597:21
    |
597 |         let input = PluginInput {
    |                     ^^^^^^^^^^^ missing `operation` and `timestamp`

error[E0063]: missing fields `request_id`, `session_id` and `user_id` in initializer of `plugin::PluginContext`
   --> crates\fortress-core\src\plugin.rs:653:23
    |
653 |         let context = PluginContext {
    |                       ^^^^^^^^^^^^^ missing `request_id`, `session_id` and `user_id`

error[E0063]: missing fields `operation` and `timestamp` in initializer of `plugin::PluginInput`
   --> crates\fortress-core\src\plugin.rs:698:21
    |
698 |         let input = PluginInput {
    |                     ^^^^^^^^^^^ missing `operation` and `timestamp`

error[E0063]: missing fields `operation` and `timestamp` in initializer of `plugin::PluginInput`
   --> crates\fortress-core\src\plugin.rs:723:21
    |
723 |         let input = PluginInput {
    |                     ^^^^^^^^^^^ missing `operation` and `timestamp`

error[E0063]: missing fields `request_id`, `session_id` and `user_id` in initializer of `plugin::PluginContext`
   --> crates\fortress-core\src\plugin.rs:729:23
    |
729 |         let context = PluginContext {
    |                       ^^^^^^^^^^^^^ missing `request_id`, `session_id` and `user_id`

error[E0423]: expected function, tuple struct or tuple variant, found struct `FailingPlugin`
   --> crates\fortress-core\src\plugin.rs:802:22
    |
751 | /         struct FailingPlugin {
752 | |             metadata: PluginMetadata,
753 | |         }
    | |_________- `FailingPlugin` defined here
...
802 |           let plugin = FailingPlugin();
    |                        ^^^^^^^^^^^^^^^ help: use struct literal syntax instead: `FailingPlugin { metadata: val }`

error[E0063]: missing field `wasm_module` in initializer of `plugin::PluginMetadata`
   --> crates\fortress-core\src\plugin.rs:758:31
    |
758 |                     metadata: PluginMetadata {
    |                               ^^^^^^^^^^^^^^ missing `wasm_module`

error[E0063]: missing field `wasm_module` in initializer of `plugin::PluginMetadata`
   --> crates\fortress-core\src\plugin.rs:823:24
    |
823 |         let metadata = PluginMetadata {
    |                        ^^^^^^^^^^^^^^ missing `wasm_module`

error[E0599]: no method named `clone` found for struct `plugin::PluginRegistry` in the current scope
   --> crates\fortress-core\src\plugin.rs:919:43
    |
160 | pub struct PluginRegistry {
    | ------------------------- method `clone` not found for this struct
...
919 |             let registry_clone = registry.clone();
    |                                           ^^^^^ method not found in `plugin::PluginRegistry`
    |
    = help: items from traits can only be used if the trait is implemented and in scope
    = note: the following trait defines an item `clone`, perhaps you need to implement it:
            candidate #1: `Clone`

error[E0063]: missing fields `operation` and `timestamp` in initializer of `plugin::PluginInput`
   --> crates\fortress-core\src\plugin.rs:941:21
    |
941 |         let input = PluginInput {
    |                     ^^^^^^^^^^^ missing `operation` and `timestamp`

error[E0063]: missing field `wasm_module` in initializer of `plugin::PluginMetadata`
   --> crates\fortress-core\src\plugin.rs:963:23
    |
963 |             metadata: PluginMetadata {
    |                       ^^^^^^^^^^^^^^ missing `wasm_module`

error[E0063]: missing fields `request_id`, `session_id` and `user_id` in initializer of `plugin::PluginContext`
   --> crates\fortress-core\src\plugin.rs:961:24
    |
961 |         let context1 = PluginContext {
    |                        ^^^^^^^^^^^^^ missing `request_id`, `session_id` and `user_id`

error[E0063]: missing field `wasm_module` in initializer of `plugin::PluginMetadata`
   --> crates\fortress-core\src\plugin.rs:978:23
    |
978 |             metadata: PluginMetadata {
    |                       ^^^^^^^^^^^^^^ missing `wasm_module`

error[E0063]: missing fields `request_id`, `session_id` and `user_id` in initializer of `plugin::PluginContext`
   --> crates\fortress-core\src\plugin.rs:976:24
    |
976 |         let context2 = PluginContext {
    |                        ^^^^^^^^^^^^^ missing `request_id`, `session_id` and `user_id`

error[E0063]: missing field `wasm_module` in initializer of `plugin::PluginMetadata`
    --> crates\fortress-core\src\plugin.rs:1037:24
     |
1037 |         let metadata = PluginMetadata {
     |                        ^^^^^^^^^^^^^^ missing `wasm_module`

error[E0063]: missing fields `operation` and `timestamp` in initializer of `plugin::PluginInput`
    --> crates\fortress-core\src\plugin.rs:1102:25
     |
1102 |             let input = PluginInput {
     |                         ^^^^^^^^^^^ missing `operation` and `timestamp`

error[E0308]: mismatched types
   --> crates\fortress-core\src\wasm_runtime.rs:335:28
    |
335 |             config_schema: serde_json::Value::Null,
    |                            ^^^^^^^^^^^^^^^^^^^^^^^ expected `Option<Value>`, found `Value`
    |
    = note: expected enum `std::option::Option<JsonValue>`
               found enum `JsonValue`
help: try wrapping the expression in `Some`
    |
335 |             config_schema: Some(serde_json::Value::Null),
    |                            +++++                       +

error[E0308]: mismatched types
   --> crates\fortress-core\src\wasm_runtime.rs:360:28
    |
360 |             config_schema: serde_json::Value::Null,
    |                            ^^^^^^^^^^^^^^^^^^^^^^^ expected `Option<Value>`, found `Value`
    |
    = note: expected enum `std::option::Option<JsonValue>`
               found enum `JsonValue`
help: try wrapping the expression in `Some`
    |
360 |             config_schema: Some(serde_json::Value::Null),
    |                            +++++                       +

error[E0063]: missing fields `encryption_access`, `metadata` and `storage_access` in initializer of `plugin::PluginContext`
   --> crates\fortress-core\src\wasm_runtime.rs:366:23
    |
366 |         let context = PluginContext {
    |                       ^^^^^^^^^^^^^ missing `encryption_access`, `metadata` and `storage_access`

error[E0308]: mismatched types
   --> crates\fortress-core\src\wasm_runtime.rs:377:24
    |
377 |             operation: "authenticate".to_string(),
    |                        ^^^^^^^^^^^^^^^^^^^^^^^^^^ expected `Option<String>`, found `String`
    |
    = note: expected enum `std::option::Option<std::string::String>`
             found struct `std::string::String`
help: try wrapping the expression in `Some`
    |
377 |             operation: Some("authenticate".to_string()),
    |                        +++++                          +

error[E0308]: mismatched types
   --> crates\fortress-core\src\wasm_runtime.rs:378:25
    |
378 |               parameters: serde_json::json!({
    |  _________________________^
379 | |                 "username": "valid_user",
380 | |                 "password": "test_password"
381 | |             }),
    | |______________^ expected `HashMap<String, Value>`, found `Value`
    |
    = note: expected struct `std::collections::HashMap<std::string::String, JsonValue>`
                 found enum `JsonValue`
    = note: this error originates in the macro `$crate::json_internal` which comes from the expansion of the macro `serde_json::json` (in Nightly builds, run with -Z macro-backtrace for more 
info)

error[E0063]: missing fields `action` and `data` in initializer of `plugin::PluginInput`
   --> crates\fortress-core\src\wasm_runtime.rs:376:21
    |
376 |         let input = PluginInput {
    |                     ^^^^^^^^^^^ missing `action` and `data`

error[E0608]: cannot index into a value of type `std::option::Option<JsonValue>`
   --> crates\fortress-core\src\wasm_runtime.rs:390:38
    |
390 |         assert_eq!(plugin_result.data["authenticated"], true);
    |                                      ^^^^^^^^^^^^^^^^^

error[E0308]: mismatched types
   --> crates\fortress-core\src\wasm_runtime.rs:394:24
    |
394 |             operation: "policy_check".to_string(),
    |                        ^^^^^^^^^^^^^^^^^^^^^^^^^^ expected `Option<String>`, found `String`
    |
    = note: expected enum `std::option::Option<std::string::String>`
             found struct `std::string::String`
help: try wrapping the expression in `Some`
    |
394 |             operation: Some("policy_check".to_string()),
    |                        +++++                          +

error[E0308]: mismatched types
   --> crates\fortress-core\src\wasm_runtime.rs:395:25
    |
395 |               parameters: serde_json::json!({
    |  _________________________^
396 | |                 "resource": "public_data",
397 | |                 "action": "read"
398 | |             }),
    | |______________^ expected `HashMap<String, Value>`, found `Value`
    |
    = note: expected struct `std::collections::HashMap<std::string::String, JsonValue>`
                 found enum `JsonValue`
    = note: this error originates in the macro `$crate::json_internal` which comes from the expansion of the macro `serde_json::json` (in Nightly builds, run with -Z macro-backtrace for more 
info)

error[E0063]: missing fields `action` and `data` in initializer of `plugin::PluginInput`
   --> crates\fortress-core\src\wasm_runtime.rs:393:21
    |
393 |         let input = PluginInput {
    |                     ^^^^^^^^^^^ missing `action` and `data`

error[E0608]: cannot index into a value of type `std::option::Option<JsonValue>`
   --> crates\fortress-core\src\wasm_runtime.rs:407:38
    |
407 |         assert_eq!(plugin_result.data["allowed"], true);
    |                                      ^^^^^^^^^^^

error[E0063]: missing fields `request_id`, `session_id` and `user_id` in initializer of `plugin::PluginContext`
  --> crates\fortress-core\src\wasm_runtime_test.rs:33:19
   |
33 |     let context = PluginContext {
   |                   ^^^^^^^^^^^^^ missing `request_id`, `session_id` and `user_id`

error[E0063]: missing fields `operation` and `timestamp` in initializer of `plugin::PluginInput`
  --> crates\fortress-core\src\wasm_runtime_test.rs:43:17
   |
43 |     let input = PluginInput {
   |                 ^^^^^^^^^^^ missing `operation` and `timestamp`

error[E0308]: mismatched types
    --> crates\fortress-core\src\threat_detection.rs:1070:56
     |
1070 |         let engine = DefaultThreatDetectionEngine::new(audit_logger);
     |                      --------------------------------- ^^^^^^^^^^^^ expected `Box<dyn AuditLogger>`, found `Arc<Result<DefaultAuditLogger, ...>>`
     |                      |
     |                      arguments to this function are incorrect
     |
     = note: expected struct `Box<(dyn AuditLogger + 'static)>`
                found struct `std::sync::Arc<std::result::Result<audit::DefaultAuditLogger, error::FortressError>>`
note: associated function defined here
    --> crates\fortress-core\src\threat_detection.rs:597:12
     |
 597 |     pub fn new(audit_logger: Box<dyn AuditLogger>) -> Self {
     |            ^^^ ----------------------------------

error[E0308]: mismatched types
    --> crates\fortress-core\src\threat_detection.rs:1115:64
     |
1115 |         let response_system = DefaultThreatResponseSystem::new(audit_logger);
     |                               -------------------------------- ^^^^^^^^^^^^ expected `Box<dyn AuditLogger>`, found `Arc<Result<DefaultAuditLogger, ...>>`
     |                               |
     |                               arguments to this function are incorrect
     |
     = note: expected struct `Box<(dyn AuditLogger + 'static)>`
                found struct `std::sync::Arc<std::result::Result<audit::DefaultAuditLogger, error::FortressError>>`
note: associated function defined here
    --> crates\fortress-core\src\threat_detection.rs:836:12
     |
 836 |     pub fn new(audit_logger: Box<dyn AuditLogger>) -> Self {
     |            ^^^ ----------------------------------

error[E0308]: mismatched types
   --> crates\fortress-core\src\performance\async_ops.rs:294:54
    |
294 |         let result = encrypt_data_async(&data, &key, &algorithm).await;
    |                      ------------------              ^^^^^^^^^^ expected `Arc<dyn EncryptionAlgorithm>`, found `&Aegis256`
    |                      |
    |                      arguments to this function are incorrect
    |
    = note: expected struct `std::sync::Arc<(dyn encryption::EncryptionAlgorithm + 'static)>`
            found reference `&encryption::Aegis256`
note: function defined here
   --> crates\fortress-core\src\performance\async_ops.rs:19:14
    |
 19 | pub async fn encrypt_data_async(data: &[u8], key: &[u8], algorithm: Arc<dyn EncryptionAlgorithm>) -> Result<Vec<u8>, FortressError> {
    |              ^^^^^^^^^^^^^^^^^^                          ---------------------------------------

error[E0308]: mismatched types
   --> crates\fortress-core\src\performance\async_ops.rs:312:66
    |
312 |         let results = encryptor.encrypt_batch(&data_batch, &key, &algorithm).await;
    |                                 -------------                    ^^^^^^^^^^ expected `Arc<dyn EncryptionAlgorithm>`, found `&Aegis256`
    |                                 |
    |                                 arguments to this method are incorrect
    |
    = note: expected struct `std::sync::Arc<(dyn encryption::EncryptionAlgorithm + 'static)>`
            found reference `&encryption::Aegis256`
note: method defined here
   --> crates\fortress-core\src\performance\async_ops.rs:56:18
    |
 56 |     pub async fn encrypt_batch(&self, data_batch: &[&[u8]], key: &[u8], algorithm: Arc<dyn EncryptionAlgorithm>) -> Result<Vec<Vec<u8>>, ...
    |                  ^^^^^^^^^^^^^                                          ---------------------------------------

error[E0308]: mismatched types
   --> crates\fortress-core\src\performance\async_ops.rs:341:13
    |
340 |         let service = AsyncEncryptionService::new(
    |                       --------------------------- arguments to this function are incorrect
341 |             algorithm,
    |             ^^^^^^^^^ expected `Arc<dyn EncryptionAlgorithm>`, found `Box<Aegis256>`
    |
    = note: expected struct `std::sync::Arc<(dyn encryption::EncryptionAlgorithm + 'static)>`
               found struct `Box<encryption::Aegis256>`
note: associated function defined here
   --> crates\fortress-core\src\performance\async_ops.rs:213:12
    |
213 |     pub fn new(algorithm: Arc<dyn EncryptionAlgorithm>, batch_size: usize, batch_timeout: Duration, concurrency_limit: usize) -> Self {
    |            ^^^ ---------------------------------------

error[E0308]: mismatched types
    --> crates\fortress-core\src\observability\realtime_dashboard.rs:1699:13
     |
1691 |         let dashboard = RealTimeDashboard::new(
     |                         ---------------------- arguments to this function are incorrect
...
1699 |             metrics_collector,
     |             ^^^^^^^^^^^^^^^^^ expected `Arc<AdvancedMetricsCollector>`, found `Arc<Result<..., ...>>`
     |
     = note: expected struct `std::sync::Arc<observability::metrics::AdvancedMetricsCollector>`
                found struct `std::sync::Arc<std::result::Result<observability::metrics::AdvancedMetricsCollector, error::FortressError>>`
note: associated function defined here
    --> crates\fortress-core\src\observability\realtime_dashboard.rs:569:12
     |
 569 |     pub fn new(
     |            ^^^
...
 577 |         metrics_collector: Arc<AdvancedMetricsCollector>,
     |         ------------------------------------------------

error[E0308]: mismatched types
    --> crates\fortress-core\src\observability\realtime_dashboard.rs:1747:13
     |
1739 |         let dashboard = RealTimeDashboard::new(
     |                         ---------------------- arguments to this function are incorrect
...
1747 |             metrics_collector,
     |             ^^^^^^^^^^^^^^^^^ expected `Arc<AdvancedMetricsCollector>`, found `Arc<Result<..., ...>>`
     |
     = note: expected struct `std::sync::Arc<observability::metrics::AdvancedMetricsCollector>`
                found struct `std::sync::Arc<std::result::Result<observability::metrics::AdvancedMetricsCollector, error::FortressError>>`
note: associated function defined here
    --> crates\fortress-core\src\observability\realtime_dashboard.rs:569:12
     |
 569 |     pub fn new(
     |            ^^^
...
 577 |         metrics_collector: Arc<AdvancedMetricsCollector>,
     |         ------------------------------------------------

Some errors have detailed explanations: E0063, E0308.
For more information about an error, try `rustc --explain E0063`.
warning: `fortress-core` (lib) generated 12 warnings
error: could not compile `fortress-core` (lib) due to 7 previous errors; 12 warnings emitted
warning: build failed, waiting for other jobs to finish...
error[E0369]: binary operation `==` cannot be applied to type `secrets::EngineType`
    --> crates\fortress-core\src\secrets_kv.rs:1161:13
     |
1161 |             assert_eq!(status.engine_type, EngineType::Kv);
     |             ^^^^^^^^^^^^^^^^^^^^^^^^^^^^^^^^^^^^^^^^^^^^^^
     |             |
     |             secrets::EngineType
     |             secrets::EngineType
     |
note: an implementation of `PartialEq` might be missing for `secrets::EngineType`
    --> crates\fortress-core\src\secrets.rs:98:1
     |
  98 | pub enum EngineType {
     | ^^^^^^^^^^^^^^^^^^^ must implement `PartialEq`
     = note: this error originates in the macro `assert_eq` (in Nightly builds, run with -Z macro-backtrace for more info)
help: consider annotating `secrets::EngineType` with `#[derive(PartialEq)]`
    -->  crates\fortress-core\src\secrets.rs:98:1
     |
  98 + #[derive(PartialEq)]
  99 | pub enum EngineType {
     |

error[E0369]: binary operation `==` cannot be applied to type `secrets::EngineType`
    --> crates\fortress-core\src\database_secrets.rs:2100:9
     |
2100 |         assert_eq!(engine.engine_type(), EngineType::Database);
     |         ^^^^^^^^^^^^^^^^^^^^^^^^^^^^^^^^^^^^^^^^^^^^^^^^^^^^^^
     |         |
     |         secrets::EngineType
     |         secrets::EngineType
     |
note: an implementation of `PartialEq` might be missing for `secrets::EngineType`
    --> crates\fortress-core\src\secrets.rs:98:1
     |
  98 | pub enum EngineType {
     | ^^^^^^^^^^^^^^^^^^^ must implement `PartialEq`
     = note: this error originates in the macro `assert_eq` (in Nightly builds, run with -Z macro-backtrace for more info)
help: consider annotating `secrets::EngineType` with `#[derive(PartialEq)]`
    -->  crates\fortress-core\src\secrets.rs:98:1
     |
  98 + #[derive(PartialEq)]
  99 | pub enum EngineType {
     |

error[E0609]: no field `lease` on type `secrets::SecretMetadata`
    --> crates\fortress-core\src\database_secrets.rs:2254:37
     |
2254 |             assert!(secret.metadata.lease.is_some());
     |                                     ^^^^^ unknown field
     |
     = note: available fields are: `name`, `version`, `created_at`, `updated_at`, `created_by` ... and 2 others

error[E0308]: mismatched types
   --> crates\fortress-core\src\kubernetes_auth.rs:952:75
    |
952 |         let permissions = auth.map_permissions("default", "my-service", &["system:serviceaccounts"]).await;
    |                                                                           ^^^^^^^^^^^^^^^^^^^^^^^^ expected `String`, found `&str`
    |
help: try using a conversion method
    |
952 |         let permissions = auth.map_permissions("default", "my-service", &["system:serviceaccounts".to_string()]).await;
    |                                                                                                   ++++++++++++

error[E0308]: mismatched types
   --> crates\fortress-core\src\kubernetes_auth.rs:955:87
    |
955 |         let admin_permissions = auth.map_permissions("production", "admin-service", &["system:masters"]).await;
    |                                                                                       ^^^^^^^^^^^^^^^^ expected `String`, found `&str`
    |
help: try using a conversion method
    |
955 |         let admin_permissions = auth.map_permissions("production", "admin-service", &["system:masters".to_string()]).await;
    |                                                                                                       ++++++++++++

error[E0308]: mismatched types
   --> crates\fortress-core\src\mongodb_database.rs:683:34
    |
683 |             ("doc2".to_string(), "data".to_string(), {
    |                                  ^^^^^^^^^^^^^^^^^^ expected `Vec<u8>`, found `String`
    |
    = note: expected struct `Vec<u8>`
               found struct `std::string::String`
help: call `Into::into` on this expression to convert `std::string::String` into `Vec<u8>`
    |
683 |             ("doc2".to_string(), "data".to_string().into(), {
    |                                                    +++++++

error[E0308]: mismatched types
    --> crates\fortress-core\src\image_encryption\encryptor.rs:1401:68
     |
1401 |         let result = encryptor.encrypt(jpeg_data.clone(), options, &key).await;
     |                                -------                             ^^^^ expected `&SecureKey`, found `&Result<SecureKey, FortressError>`
     |                                |
     |                                arguments to this method are incorrect
     |
     = note: expected reference `&encryption::SecureKey`
                found reference `&std::result::Result<encryption::SecureKey, error::FortressError>`
note: method defined here
    --> crates\fortress-core\src\image_encryption\encryptor.rs:115:18
     |
 115 |     pub async fn encrypt(
     |                  ^^^^^^^
...
 123 |         key: &SecureKey,
     |         ---------------

error[E0308]: mismatched types
    --> crates\fortress-core\src\image_encryption\metadata.rs:2605:63
     |
2605 |         let encrypted = processor.encrypt_metadata(&metadata, &key).unwrap();
     |                                   ----------------            ^^^^ expected `&SecureKey`, found `&Result<SecureKey, FortressError>`
     |                                   |
     |                                   arguments to this method are incorrect
     |
     = note: expected reference `&encryption::SecureKey`
                found reference `&std::result::Result<encryption::SecureKey, error::FortressError>`
note: method defined here
    --> crates\fortress-core\src\image_encryption\metadata.rs:1137:12
     |
1137 |     pub fn encrypt_metadata(&self, metadata: &ImageMetadata, key: &SecureKey) -> Result<EncryptedMetadata> {
     |            ^^^^^^^^^^^^^^^^                                  ---------------

error[E0308]: mismatched types
    --> crates\fortress-core\src\image_encryption\metadata.rs:2615:64
     |
2615 |         let decrypted = processor.decrypt_metadata(&encrypted, &key).unwrap();
     |                                   ----------------             ^^^^ expected `&SecureKey`, found `&Result<SecureKey, FortressError>`
     |                                   |
     |                                   arguments to this method are incorrect
     |
     = note: expected reference `&encryption::SecureKey`
                found reference `&std::result::Result<encryption::SecureKey, error::FortressError>`
note: method defined here
    --> crates\fortress-core\src\image_encryption\metadata.rs:1251:12
     |
1251 |     pub fn decrypt_metadata(&self, encrypted_metadata: &EncryptedMetadata, key: &SecureKey) -> Result<ImageMetadata> {
     |            ^^^^^^^^^^^^^^^^                                                ---------------

error[E0308]: mismatched types
    --> crates\fortress-core\src\image_encryption\api.rs:1535:16
     |
1535 |             Ok(SecureKey::generate(32))
     |             -- ^^^^^^^^^^^^^^^^^^^^^^^ expected `SecureKey`, found `Result<SecureKey, FortressError>`
     |             |
     |             arguments to this enum variant are incorrect
     |
     = note: expected struct `encryption::SecureKey`
                  found enum `std::result::Result<encryption::SecureKey, error::FortressError>`
help: the type constructed contains `std::result::Result<encryption::SecureKey, error::FortressError>` due to the type of the argument passed
    --> crates\fortress-core\src\image_encryption\api.rs:1535:13
     |
1535 |             Ok(SecureKey::generate(32))
     |             ^^^-----------------------^
     |                |
     |                this argument influences the type of `Ok`
note: tuple variant defined here
    --> C:\ProgramData\chocolatey\lib\rust\tools\lib/rustlib/src/rust\library\core\src\result.rs:552:5
     |
 552 |     Ok(#[stable(feature = "rust1", since = "1.0.0")] T),
     |     ^^
help: consider using `Result::expect` to unwrap the `std::result::Result<encryption::SecureKey, error::FortressError>` value, panicking if the value is a `Result::Err`
     |
1535 |             Ok(SecureKey::generate(32).expect("REASON"))
     |                                       +++++++++++++++++

error[E0308]: mismatched types
    --> crates\fortress-core\src\image_encryption\api.rs:1543:16
     |
1543 |             Ok(SecureKey::generate(32))
     |             -- ^^^^^^^^^^^^^^^^^^^^^^^ expected `SecureKey`, found `Result<SecureKey, FortressError>`
     |             |
     |             arguments to this enum variant are incorrect
     |
     = note: expected struct `encryption::SecureKey`
                  found enum `std::result::Result<encryption::SecureKey, error::FortressError>`
help: the type constructed contains `std::result::Result<encryption::SecureKey, error::FortressError>` due to the type of the argument passed
    --> crates\fortress-core\src\image_encryption\api.rs:1543:13
     |
1543 |             Ok(SecureKey::generate(32))
     |             ^^^-----------------------^
     |                |
     |                this argument influences the type of `Ok`
note: tuple variant defined here
    --> C:\ProgramData\chocolatey\lib\rust\tools\lib/rustlib/src/rust\library\core\src\result.rs:552:5
     |
 552 |     Ok(#[stable(feature = "rust1", since = "1.0.0")] T),
     |     ^^
help: consider using `Result::expect` to unwrap the `std::result::Result<encryption::SecureKey, error::FortressError>` value, panicking if the value is a `Result::Err`
     |
1543 |             Ok(SecureKey::generate(32).expect("REASON"))
     |                                       +++++++++++++++++

error[E0061]: this function takes 1 argument but 3 arguments were supplied
    --> crates\fortress-core\src\security_headers.rs:997:24
     |
 997 |           let response = security_headers_middleware_with_config(config, request, |request| async move {
     |  ________________________^^^^^^^^^^^^^^^^^^^^^^^^^^^^^^^^^^^^^^^_________-------__-
     | |                                                                        |
     | |                                                                        unexpected argument #2 of type `axum::http::Request<axum::body::Body>`
 998 | |             Response::builder()
 999 | |                 .status(StatusCode::OK)
1000 | |                 .body(Body::from("Hello, World!"))
1001 | |                 .unwrap()
1002 | |         }).await;
     | |_________- unexpected argument #3 of type `{closure@crates\fortress-core\src\security_headers.rs:997:81: 997:90}`
     |
note: function defined here
    --> crates\fortress-core\src\security_headers.rs:887:8
     |
 887 | pub fn security_headers_middleware_with_config(
     |        ^^^^^^^^^^^^^^^^^^^^^^^^^^^^^^^^^^^^^^^
help: remove the extra arguments
     |
 997 -         let response = security_headers_middleware_with_config(config, request, |request| async move {
 997 +         let response = security_headers_middleware_with_config(config).await;
     |

error[E0277]: `impl Fn(Request<Body>, Next) -> Pin<Box<...>>` is not a future
    --> crates\fortress-core\src\security_headers.rs:1002:12
     |
 997 |           let response = security_headers_middleware_with_config(config, request, |request| async move {
     |  ________________________-
 998 | |             Response::builder()
 999 | |                 .status(StatusCode::OK)
1000 | |                 .body(Body::from("Hello, World!"))
1001 | |                 .unwrap()
1002 | |         }).await;
     | |          - ^^^^^ `impl Fn(Request<Body>, Next) -> Pin<Box<...>>` is not a future
     | |__________|
     |            this call returns `impl Fn(axum::http::Request<axum::body::Body>, axum::middleware::Next) -> Pin<Box<(dyn futures::Future<Output = axum::http::Response<axum::body::Body>> + 
std::marker::Send + 'static)>>`
     |
     = help: the trait `futures::Future` is not implemented for `impl Fn(Request<Body>, Next) -> Pin<Box<...>>`
     = note: impl Fn(Request<Body>, Next) -> Pin<Box<...>> must be a future or must implement `IntoFuture` to be awaited
     = note: required for `impl Fn(Request<Body>, Next) -> Pin<Box<...>>` to implement `std::future::IntoFuture`
     = note: the full name for the type has been written to 'C:\Users\fese\vault\target\debug\deps\fortress_core-5764f8fcec13ee9e.long-type-10725417103594257749.txt'
     = note: consider using `--verbose` to print the full type name to the console
help: remove the `.await`
     |
1002 -         }).await;
1002 +         });
     |
help: alternatively, consider making `fn security_headers_middleware_with_config` asynchronous
     |
 887 | pub async fn security_headers_middleware_with_config(
     |     +++++

error[E0061]: this function takes 1 argument but 3 arguments were supplied
    --> crates\fortress-core\src\security_headers.rs:1042:24
     |
1042 |           let response = security_headers_middleware_with_config(config, request, |request| async move {
     |  ________________________^^^^^^^^^^^^^^^^^^^^^^^^^^^^^^^^^^^^^^^_________-------__-
     | |                                                                        |
     | |                                                                        unexpected argument #2 of type `axum::http::Request<axum::body::Body>`
1043 | |
1044 | |             Response::builder()
...    |
1052 | |         }).await;
     | |_________- unexpected argument #3 of type `{closure@crates\fortress-core\src\security_headers.rs:1042:81: 1042:90}`
     |
note: function defined here
    --> crates\fortress-core\src\security_headers.rs:887:8
     |
 887 | pub fn security_headers_middleware_with_config(
     |        ^^^^^^^^^^^^^^^^^^^^^^^^^^^^^^^^^^^^^^^
help: remove the extra arguments
     |
1042 -         let response = security_headers_middleware_with_config(config, request, |request| async move {
1042 +         let response = security_headers_middleware_with_config(config).await;
     |

error[E0277]: `impl Fn(Request<Body>, Next) -> Pin<Box<...>>` is not a future
    --> crates\fortress-core\src\security_headers.rs:1052:12
     |
1042 |           let response = security_headers_middleware_with_config(config, request, |request| async move {
     |  ________________________-
1043 | |
1044 | |             Response::builder()
...    |
1052 | |         }).await;
     | |          - ^^^^^ `impl Fn(Request<Body>, Next) -> Pin<Box<...>>` is not a future
     | |__________|
     |            this call returns `impl Fn(axum::http::Request<axum::body::Body>, axum::middleware::Next) -> Pin<Box<(dyn futures::Future<Output = axum::http::Response<axum::body::Body>> + 
std::marker::Send + 'static)>>`
     |
     = help: the trait `futures::Future` is not implemented for `impl Fn(Request<Body>, Next) -> Pin<Box<...>>`
     = note: impl Fn(Request<Body>, Next) -> Pin<Box<...>> must be a future or must implement `IntoFuture` to be awaited
     = note: required for `impl Fn(Request<Body>, Next) -> Pin<Box<...>>` to implement `std::future::IntoFuture`
     = note: the full name for the type has been written to 'C:\Users\fese\vault\target\debug\deps\fortress_core-5764f8fcec13ee9e.long-type-10725417103594257749.txt'
     = note: consider using `--verbose` to print the full type name to the console
help: remove the `.await`
     |
1052 -         }).await;
1052 +         });
     |
help: alternatively, consider making `fn security_headers_middleware_with_config` asynchronous
     |
 887 | pub async fn security_headers_middleware_with_config(
     |     +++++

error[E0061]: this function takes 1 argument but 3 arguments were supplied
    --> crates\fortress-core\src\security_headers.rs:1081:24
     |
1081 |           let response = security_headers_middleware_with_config(config, request, |request| async move {
     |  ________________________^^^^^^^^^^^^^^^^^^^^^^^^^^^^^^^^^^^^^^^_________-------__-
     | |                                                                        |
     | |                                                                        unexpected argument #2 of type `axum::http::Request<axum::body::Body>`
1082 | |
1083 | |             Response::builder()
...    |
1091 | |         }).await;
     | |_________- unexpected argument #3 of type `{closure@crates\fortress-core\src\security_headers.rs:1081:81: 1081:90}`
     |
note: function defined here
    --> crates\fortress-core\src\security_headers.rs:887:8
     |
 887 | pub fn security_headers_middleware_with_config(
     |        ^^^^^^^^^^^^^^^^^^^^^^^^^^^^^^^^^^^^^^^
help: remove the extra arguments
     |
1081 -         let response = security_headers_middleware_with_config(config, request, |request| async move {
1081 +         let response = security_headers_middleware_with_config(config).await;
     |

error[E0277]: `impl Fn(Request<Body>, Next) -> Pin<Box<...>>` is not a future
    --> crates\fortress-core\src\security_headers.rs:1091:12
     |
1081 |           let response = security_headers_middleware_with_config(config, request, |request| async move {
     |  ________________________-
1082 | |
1083 | |             Response::builder()
...    |
1091 | |         }).await;
     | |          - ^^^^^ `impl Fn(Request<Body>, Next) -> Pin<Box<...>>` is not a future
     | |__________|
     |            this call returns `impl Fn(axum::http::Request<axum::body::Body>, axum::middleware::Next) -> Pin<Box<(dyn futures::Future<Output = axum::http::Response<axum::body::Body>> + 
std::marker::Send + 'static)>>`
     |
     = help: the trait `futures::Future` is not implemented for `impl Fn(Request<Body>, Next) -> Pin<Box<...>>`
     = note: impl Fn(Request<Body>, Next) -> Pin<Box<...>> must be a future or must implement `IntoFuture` to be awaited
     = note: required for `impl Fn(Request<Body>, Next) -> Pin<Box<...>>` to implement `std::future::IntoFuture`
     = note: the full name for the type has been written to 'C:\Users\fese\vault\target\debug\deps\fortress_core-5764f8fcec13ee9e.long-type-10725417103594257749.txt'
     = note: consider using `--verbose` to print the full type name to the console
help: remove the `.await`
     |
1091 -         }).await;
1091 +         });
     |
help: alternatively, consider making `fn security_headers_middleware_with_config` asynchronous
     |
 887 | pub async fn security_headers_middleware_with_config(
     |     +++++

error[E0061]: this function takes 1 argument but 3 arguments were supplied
    --> crates\fortress-core\src\security_headers.rs:1115:24
     |
1115 |           let response = security_headers_middleware_with_config(config, request, |request| async move {
     |  ________________________^^^^^^^^^^^^^^^^^^^^^^^^^^^^^^^^^^^^^^^_________-------__-
     | |                                                                        |
     | |                                                                        unexpected argument #2 of type `axum::http::Request<axum::body::Body>`
1116 | |             Response::builder()
1117 | |                 .status(StatusCode::OK)
1118 | |                 .body(Body::from("Hello, World!"))
1119 | |                 .unwrap()
1120 | |         }).await;
     | |_________- unexpected argument #3 of type `{closure@crates\fortress-core\src\security_headers.rs:1115:81: 1115:90}`
     |
note: function defined here
    --> crates\fortress-core\src\security_headers.rs:887:8
     |
 887 | pub fn security_headers_middleware_with_config(
     |        ^^^^^^^^^^^^^^^^^^^^^^^^^^^^^^^^^^^^^^^
help: remove the extra arguments
     |
1115 -         let response = security_headers_middleware_with_config(config, request, |request| async move {
1115 +         let response = security_headers_middleware_with_config(config).await;
     |

error[E0277]: `impl Fn(Request<Body>, Next) -> Pin<Box<...>>` is not a future
    --> crates\fortress-core\src\security_headers.rs:1120:12
     |
1115 |           let response = security_headers_middleware_with_config(config, request, |request| async move {
     |  ________________________-
1116 | |             Response::builder()
1117 | |                 .status(StatusCode::OK)
1118 | |                 .body(Body::from("Hello, World!"))
1119 | |                 .unwrap()
1120 | |         }).await;
     | |          - ^^^^^ `impl Fn(Request<Body>, Next) -> Pin<Box<...>>` is not a future
     | |__________|
     |            this call returns `impl Fn(axum::http::Request<axum::body::Body>, axum::middleware::Next) -> Pin<Box<(dyn futures::Future<Output = axum::http::Response<axum::body::Body>> + 
std::marker::Send + 'static)>>`
     |
     = help: the trait `futures::Future` is not implemented for `impl Fn(Request<Body>, Next) -> Pin<Box<...>>`
     = note: impl Fn(Request<Body>, Next) -> Pin<Box<...>> must be a future or must implement `IntoFuture` to be awaited
     = note: required for `impl Fn(Request<Body>, Next) -> Pin<Box<...>>` to implement `std::future::IntoFuture`
     = note: the full name for the type has been written to 'C:\Users\fese\vault\target\debug\deps\fortress_core-5764f8fcec13ee9e.long-type-10725417103594257749.txt'
     = note: consider using `--verbose` to print the full type name to the console
help: remove the `.await`
     |
1120 -         }).await;
1120 +         });
     |
help: alternatively, consider making `fn security_headers_middleware_with_config` asynchronous
     |
 887 | pub async fn security_headers_middleware_with_config(
     |     +++++

error[E0308]: arguments to this function are incorrect
   --> crates\fortress-core\src\security\zero_knowledge_tests.rs:744:21
    |
744 |         let proof = AccessControlProof::create_proof(&user_key, &resource_policy, &permissions).unwrap();
    |                     ^^^^^^^^^^^^^^^^^^^^^^^^^^^^^^^^            ----------------  ------------ expected `&[u8]`, found `&&[u8; 0]`
    |                                                                 |
    |                                                                 expected `&[u8]`, found `&&[u8; 0]`
    |
    = note: expected reference `&[u8]`
               found reference `&&[u8; 0]`
    = note: expected reference `&[u8]`
               found reference `&&[u8; 0]`
note: associated function defined here
   --> crates\fortress-core\src\security\zero_knowledge.rs:205:12
    |
205 |     pub fn create_proof(
    |            ^^^^^^^^^^^^
206 |         user_key: &SecureKey,
207 |         resource_policy: &[u8],
    |         ----------------------
208 |         permissions: &[u8],
    |         ------------------

error[E0063]: missing field `wasm_module` in initializer of `plugin::PluginMetadata`
   --> crates\fortress-core\src\auth_plugin.rs:261:32
    |
261 |         let _plugin_metadata = PluginMetadata {
    |                                ^^^^^^^^^^^^^^ missing `wasm_module`

error[E0308]: mismatched types
    --> crates\fortress-core\src\auth_plugin.rs:1127:37
     |
1127 |         assert_eq!(user_info.email, "john.doe@example.com");
     |                                     ^^^^^^^^^^^^^^^^^^^^^^ expected `Option<String>`, found `&str`
     |
     = note:   expected enum `std::option::Option<std::string::String>`
             found reference `&str`

error[E0308]: mismatched types
   --> crates\fortress-core\src\auth_plugin_integration.rs:629:54
    |
629 |             DeploymentStrategy::Canary { percentage: 10 },
    |                                                      ^^ expected `f64`, found integer
    |
help: use a float literal
    |
629 |             DeploymentStrategy::Canary { percentage: 10.0 },
    |                                                        ++

error[E0277]: can't compare `f64` with `{integer}`
   --> crates\fortress-core\src\auth_plugin_integration.rs:640:13
    |
640 |             assert_eq!(percentage, 10);
    |             ^^^^^^^^^^^^^^^^^^^^^^^^^^ no implementation for `f64 == {integer}`
    |
    = help: the trait `PartialEq<{integer}>` is not implemented for `f64`
    = help: the following other types implement trait `PartialEq<Rhs>`:
              `f64` implements `PartialEq<JsonValue>`
              `f64` implements `PartialEq`
    = note: this error originates in the macro `assert_eq` (in Nightly builds, run with -Z macro-backtrace for more info)

error[E0308]: mismatched types
   --> crates\fortress-core\src\auth_plugin_integration.rs:640:13
    |
640 |             assert_eq!(percentage, 10);
    |             ^^^^^^^^^^^^^^^^^^^^^^^^^^ expected `f64`, found integer
    |
    = note: this error originates in the macro `assert_eq` (in Nightly builds, run with -Z macro-backtrace for more info)

error[E0308]: mismatched types
   --> crates\fortress-core\src\auth_plugin_integration.rs:876:54
    |
876 |             DeploymentStrategy::Canary { percentage: 25 },
    |                                                      ^^ expected `f64`, found integer
    |
help: use a float literal
    |
876 |             DeploymentStrategy::Canary { percentage: 25.0 },
    |                                                        ++

error[E0308]: mismatched types
   --> crates\fortress-core\src\mpa_service.rs:519:13
    |
517 |         let request_id = service.create_approval_request(
    |                                  ----------------------- arguments to this method are incorrect
518 |             group_id,
519 |             OperationType::KeyGeneration,
    |             ^^^^^^^^^^^^^^^^^^^^^^^^^^^^ expected `MultiPersonOperationType`, found `OperationType`
    |
note: method defined here
   --> crates\fortress-core\src\mpa_service.rs:140:18
    |
140 |     pub async fn create_approval_request(
    |                  ^^^^^^^^^^^^^^^^^^^^^^^
...
143 |         operation_type: MultiPersonOperationType,
    |         ----------------------------------------

error[E0308]: mismatched types
   --> crates\fortress-core\src\mpa_service.rs:582:13
    |
580 |         let request_id = service.create_approval_request(
    |                                  ----------------------- arguments to this method are incorrect
581 |             group_id,
582 |             OperationType::KeyGeneration,
    |             ^^^^^^^^^^^^^^^^^^^^^^^^^^^^ expected `MultiPersonOperationType`, found `OperationType`
    |
note: method defined here
   --> crates\fortress-core\src\mpa_service.rs:140:18
    |
140 |     pub async fn create_approval_request(
    |                  ^^^^^^^^^^^^^^^^^^^^^^^
...
143 |         operation_type: MultiPersonOperationType,
    |         ----------------------------------------

warning: unused import: `EncryptionAlgorithm`
    --> crates\fortress-core\src\hsm.rs:3338:29
     |
3338 |     use crate::encryption::{EncryptionAlgorithm, Aes256Gcm};
     |                             ^^^^^^^^^^^^^^^^^^^

warning: unused import: `CacheManager`
  --> crates\fortress-core\src\cache_tests.rs:20:32
   |
20 |     use crate::cache_manager::{CacheManager, CacheManagerConfig, CacheType};
   |                                ^^^^^^^^^^^^

warning: unused import: `CacheIntegration`
  --> crates\fortress-core\src\cache_tests.rs:27:36
   |
27 |     use crate::cache_integration::{CacheIntegration, CacheIntegrationConfig};
   |                                    ^^^^^^^^^^^^^^^^

warning: unused variable: `vulnerable_patterns`
  --> crates\fortress-core\src\security_regression_tests.rs:18:13
   |
18 |         let vulnerable_patterns = vec![
   |             ^^^^^^^^^^^^^^^^^^^ help: if this is intentional, prefix it with an underscore: `_vulnerable_patterns`

warning: unused variable: `weak_patterns`
  --> crates\fortress-core\src\security_regression_tests.rs:40:13
   |
40 |         let weak_patterns = vec![
   |             ^^^^^^^^^^^^^ help: if this is intentional, prefix it with an underscore: `_weak_patterns`

warning: unused variable: `credential_patterns`
  --> crates\fortress-core\src\security_regression_tests.rs:60:13
   |
60 |         let credential_patterns = vec![
   |             ^^^^^^^^^^^^^^^^^^^ help: if this is intentional, prefix it with an underscore: `_credential_patterns`

warning: unused variable: `validation_patterns`
  --> crates\fortress-core\src\security_regression_tests.rs:82:13
   |
82 |         let validation_patterns = vec![
   |             ^^^^^^^^^^^^^^^^^^^ help: if this is intentional, prefix it with an underscore: `_validation_patterns`

warning: unused variable: `csrf_patterns`
   --> crates\fortress-core\src\security_regression_tests.rs:104:13
    |
104 |         let csrf_patterns = vec![
    |             ^^^^^^^^^^^^^ help: if this is intentional, prefix it with an underscore: `_csrf_patterns`

warning: unused variable: `rate_limit_patterns`
   --> crates\fortress-core\src\security_regression_tests.rs:125:13
    |
125 |         let rate_limit_patterns = vec![
    |             ^^^^^^^^^^^^^^^^^^^ help: if this is intentional, prefix it with an underscore: `_rate_limit_patterns`

warning: unused variable: `security_header_patterns`
   --> crates\fortress-core\src\security_regression_tests.rs:147:13
    |
147 |         let security_header_patterns = vec![
    |             ^^^^^^^^^^^^^^^^^^^^^^^^ help: if this is intentional, prefix it with an underscore: `_security_header_patterns`

warning: unused variable: `constant_time_patterns`
   --> crates\fortress-core\src\security_regression_tests.rs:170:13
    |
170 |         let constant_time_patterns = vec![
    |             ^^^^^^^^^^^^^^^^^^^^^^ help: if this is intentional, prefix it with an underscore: `_constant_time_patterns`

warning: unused variable: `error_handling_patterns`
   --> crates\fortress-core\src\security_regression_tests.rs:190:13
    |
190 |         let error_handling_patterns = vec![
    |             ^^^^^^^^^^^^^^^^^^^^^^^ help: if this is intentional, prefix it with an underscore: `_error_handling_patterns`

warning: unused variable: `unwrap_patterns`
   --> crates\fortress-core\src\security_regression_tests.rs:212:13
    |
212 |         let unwrap_patterns = vec![
    |             ^^^^^^^^^^^^^^^ help: if this is intentional, prefix it with an underscore: `_unwrap_patterns`

warning: unused variable: `session_patterns`
   --> crates\fortress-core\src\security_regression_tests.rs:231:13
    |
231 |         let session_patterns = vec![
    |             ^^^^^^^^^^^^^^^^ help: if this is intentional, prefix it with an underscore: `_session_patterns`

warning: unused variable: `crypto_patterns`
   --> crates\fortress-core\src\security_regression_tests.rs:252:13
    |
252 |         let crypto_patterns = vec![
    |             ^^^^^^^^^^^^^^^ help: if this is intentional, prefix it with an underscore: `_crypto_patterns`

warning: unused variable: `crypto_anti_patterns`
   --> crates\fortress-core\src\security_regression_tests.rs:262:13
    |
262 |         let crypto_anti_patterns = vec![
    |             ^^^^^^^^^^^^^^^^^^^^ help: if this is intentional, prefix it with an underscore: `_crypto_anti_patterns`

warning: unused variable: `sensitive_patterns`
   --> crates\fortress-core\src\security_regression_tests.rs:284:13
    |
284 |         let sensitive_patterns = vec![
    |             ^^^^^^^^^^^^^^^^^^ help: if this is intentional, prefix it with an underscore: `_sensitive_patterns`

warning: variable does not need to be mutable
    --> crates\fortress-core\src\cluster.rs:1070:13
     |
1070 |         let mut manager = ClusterManager::new(config).unwrap();
     |             ----^^^^^^^
     |             |
     |             help: remove this `mut`
     |
     = note: `#[warn(unused_mut)]` on by default

warning: variable does not need to be mutable
    --> crates\fortress-core\src\cluster.rs:1106:13
     |
1106 |         let mut manager = ClusterManager::new(config).unwrap();
     |             ----^^^^^^^
     |             |
     |             help: remove this `mut`

warning: variable does not need to be mutable
   --> crates\fortress-core\src\aes256gcm_wrapper.rs:248:13
    |
248 |         let mut invalid_ciphertext = vec![0u8; 28]; // 12 nonce + 16 tag
    |             ----^^^^^^^^^^^^^^^^^^
    |             |
    |             help: remove this `mut`

warning: unused variable: `buffer2`
   --> crates\fortress-core\src\performance\memory.rs:452:13
    |
452 |         let buffer2 = pool.get();
    |             ^^^^^^^ help: if this is intentional, prefix it with an underscore: `_buffer2`

warning: unused variable: `recommendations`
   --> crates\fortress-core\src\performance_monitor.rs:976:13
    |
976 |         let recommendations = monitor.get_recommendations().await.unwrap();
    |             ^^^^^^^^^^^^^^^ help: if this is intentional, prefix it with an underscore: `_recommendations`

warning: unused variable: `manager`
   --> crates\fortress-core\src\secrets.rs:228:13
    |
228 |         let manager = SecretsEngineManager::new(SecretsConfig::default());
    |             ^^^^^^^ help: if this is intentional, prefix it with an underscore: `_manager`

warning: variable does not need to be mutable
    --> crates\fortress-core\src\database_secrets.rs:2154:13
     |
2154 |         let mut engine = DatabaseEngine::new();
     |             ----^^^^^^
     |             |
     |             help: remove this `mut`

warning: variable does not need to be mutable
    --> crates\fortress-core\src\database_secrets.rs:2266:13
     |
2266 |         let mut engine = DatabaseEngine::new();
     |             ----^^^^^^
     |             |
     |             help: remove this `mut`

warning: variable does not need to be mutable
   --> crates\fortress-core\src\kubernetes_auth.rs:889:13
    |
889 |         let mut auth = KubernetesAuth::new();
    |             ----^^^^
    |             |
    |             help: remove this `mut`

warning: variable does not need to be mutable
   --> crates\fortress-core\src\kubernetes_auth.rs:896:13
    |
896 |         let mut auth = KubernetesAuth::new();
    |             ----^^^^
    |             |
    |             help: remove this `mut`

warning: variable does not need to be mutable
   --> crates\fortress-core\src\kubernetes_auth.rs:920:13
    |
920 |         let mut auth = KubernetesAuth::new();
    |             ----^^^^
    |             |
    |             help: remove this `mut`

warning: variable does not need to be mutable
   --> crates\fortress-core\src\kubernetes_auth.rs:961:13
    |
961 |         let mut auth = KubernetesAuth::new();
    |             ----^^^^
    |             |
    |             help: remove this `mut`

warning: variable does not need to be mutable
   --> crates\fortress-core\src\kubernetes_auth.rs:973:13
    |
973 |         let mut auth = KubernetesAuth::new();
    |             ----^^^^
    |             |
    |             help: remove this `mut`

warning: variable does not need to be mutable
   --> crates\fortress-core\src\secure_audit.rs:788:13
    |
788 |         let mut logger = SecureAuditLogger::new();
    |             ----^^^^^^
    |             |
    |             help: remove this `mut`

warning: variable does not need to be mutable
   --> crates\fortress-core\src\secure_audit.rs:865:13
    |
865 |         let mut logger = SecureAuditLogger::new();
    |             ----^^^^^^
    |             |
    |             help: remove this `mut`

warning: unused variable: `session_id2`
    --> crates\fortress-core\src\auth.rs:2159:13
     |
2159 |         let session_id2 = session_manager.create_session(
     |             ^^^^^^^^^^^ help: if this is intentional, prefix it with an underscore: `_session_id2`

warning: unused variable: `middleware`
   --> crates\fortress-core\src\security_headers.rs:927:13
    |
927 |         let middleware = SecurityHeadersMiddleware::new();
    |             ^^^^^^^^^^ help: if this is intentional, prefix it with an underscore: `_middleware`

warning: unused variable: `request`
   --> crates\fortress-core\src\security_headers.rs:928:13
    |
928 |         let request = Request::builder()
    |             ^^^^^^^ help: if this is intentional, prefix it with an underscore: `_request`

warning: variable does not need to be mutable
   --> crates\fortress-core\src\security\memory_safety.rs:630:13
    |
630 |         let mut s = String::from("sensitive data");
    |             ----^
    |             |
    |             help: remove this `mut`

warning: unused variable: `credential`
   --> crates\fortress-core\src\security\zero_knowledge.rs:823:13
    |
823 |         let credential = auth.register_user(user_id.clone(), 30).unwrap();
    |             ^^^^^^^^^^ help: if this is intentional, prefix it with an underscore: `_credential`

warning: unused variable: `original_ptr`
   --> crates\fortress-core\src\security\memory_safety_tests.rs:373:13
    |
373 |         let original_ptr = s.as_ptr();
    |             ^^^^^^^^^^^^ help: if this is intentional, prefix it with an underscore: `_original_ptr`

warning: variable does not need to be mutable
   --> crates\fortress-core\src\security\memory_safety_tests.rs:372:13
    |
372 |         let mut s = String::from("sensitive_data_12345");
    |             ----^
    |             |
    |             help: remove this `mut`

warning: unused variable: `pool`
   --> crates\fortress-core\src\security\memory_safety_tests.rs:603:13
    |
603 |         let pool = &global_pool.get_all_stats()[0];
    |             ^^^^ help: if this is intentional, prefix it with an underscore: `_pool`

warning: unused variable: `temp_buffer`
   --> crates\fortress-core\src\security\memory_safety_tests.rs:604:13
    |
604 |         let temp_buffer = vec![0u8; 1024];
    |             ^^^^^^^^^^^ help: if this is intentional, prefix it with an underscore: `_temp_buffer`

warning: unused variable: `i`
   --> crates\fortress-core\src\security\memory_safety_tests.rs:624:13
    |
624 |         for i in 0..10 {
    |             ^ help: if this is intentional, prefix it with an underscore: `_i`

warning: unused variable: `prev_version`
   --> crates\fortress-core\src\auth_plugin_integration.rs:849:13
    |
849 |         let prev_version = service.get_previous_version("test_plugin").await;
    |             ^^^^^^^^^^^^ help: if this is intentional, prefix it with an underscore: `_prev_version`

warning: unused variable: `result`
   --> crates\fortress-core\src\auth_plugin_integration.rs:934:13
    |
934 |         let result = service.test_authentication("jwt", invalid_credentials).await;
    |             ^^^^^^ help: if this is intentional, prefix it with an underscore: `_result`

warning: unused variable: `cors`
    --> crates\fortress-core\src\auth_api.rs:1299:13
     |
1299 |         let cors = create_cors_config(&config);
     |             ^^^^ help: if this is intentional, prefix it with an underscore: `_cors`

warning: unused variable: `seal_manager`
   --> crates\fortress-core\src\seal.rs:537:13
    |
537 |         let seal_manager = SealManager::new();
    |             ^^^^^^^^^^^^ help: if this is intentional, prefix it with an underscore: `_seal_manager`

warning: unused variable: `i`
   --> crates\fortress-core\src\token\manager.rs:965:13
    |
965 |         for i in 0..3 {
    |             ^ help: if this is intentional, prefix it with an underscore: `_i`

warning: variable does not need to be mutable
    --> crates\fortress-core\src\token\manager.rs:1065:13
     |
1065 |         let mut request = CreateTokenRequest {
     |             ----^^^^^^^
     |             |
     |             help: remove this `mut`

warning: variable does not need to be mutable
   --> crates\fortress-core\src\policy_hcl\parser.rs:618:13
    |
618 |         let mut parser = HclPolicyParser::new();
    |             ----^^^^^^
    |             |
    |             help: remove this `mut`

warning: variable does not need to be mutable
   --> crates\fortress-core\src\policy_hcl\parser.rs:629:13
    |
629 |         let mut parser = HclPolicyParser::new();
    |             ----^^^^^^
    |             |
    |             help: remove this `mut`

warning: variable does not need to be mutable
   --> crates\fortress-core\src\policy_hcl\parser.rs:683:13
    |
683 |         let mut parser = HclPolicyParser::new();
    |             ----^^^^^^
    |             |
    |             help: remove this `mut`

warning: variable does not need to be mutable
   --> crates\fortress-core\src\policy_hcl\parser.rs:704:13
    |
704 |         let mut parser = HclPolicyParser::new();
    |             ----^^^^^^
    |             |
    |             help: remove this `mut`

warning: unused variable: `policies`
   --> crates\fortress-core\src\policy_hcl\evaluator.rs:823:13
    |
823 |         let policies: std::collections::HashMap<String, ParsedPolicy> = HashMap::new();
    |             ^^^^^^^^ help: if this is intentional, prefix it with an underscore: `_policies`

warning: variable does not need to be mutable
   --> crates\fortress-core\src\policy_hcl\types.rs:603:13
    |
603 |         let mut policy = ParsedPolicy::new("test-policy".to_string(), "secret/*".to_string());
    |             ----^^^^^^
    |             |
    |             help: remove this `mut`

Some errors have detailed explanations: E0061, E0063, E0107, E0277, E0308, E0369, E0412, E0423, E0425...
For more information about an error, try `rustc --explain E0061`.
warning: `fortress-core` (lib test) generated 96 warnings (3 duplicates)
error: could not compile `fortress-core` (lib test) due to 288 previous errors; 96 warnings emitted
